Archive member included because of file (symbol)

D:\Arduino\ide\portable\packages\arduino\hardware\sam\1.6.11\variants\arduino_due_x/libsam_sam3x8e_gcc_rel.a(pio.o)
                              C:\Users\MX\AppData\Local\Temp\VMBuilds\NV10_dashboard\arduino_due_x_dbg\Release\SPI\SPI.cpp.o (PIO_Configure)
D:\Arduino\ide\portable\packages\arduino\hardware\sam\1.6.11\variants\arduino_due_x/libsam_sam3x8e_gcc_rel.a(pmc.o)
                              C:\Users\MX\AppData\Local\Temp\VMBCore\arduino16x\6c87fd5e81d2326508468050926cf54f\variant\variant.cpp.o (pmc_enable_periph_clk)
D:\Arduino\ide\portable\packages\arduino\hardware\sam\1.6.11\variants\arduino_due_x/libsam_sam3x8e_gcc_rel.a(spi.o)
                              C:\Users\MX\AppData\Local\Temp\VMBuilds\NV10_dashboard\arduino_due_x_dbg\Release\SPI\SPI.cpp.o (SPI_Enable)
D:\Arduino\ide\portable\packages\arduino\hardware\sam\1.6.11\variants\arduino_due_x/libsam_sam3x8e_gcc_rel.a(system_sam3xa.o)
                              C:\Users\MX\AppData\Local\Temp\VMBCore\arduino16x\6c87fd5e81d2326508468050926cf54f\variant\variant.cpp.o (SystemInit)
D:\Arduino\ide\portable\packages\arduino\hardware\sam\1.6.11\variants\arduino_due_x/libsam_sam3x8e_gcc_rel.a(startup_sam3xa.o)
                              (Reset_Handler)
D:\Arduino\ide\portable\packages\arduino\hardware\sam\1.6.11\variants\arduino_due_x/libsam_sam3x8e_gcc_rel.a(adc.o)
                              C:\Users\MX\AppData\Local\Temp\VMBCore\arduino16x\6c87fd5e81d2326508468050926cf54f\variant\variant.cpp.o (adc_init)
D:\Arduino\ide\portable\packages\arduino\hardware\sam\1.6.11\variants\arduino_due_x/libsam_sam3x8e_gcc_rel.a(uotghs.o)
                              D:\Arduino\ide\portable\packages\arduino\hardware\sam\1.6.11\variants\arduino_due_x/libsam_sam3x8e_gcc_rel.a(startup_sam3xa.o) (UOTGHS_Handler)
C:\Users\MX\AppData\Local\Temp\VMBuilds\NV10_dashboard\arduino_due_x_dbg\Release/core.a(cortex_handlers.c.o)
                              D:\Arduino\ide\portable\packages\arduino\hardware\sam\1.6.11\variants\arduino_due_x/libsam_sam3x8e_gcc_rel.a(startup_sam3xa.o) (NMI_Handler)
C:\Users\MX\AppData\Local\Temp\VMBuilds\NV10_dashboard\arduino_due_x_dbg\Release/core.a(syscalls_sam3.c.o)
                              (_sbrk)
C:\Users\MX\AppData\Local\Temp\VMBuilds\NV10_dashboard\arduino_due_x_dbg\Release/core.a(wiring.c.o)
                              C:\Users\MX\AppData\Local\Temp\VMBuilds\NV10_dashboard\arduino_due_x_dbg\Release\NV10_dashboard.cpp.o (delay)
C:\Users\MX\AppData\Local\Temp\VMBuilds\NV10_dashboard\arduino_due_x_dbg\Release/core.a(wiring_analog.c.o)
                              C:\Users\MX\AppData\Local\Temp\VMBCore\arduino16x\6c87fd5e81d2326508468050926cf54f\variant\variant.cpp.o (analogOutputInit)
C:\Users\MX\AppData\Local\Temp\VMBuilds\NV10_dashboard\arduino_due_x_dbg\Release/core.a(wiring_digital.c.o)
                              C:\Users\MX\AppData\Local\Temp\VMBuilds\NV10_dashboard\arduino_due_x_dbg\Release\NV10_dashboard.cpp.o (pinMode)
C:\Users\MX\AppData\Local\Temp\VMBuilds\NV10_dashboard\arduino_due_x_dbg\Release/core.a(abi.cpp.o)
                              C:\Users\MX\AppData\Local\Temp\VMBuilds\NV10_dashboard\arduino_due_x_dbg\Release\DisplayBar.cpp.o (__cxa_pure_virtual)
C:\Users\MX\AppData\Local\Temp\VMBuilds\NV10_dashboard\arduino_due_x_dbg\Release/core.a(main.cpp.o)
                              d:/arduino/ide/portable/packages/arduino/tools/arm-none-eabi-gcc/4.8.3-2014q1/bin/../lib/gcc/arm-none-eabi/4.8.3/../../../../arm-none-eabi/lib/armv7-m/crt0.o (main)
C:\Users\MX\AppData\Local\Temp\VMBuilds\NV10_dashboard\arduino_due_x_dbg\Release/core.a(Print.cpp.o)
                              C:\Users\MX\AppData\Local\Temp\VMBuilds\NV10_dashboard\arduino_due_x_dbg\Release\ILI9488\ILI9488.cpp.o (Print::write(unsigned char const*, unsigned int))
C:\Users\MX\AppData\Local\Temp\VMBuilds\NV10_dashboard\arduino_due_x_dbg\Release/core.a(Reset.cpp.o)
                              C:\Users\MX\AppData\Local\Temp\VMBuilds\NV10_dashboard\arduino_due_x_dbg\Release/core.a(cortex_handlers.c.o) (tickReset)
C:\Users\MX\AppData\Local\Temp\VMBuilds\NV10_dashboard\arduino_due_x_dbg\Release/core.a(RingBuffer.cpp.o)
                              C:\Users\MX\AppData\Local\Temp\VMBCore\arduino16x\6c87fd5e81d2326508468050926cf54f\variant\variant.cpp.o (RingBuffer::RingBuffer())
C:\Users\MX\AppData\Local\Temp\VMBuilds\NV10_dashboard\arduino_due_x_dbg\Release/core.a(UARTClass.cpp.o)
                              C:\Users\MX\AppData\Local\Temp\VMBuilds\NV10_dashboard\arduino_due_x_dbg\Release\FreeRTOS_ARM\basic_io_arm.cpp.o (UARTClass::available())
C:\Users\MX\AppData\Local\Temp\VMBuilds\NV10_dashboard\arduino_due_x_dbg\Release/core.a(USARTClass.cpp.o)
                              C:\Users\MX\AppData\Local\Temp\VMBCore\arduino16x\6c87fd5e81d2326508468050926cf54f\variant\variant.cpp.o (USARTClass::USARTClass(Usart*, IRQn, unsigned long, RingBuffer*, RingBuffer*))
[...]
Memory Configuration

Name             Origin             Length             Attributes
rom              0x00080000         0x00080000         xr
sram0            0x20000000         0x00010000         xrw
sram1            0x20080000         0x00008000         xrw
ram              0x20070000         0x00018000         xrw
*default*        0x00000000         0xffffffff

Linker script and memory map

LOAD d:/arduino/ide/portable/packages/arduino/tools/arm-none-eabi-gcc/4.8.3-2014q1/bin/../lib/gcc/arm-none-eabi/4.8.3/armv7-m/crti.o
LOAD d:/arduino/ide/portable/packages/arduino/tools/arm-none-eabi-gcc/4.8.3-2014q1/bin/../lib/gcc/arm-none-eabi/4.8.3/armv7-m/crtbegin.o
LOAD d:/arduino/ide/portable/packages/arduino/tools/arm-none-eabi-gcc/4.8.3-2014q1/bin/../lib/gcc/arm-none-eabi/4.8.3/../../../../arm-none-eabi/lib/armv7-m/crt0.o
START GROUP
LOAD C:\Users\MX\AppData\Local\Temp\VMBuilds\NV10_dashboard\arduino_due_x_dbg\Release\NV10_dashboard.cpp.o
LOAD C:\Users\MX\AppData\Local\Temp\VMBuilds\NV10_dashboard\arduino_due_x_dbg\Release\DisplayBar.cpp.o
LOAD C:\Users\MX\AppData\Local\Temp\VMBuilds\NV10_dashboard\arduino_due_x_dbg\Release\DisplayContainer.cpp.o
LOAD C:\Users\MX\AppData\Local\Temp\VMBuilds\NV10_dashboard\arduino_due_x_dbg\Release\DisplayElement.cpp.o
LOAD C:\Users\MX\AppData\Local\Temp\VMBuilds\NV10_dashboard\arduino_due_x_dbg\Release\DisplayGauge.cpp.o
LOAD C:\Users\MX\AppData\Local\Temp\VMBuilds\NV10_dashboard\arduino_due_x_dbg\Release\DisplayText.cpp.o
LOAD C:\Users\MX\AppData\Local\Temp\VMBuilds\NV10_dashboard\arduino_due_x_dbg\Release\FreeRTOS_ARM\FreeRTOS_ARM.c.o
LOAD C:\Users\MX\AppData\Local\Temp\VMBuilds\NV10_dashboard\arduino_due_x_dbg\Release\FreeRTOS_ARM\assertMsg.cpp.o
LOAD C:\Users\MX\AppData\Local\Temp\VMBuilds\NV10_dashboard\arduino_due_x_dbg\Release\FreeRTOS_ARM\basic_io_arm.cpp.o
LOAD C:\Users\MX\AppData\Local\Temp\VMBuilds\NV10_dashboard\arduino_due_x_dbg\Release\FreeRTOS_ARM\utility\croutine.c.o
LOAD C:\Users\MX\AppData\Local\Temp\VMBuilds\NV10_dashboard\arduino_due_x_dbg\Release\FreeRTOS_ARM\utility\event_groups.c.o
LOAD C:\Users\MX\AppData\Local\Temp\VMBuilds\NV10_dashboard\arduino_due_x_dbg\Release\FreeRTOS_ARM\utility\heap_3.c.o
LOAD C:\Users\MX\AppData\Local\Temp\VMBuilds\NV10_dashboard\arduino_due_x_dbg\Release\FreeRTOS_ARM\utility\list.c.o
LOAD C:\Users\MX\AppData\Local\Temp\VMBuilds\NV10_dashboard\arduino_due_x_dbg\Release\FreeRTOS_ARM\utility\port.c.o
LOAD C:\Users\MX\AppData\Local\Temp\VMBuilds\NV10_dashboard\arduino_due_x_dbg\Release\FreeRTOS_ARM\utility\queue.c.o
LOAD C:\Users\MX\AppData\Local\Temp\VMBuilds\NV10_dashboard\arduino_due_x_dbg\Release\FreeRTOS_ARM\utility\tasks.c.o
LOAD C:\Users\MX\AppData\Local\Temp\VMBuilds\NV10_dashboard\arduino_due_x_dbg\Release\FreeRTOS_ARM\utility\timers.c.o
LOAD C:\Users\MX\AppData\Local\Temp\VMBuilds\NV10_dashboard\arduino_due_x_dbg\Release\ILI9488\ILI9488.cpp.o
LOAD C:\Users\MX\AppData\Local\Temp\VMBuilds\NV10_dashboard\arduino_due_x_dbg\Release\Adafruit_GFX_Library\glcdfont.c.o
LOAD C:\Users\MX\AppData\Local\Temp\VMBuilds\NV10_dashboard\arduino_due_x_dbg\Release\Adafruit_GFX_Library\Adafruit_GFX.cpp.o
LOAD C:\Users\MX\AppData\Local\Temp\VMBuilds\NV10_dashboard\arduino_due_x_dbg\Release\Adafruit_GFX_Library\Adafruit_SPITFT.cpp.o
LOAD C:\Users\MX\AppData\Local\Temp\VMBuilds\NV10_dashboard\arduino_due_x_dbg\Release\SPI\SPI.cpp.o
LOAD C:\Users\MX\AppData\Local\Temp\VMBCore\arduino16x\6c87fd5e81d2326508468050926cf54f\variant\variant.cpp.o
LOAD D:\Arduino\ide\portable\packages\arduino\hardware\sam\1.6.11\variants\arduino_due_x/libsam_sam3x8e_gcc_rel.a
LOAD C:\Users\MX\AppData\Local\Temp\VMBuilds\NV10_dashboard\arduino_due_x_dbg\Release/core.a
END GROUP
LOAD d:/arduino/ide/portable/packages/arduino/tools/arm-none-eabi-gcc/4.8.3-2014q1/bin/../lib/gcc/arm-none-eabi/4.8.3/../../../../arm-none-eabi/lib/armv7-m\libm.a
START GROUP
LOAD d:/arduino/ide/portable/packages/arduino/tools/arm-none-eabi-gcc/4.8.3-2014q1/bin/../lib/gcc/arm-none-eabi/4.8.3/armv7-m\libgcc.a
LOAD d:/arduino/ide/portable/packages/arduino/tools/arm-none-eabi-gcc/4.8.3-2014q1/bin/../lib/gcc/arm-none-eabi/4.8.3/../../../../arm-none-eabi/lib/armv7-m\libg.a
LOAD d:/arduino/ide/portable/packages/arduino/tools/arm-none-eabi-gcc/4.8.3-2014q1/bin/../lib/gcc/arm-none-eabi/4.8.3/../../../../arm-none-eabi/lib/armv7-m\libc.a
END GROUP
LOAD d:/arduino/ide/portable/packages/arduino/tools/arm-none-eabi-gcc/4.8.3-2014q1/bin/../lib/gcc/arm-none-eabi/4.8.3/armv7-m/crtend.o
LOAD d:/arduino/ide/portable/packages/arduino/tools/arm-none-eabi-gcc/4.8.3-2014q1/bin/../lib/gcc/arm-none-eabi/4.8.3/armv7-m/crtn.o

.text           0x00080000     0x89f8
                0x00080000                . = ALIGN (0x4)
                0x00080000                _sfixed = .
 *(.vectors .vectors.*)
 .vectors       0x00080000       0xf4 D:\Arduino\ide\portable\packages\arduino\hardware\sam\1.6.11\variants\arduino_due_x/libsam_sam3x8e_gcc_rel.a(startup_sam3xa.o)
                0x00080000                exception_table
 *(.text .text.* .gnu.linkonce.t.*)
 .text          0x000800f4       0x54 d:/arduino/ide/portable/packages/arduino/tools/arm-none-eabi-gcc/4.8.3-2014q1/bin/../lib/gcc/arm-none-eabi/4.8.3/armv7-m/crtbegin.o
 .text.loop     0x00080148        0x2 C:\Users\MX\AppData\Local\Temp\VMBuilds\NV10_dashboard\arduino_due_x_dbg\Release\NV10_dashboard.cpp.o
                0x00080148                loop
 *fill*         0x0008014a        0x2 
 .text.setup    0x0008014c       0x54 C:\Users\MX\AppData\Local\Temp\VMBuilds\NV10_dashboard\arduino_due_x_dbg\Release\NV10_dashboard.cpp.o
                0x0008014c                setup
 .text._Z17TaskRefreshScreenPv
                0x000801a0      0x158 C:\Users\MX\AppData\Local\Temp\VMBuilds\NV10_dashboard\arduino_due_x_dbg\Release\NV10_dashboard.cpp.o
                0x000801a0                TaskRefreshScreen(void*)
 .text._ZN14DisplayElement9setMarginEh
                0x000802f8        0xc C:\Users\MX\AppData\Local\Temp\VMBuilds\NV10_dashboard\arduino_due_x_dbg\Release\DisplayElement.cpp.o
                0x000802f8                DisplayElement::setMargin(unsigned char)
 .text._ZN14DisplayElementC2EP7ILI9488tttt
                0x00080304       0x90 C:\Users\MX\AppData\Local\Temp\VMBuilds\NV10_dashboard\arduino_due_x_dbg\Release\DisplayElement.cpp.o
                0x00080304                DisplayElement::DisplayElement(ILI9488*, unsigned short, unsigned short, unsigned short, unsigned short)
                0x00080304                DisplayElement::DisplayElement(ILI9488*, unsigned short, unsigned short, unsigned short, unsigned short)
 .text._ZN14DisplayElement10drawBorderEht
                0x00080394       0x9c C:\Users\MX\AppData\Local\Temp\VMBuilds\NV10_dashboard\arduino_due_x_dbg\Release\DisplayElement.cpp.o
                0x00080394                DisplayElement::drawBorder(unsigned char, unsigned short)
 .text._ZN14DisplayElement4wipeEv
                0x00080430       0x26 C:\Users\MX\AppData\Local\Temp\VMBuilds\NV10_dashboard\arduino_due_x_dbg\Release\DisplayElement.cpp.o
                0x00080430                DisplayElement::wipe()
 .text._ZN14DisplayElement9setColorsEtt
                0x00080456       0x2c C:\Users\MX\AppData\Local\Temp\VMBuilds\NV10_dashboard\arduino_due_x_dbg\Release\DisplayElement.cpp.o
                0x00080456                DisplayElement::setColors(unsigned short, unsigned short)
 .text._ZN11DisplayText4drawEv
                0x00080482       0x32 C:\Users\MX\AppData\Local\Temp\VMBuilds\NV10_dashboard\arduino_due_x_dbg\Release\DisplayText.cpp.o
                0x00080482                DisplayText::draw()
 .text._ZN11DisplayText6updateEPc
                0x000804b4       0x14 C:\Users\MX\AppData\Local\Temp\VMBuilds\NV10_dashboard\arduino_due_x_dbg\Release\DisplayText.cpp.o
                0x000804b4                DisplayText::update(char*)
 .text._ZN11DisplayText15refreshSettingsEv
                0x000804c8       0xd8 C:\Users\MX\AppData\Local\Temp\VMBuilds\NV10_dashboard\arduino_due_x_dbg\Release\DisplayText.cpp.o
                0x000804c8                DisplayText::refreshSettings()
 .text._ZN11DisplayTextC2EP7ILI9488tttt
                0x000805a0       0x48 C:\Users\MX\AppData\Local\Temp\VMBuilds\NV10_dashboard\arduino_due_x_dbg\Release\DisplayText.cpp.o
                0x000805a0                DisplayText::DisplayText(ILI9488*, unsigned short, unsigned short, unsigned short, unsigned short)
                0x000805a0                DisplayText::DisplayText(ILI9488*, unsigned short, unsigned short, unsigned short, unsigned short)
 .text._ZN11DisplayText13setTextLengthEh
                0x000805e8        0xe C:\Users\MX\AppData\Local\Temp\VMBuilds\NV10_dashboard\arduino_due_x_dbg\Release\DisplayText.cpp.o
                0x000805e8                DisplayText::setTextLength(unsigned char)
 *fill*         0x000805f6        0x2 
 .text.errorBlink
                0x000805f8       0x48 C:\Users\MX\AppData\Local\Temp\VMBuilds\NV10_dashboard\arduino_due_x_dbg\Release\FreeRTOS_ARM\FreeRTOS_ARM.c.o
 .text.assertBlink
                0x00080640        0x8 C:\Users\MX\AppData\Local\Temp\VMBuilds\NV10_dashboard\arduino_due_x_dbg\Release\FreeRTOS_ARM\FreeRTOS_ARM.c.o
                0x00080640                assertBlink
 .text.vApplicationMallocFailedHook
                0x00080648        0x8 C:\Users\MX\AppData\Local\Temp\VMBuilds\NV10_dashboard\arduino_due_x_dbg\Release\FreeRTOS_ARM\FreeRTOS_ARM.c.o
                0x00080648                vApplicationMallocFailedHook
 .text.vApplicationIdleHook
                0x00080650        0x4 C:\Users\MX\AppData\Local\Temp\VMBuilds\NV10_dashboard\arduino_due_x_dbg\Release\FreeRTOS_ARM\FreeRTOS_ARM.c.o
                0x00080650                vApplicationIdleHook
 .text.vApplicationStackOverflowHook
                0x00080654        0x8 C:\Users\MX\AppData\Local\Temp\VMBuilds\NV10_dashboard\arduino_due_x_dbg\Release\FreeRTOS_ARM\FreeRTOS_ARM.c.o
                0x00080654                vApplicationStackOverflowHook
 .text.HardFault_Handler
                0x0008065c        0x8 C:\Users\MX\AppData\Local\Temp\VMBuilds\NV10_dashboard\arduino_due_x_dbg\Release\FreeRTOS_ARM\FreeRTOS_ARM.c.o
                0x0008065c                HardFault_Handler
 .text.BusFault_Handler
                0x00080664        0x8 C:\Users\MX\AppData\Local\Temp\VMBuilds\NV10_dashboard\arduino_due_x_dbg\Release\FreeRTOS_ARM\FreeRTOS_ARM.c.o
                0x00080664                BusFault_Handler
 .text.UsageFault_Handler
                0x0008066c        0x8 C:\Users\MX\AppData\Local\Temp\VMBuilds\NV10_dashboard\arduino_due_x_dbg\Release\FreeRTOS_ARM\FreeRTOS_ARM.c.o
                0x0008066c                UsageFault_Handler
 .text.vApplicationTickHook
                0x00080674        0x2 C:\Users\MX\AppData\Local\Temp\VMBuilds\NV10_dashboard\arduino_due_x_dbg\Release\FreeRTOS_ARM\FreeRTOS_ARM.c.o
                0x00080674                vApplicationTickHook
 .text.pvPortMalloc
                0x00080676       0x1e C:\Users\MX\AppData\Local\Temp\VMBuilds\NV10_dashboard\arduino_due_x_dbg\Release\FreeRTOS_ARM\utility\heap_3.c.o
                0x00080676                pvPortMalloc
 .text.vPortFree
                0x00080694       0x1a C:\Users\MX\AppData\Local\Temp\VMBuilds\NV10_dashboard\arduino_due_x_dbg\Release\FreeRTOS_ARM\utility\heap_3.c.o
                0x00080694                vPortFree
 .text.vListInitialise
                0x000806ae       0x16 C:\Users\MX\AppData\Local\Temp\VMBuilds\NV10_dashboard\arduino_due_x_dbg\Release\FreeRTOS_ARM\utility\list.c.o
                0x000806ae                vListInitialise
 .text.vListInitialiseItem
                0x000806c4        0x6 C:\Users\MX\AppData\Local\Temp\VMBuilds\NV10_dashboard\arduino_due_x_dbg\Release\FreeRTOS_ARM\utility\list.c.o
                0x000806c4                vListInitialiseItem
 .text.vListInsertEnd
                0x000806ca       0x18 C:\Users\MX\AppData\Local\Temp\VMBuilds\NV10_dashboard\arduino_due_x_dbg\Release\FreeRTOS_ARM\utility\list.c.o
                0x000806ca                vListInsertEnd
 .text.vListInsert
                0x000806e2       0x30 C:\Users\MX\AppData\Local\Temp\VMBuilds\NV10_dashboard\arduino_due_x_dbg\Release\FreeRTOS_ARM\utility\list.c.o
                0x000806e2                vListInsert
 .text.uxListRemove
                0x00080712       0x20 C:\Users\MX\AppData\Local\Temp\VMBuilds\NV10_dashboard\arduino_due_x_dbg\Release\FreeRTOS_ARM\utility\list.c.o
                0x00080712                uxListRemove
 *fill*         0x00080732        0x2 
 .text.prvPortStartFirstTask
                0x00080734       0x20 C:\Users\MX\AppData\Local\Temp\VMBuilds\NV10_dashboard\arduino_due_x_dbg\Release\FreeRTOS_ARM\utility\port.c.o
 .text.pxPortInitialiseStack
                0x00080754       0x1c C:\Users\MX\AppData\Local\Temp\VMBuilds\NV10_dashboard\arduino_due_x_dbg\Release\FreeRTOS_ARM\utility\port.c.o
                0x00080754                pxPortInitialiseStack
 .text.svcHook  0x00080770       0x28 C:\Users\MX\AppData\Local\Temp\VMBuilds\NV10_dashboard\arduino_due_x_dbg\Release\FreeRTOS_ARM\utility\port.c.o
                0x00080770                svcHook
 .text.vPortYield
                0x00080798       0x18 C:\Users\MX\AppData\Local\Temp\VMBuilds\NV10_dashboard\arduino_due_x_dbg\Release\FreeRTOS_ARM\utility\port.c.o
                0x00080798                vPortYield
 .text.ulPortSetInterruptMask
                0x000807b0       0x10 C:\Users\MX\AppData\Local\Temp\VMBuilds\NV10_dashboard\arduino_due_x_dbg\Release\FreeRTOS_ARM\utility\port.c.o
                0x000807b0                ulPortSetInterruptMask
 .text.prvTaskExitError
                0x000807c0       0x18 C:\Users\MX\AppData\Local\Temp\VMBuilds\NV10_dashboard\arduino_due_x_dbg\Release\FreeRTOS_ARM\utility\port.c.o
 .text.vPortEnterCritical
                0x000807d8       0x38 C:\Users\MX\AppData\Local\Temp\VMBuilds\NV10_dashboard\arduino_due_x_dbg\Release\FreeRTOS_ARM\utility\port.c.o
                0x000807d8                vPortEnterCritical
 .text.vPortClearInterruptMask
                0x00080810        0x6 C:\Users\MX\AppData\Local\Temp\VMBuilds\NV10_dashboard\arduino_due_x_dbg\Release\FreeRTOS_ARM\utility\port.c.o
                0x00080810                vPortClearInterruptMask
 *fill*         0x00080816        0x2 
 .text.vPortExitCritical
                0x00080818       0x24 C:\Users\MX\AppData\Local\Temp\VMBuilds\NV10_dashboard\arduino_due_x_dbg\Release\FreeRTOS_ARM\utility\port.c.o
                0x00080818                vPortExitCritical
 .text.pendSVHook
                0x0008083c       0x48 C:\Users\MX\AppData\Local\Temp\VMBuilds\NV10_dashboard\arduino_due_x_dbg\Release\FreeRTOS_ARM\utility\port.c.o
                0x0008083c                pendSVHook
 .text.xPortSysTickHandler
                0x00080884       0x24 C:\Users\MX\AppData\Local\Temp\VMBuilds\NV10_dashboard\arduino_due_x_dbg\Release\FreeRTOS_ARM\utility\port.c.o
                0x00080884                xPortSysTickHandler
 .text.sysTickHook
                0x000808a8       0x14 C:\Users\MX\AppData\Local\Temp\VMBuilds\NV10_dashboard\arduino_due_x_dbg\Release\FreeRTOS_ARM\utility\port.c.o
                0x000808a8                sysTickHook
 .text.vPortSetupTimerInterrupt
                0x000808bc        0xc C:\Users\MX\AppData\Local\Temp\VMBuilds\NV10_dashboard\arduino_due_x_dbg\Release\FreeRTOS_ARM\utility\port.c.o
                0x000808bc                vPortSetupTimerInterrupt
 .text.xPortStartScheduler
                0x000808c8       0x8c C:\Users\MX\AppData\Local\Temp\VMBuilds\NV10_dashboard\arduino_due_x_dbg\Release\FreeRTOS_ARM\utility\port.c.o
                0x000808c8                xPortStartScheduler
 .text.vPortValidateInterruptPriority
                0x00080954        0x2 C:\Users\MX\AppData\Local\Temp\VMBuilds\NV10_dashboard\arduino_due_x_dbg\Release\FreeRTOS_ARM\utility\port.c.o
                0x00080954                vPortValidateInterruptPriority
 .text.prvCopyDataToQueue
                0x00080956       0x6a C:\Users\MX\AppData\Local\Temp\VMBuilds\NV10_dashboard\arduino_due_x_dbg\Release\FreeRTOS_ARM\utility\queue.c.o
 .text.prvNotifyQueueSetContainer
                0x000809c0       0x58 C:\Users\MX\AppData\Local\Temp\VMBuilds\NV10_dashboard\arduino_due_x_dbg\Release\FreeRTOS_ARM\utility\queue.c.o
 .text.prvCopyDataFromQueue
                0x00080a18       0x26 C:\Users\MX\AppData\Local\Temp\VMBuilds\NV10_dashboard\arduino_due_x_dbg\Release\FreeRTOS_ARM\utility\queue.c.o
 .text.prvUnlockQueue
                0x00080a3e       0x78 C:\Users\MX\AppData\Local\Temp\VMBuilds\NV10_dashboard\arduino_due_x_dbg\Release\FreeRTOS_ARM\utility\queue.c.o
 .text.xQueueGenericReset
                0x00080ab6       0x60 C:\Users\MX\AppData\Local\Temp\VMBuilds\NV10_dashboard\arduino_due_x_dbg\Release\FreeRTOS_ARM\utility\queue.c.o
                0x00080ab6                xQueueGenericReset
 .text.xQueueGenericCreate
                0x00080b16       0x48 C:\Users\MX\AppData\Local\Temp\VMBuilds\NV10_dashboard\arduino_due_x_dbg\Release\FreeRTOS_ARM\utility\queue.c.o
                0x00080b16                xQueueGenericCreate
 .text.xQueueGenericSend
                0x00080b5e      0x126 C:\Users\MX\AppData\Local\Temp\VMBuilds\NV10_dashboard\arduino_due_x_dbg\Release\FreeRTOS_ARM\utility\queue.c.o
                0x00080b5e                xQueueGenericSend
 .text.xQueueGenericSendFromISR
                0x00080c84       0x9c C:\Users\MX\AppData\Local\Temp\VMBuilds\NV10_dashboard\arduino_due_x_dbg\Release\FreeRTOS_ARM\utility\queue.c.o
                0x00080c84                xQueueGenericSendFromISR
 .text.xQueueGenericReceive
                0x00080d20      0x12a C:\Users\MX\AppData\Local\Temp\VMBuilds\NV10_dashboard\arduino_due_x_dbg\Release\FreeRTOS_ARM\utility\queue.c.o
                0x00080d20                xQueueGenericReceive
 .text.vQueueWaitForMessageRestricted
                0x00080e4a       0x3e C:\Users\MX\AppData\Local\Temp\VMBuilds\NV10_dashboard\arduino_due_x_dbg\Release\FreeRTOS_ARM\utility\queue.c.o
                0x00080e4a                vQueueWaitForMessageRestricted
 .text.prvResetNextTaskUnblockTime
                0x00080e88       0x24 C:\Users\MX\AppData\Local\Temp\VMBuilds\NV10_dashboard\arduino_due_x_dbg\Release\FreeRTOS_ARM\utility\tasks.c.o
 .text.prvAddCurrentTaskToDelayedList
                0x00080eac       0x50 C:\Users\MX\AppData\Local\Temp\VMBuilds\NV10_dashboard\arduino_due_x_dbg\Release\FreeRTOS_ARM\utility\tasks.c.o
 .text.xTaskGenericCreate
                0x00080efc      0x1b0 C:\Users\MX\AppData\Local\Temp\VMBuilds\NV10_dashboard\arduino_due_x_dbg\Release\FreeRTOS_ARM\utility\tasks.c.o
                0x00080efc                xTaskGenericCreate
 .text.vTaskStartScheduler
                0x000810ac       0x74 C:\Users\MX\AppData\Local\Temp\VMBuilds\NV10_dashboard\arduino_due_x_dbg\Release\FreeRTOS_ARM\utility\tasks.c.o
                0x000810ac                vTaskStartScheduler
 .text.vTaskSuspendAll
                0x00081120       0x10 C:\Users\MX\AppData\Local\Temp\VMBuilds\NV10_dashboard\arduino_due_x_dbg\Release\FreeRTOS_ARM\utility\tasks.c.o
                0x00081120                vTaskSuspendAll
 .text.xTaskGetTickCount
                0x00081130        0xc C:\Users\MX\AppData\Local\Temp\VMBuilds\NV10_dashboard\arduino_due_x_dbg\Release\FreeRTOS_ARM\utility\tasks.c.o
                0x00081130                xTaskGetTickCount
 .text.xTaskIncrementTick
                0x0008113c      0x114 C:\Users\MX\AppData\Local\Temp\VMBuilds\NV10_dashboard\arduino_due_x_dbg\Release\FreeRTOS_ARM\utility\tasks.c.o
                0x0008113c                xTaskIncrementTick
 .text.xTaskResumeAll
                0x00081250       0xc8 C:\Users\MX\AppData\Local\Temp\VMBuilds\NV10_dashboard\arduino_due_x_dbg\Release\FreeRTOS_ARM\utility\tasks.c.o
                0x00081250                xTaskResumeAll
 .text.vTaskDelay
                0x00081318       0x64 C:\Users\MX\AppData\Local\Temp\VMBuilds\NV10_dashboard\arduino_due_x_dbg\Release\FreeRTOS_ARM\utility\tasks.c.o
                0x00081318                vTaskDelay
 .text.prvIdleTask
                0x0008137c       0x68 C:\Users\MX\AppData\Local\Temp\VMBuilds\NV10_dashboard\arduino_due_x_dbg\Release\FreeRTOS_ARM\utility\tasks.c.o
 .text.vTaskSwitchContext
                0x000813e4       0x98 C:\Users\MX\AppData\Local\Temp\VMBuilds\NV10_dashboard\arduino_due_x_dbg\Release\FreeRTOS_ARM\utility\tasks.c.o
                0x000813e4                vTaskSwitchContext
 .text.vTaskPlaceOnEventList
                0x0008147c       0x68 C:\Users\MX\AppData\Local\Temp\VMBuilds\NV10_dashboard\arduino_due_x_dbg\Release\FreeRTOS_ARM\utility\tasks.c.o
                0x0008147c                vTaskPlaceOnEventList
 .text.vTaskPlaceOnEventListRestricted
                0x000814e4       0x68 C:\Users\MX\AppData\Local\Temp\VMBuilds\NV10_dashboard\arduino_due_x_dbg\Release\FreeRTOS_ARM\utility\tasks.c.o
                0x000814e4                vTaskPlaceOnEventListRestricted
 .text.xTaskRemoveFromEventList
                0x0008154c       0x74 C:\Users\MX\AppData\Local\Temp\VMBuilds\NV10_dashboard\arduino_due_x_dbg\Release\FreeRTOS_ARM\utility\tasks.c.o
                0x0008154c                xTaskRemoveFromEventList
 .text.vTaskSetTimeOutState
                0x000815c0       0x20 C:\Users\MX\AppData\Local\Temp\VMBuilds\NV10_dashboard\arduino_due_x_dbg\Release\FreeRTOS_ARM\utility\tasks.c.o
                0x000815c0                vTaskSetTimeOutState
 .text.xTaskCheckForTimeOut
                0x000815e0       0x58 C:\Users\MX\AppData\Local\Temp\VMBuilds\NV10_dashboard\arduino_due_x_dbg\Release\FreeRTOS_ARM\utility\tasks.c.o
                0x000815e0                xTaskCheckForTimeOut
 .text.vTaskMissedYield
                0x00081638        0xc C:\Users\MX\AppData\Local\Temp\VMBuilds\NV10_dashboard\arduino_due_x_dbg\Release\FreeRTOS_ARM\utility\tasks.c.o
                0x00081638                vTaskMissedYield
 .text.xTaskGetSchedulerState
                0x00081644       0x20 C:\Users\MX\AppData\Local\Temp\VMBuilds\NV10_dashboard\arduino_due_x_dbg\Release\FreeRTOS_ARM\utility\tasks.c.o
                0x00081644                xTaskGetSchedulerState
 .text.vTaskPriorityInherit
                0x00081664       0x94 C:\Users\MX\AppData\Local\Temp\VMBuilds\NV10_dashboard\arduino_due_x_dbg\Release\FreeRTOS_ARM\utility\tasks.c.o
                0x00081664                vTaskPriorityInherit
 .text.xTaskPriorityDisinherit
                0x000816f8       0x88 C:\Users\MX\AppData\Local\Temp\VMBuilds\NV10_dashboard\arduino_due_x_dbg\Release\FreeRTOS_ARM\utility\tasks.c.o
                0x000816f8                xTaskPriorityDisinherit
 .text.pvTaskIncrementMutexHeldCount
                0x00081780       0x18 C:\Users\MX\AppData\Local\Temp\VMBuilds\NV10_dashboard\arduino_due_x_dbg\Release\FreeRTOS_ARM\utility\tasks.c.o
                0x00081780                pvTaskIncrementMutexHeldCount
 .text.prvCheckForValidListAndQueue
                0x00081798       0x54 C:\Users\MX\AppData\Local\Temp\VMBuilds\NV10_dashboard\arduino_due_x_dbg\Release\FreeRTOS_ARM\utility\timers.c.o
 .text.prvInsertTimerInActiveList
                0x000817ec       0x3c C:\Users\MX\AppData\Local\Temp\VMBuilds\NV10_dashboard\arduino_due_x_dbg\Release\FreeRTOS_ARM\utility\timers.c.o
 .text.xTimerCreateTimerTask
                0x00081828       0x40 C:\Users\MX\AppData\Local\Temp\VMBuilds\NV10_dashboard\arduino_due_x_dbg\Release\FreeRTOS_ARM\utility\timers.c.o
                0x00081828                xTimerCreateTimerTask
 .text.xTimerGenericCommand
                0x00081868       0x54 C:\Users\MX\AppData\Local\Temp\VMBuilds\NV10_dashboard\arduino_due_x_dbg\Release\FreeRTOS_ARM\utility\timers.c.o
                0x00081868                xTimerGenericCommand
 .text.prvSwitchTimerLists
                0x000818bc       0x68 C:\Users\MX\AppData\Local\Temp\VMBuilds\NV10_dashboard\arduino_due_x_dbg\Release\FreeRTOS_ARM\utility\timers.c.o
 .text.prvTimerTask
                0x00081924      0x194 C:\Users\MX\AppData\Local\Temp\VMBuilds\NV10_dashboard\arduino_due_x_dbg\Release\FreeRTOS_ARM\utility\timers.c.o
 .text._ZN7ILI948810fillScreenEt
                0x00081ab8       0x1c C:\Users\MX\AppData\Local\Temp\VMBuilds\NV10_dashboard\arduino_due_x_dbg\Release\ILI9488\ILI9488.cpp.o
                0x00081ab8                ILI9488::fillScreen(unsigned short)
 .text._ZN8SPIClass16beginTransactionE11SPISettings
                0x00081ad4       0x12 C:\Users\MX\AppData\Local\Temp\VMBuilds\NV10_dashboard\arduino_due_x_dbg\Release\ILI9488\ILI9488.cpp.o
                0x00081ad4                SPIClass::beginTransaction(SPISettings)
 *fill*         0x00081ae6        0x2 
 .text._ZN7ILI9488C2Eaaa
                0x00081ae8       0x34 C:\Users\MX\AppData\Local\Temp\VMBuilds\NV10_dashboard\arduino_due_x_dbg\Release\ILI9488\ILI9488.cpp.o
                0x00081ae8                ILI9488::ILI9488(signed char, signed char, signed char)
                0x00081ae8                ILI9488::ILI9488(signed char, signed char, signed char)
 .text._ZN7ILI94888spiwriteEh
                0x00081b1c       0x54 C:\Users\MX\AppData\Local\Temp\VMBuilds\NV10_dashboard\arduino_due_x_dbg\Release\ILI9488\ILI9488.cpp.o
                0x00081b1c                ILI9488::spiwrite(unsigned char)
 .text._ZN7ILI948812writecommandEh
                0x00081b70       0x2c C:\Users\MX\AppData\Local\Temp\VMBuilds\NV10_dashboard\arduino_due_x_dbg\Release\ILI9488\ILI9488.cpp.o
                0x00081b70                ILI9488::writecommand(unsigned char)
 .text._ZN7ILI948813invertDisplayEb
                0x00081b9c       0x50 C:\Users\MX\AppData\Local\Temp\VMBuilds\NV10_dashboard\arduino_due_x_dbg\Release\ILI9488\ILI9488.cpp.o
                0x00081b9c                ILI9488::invertDisplay(bool)
 .text._ZN7ILI94889writedataEh
                0x00081bec       0x2a C:\Users\MX\AppData\Local\Temp\VMBuilds\NV10_dashboard\arduino_due_x_dbg\Release\ILI9488\ILI9488.cpp.o
                0x00081bec                ILI9488::writedata(unsigned char)
 *fill*         0x00081c16        0x2 
 .text._ZN7ILI948811setRotationEh
                0x00081c18       0x8c C:\Users\MX\AppData\Local\Temp\VMBuilds\NV10_dashboard\arduino_due_x_dbg\Release\ILI9488\ILI9488.cpp.o
                0x00081c18                ILI9488::setRotation(unsigned char)
 .text._ZN7ILI94885beginEv
                0x00081ca4      0x340 C:\Users\MX\AppData\Local\Temp\VMBuilds\NV10_dashboard\arduino_due_x_dbg\Release\ILI9488\ILI9488.cpp.o
                0x00081ca4                ILI9488::begin()
 .text._ZN7ILI948813setAddrWindowEtttt
                0x00081fe4       0x6e C:\Users\MX\AppData\Local\Temp\VMBuilds\NV10_dashboard\arduino_due_x_dbg\Release\ILI9488\ILI9488.cpp.o
                0x00081fe4                ILI9488::setAddrWindow(unsigned short, unsigned short, unsigned short, unsigned short)
 .text._ZN7ILI948815write16BitColorEt
                0x00082052       0x46 C:\Users\MX\AppData\Local\Temp\VMBuilds\NV10_dashboard\arduino_due_x_dbg\Release\ILI9488\ILI9488.cpp.o
                0x00082052                ILI9488::write16BitColor(unsigned short)
 .text._ZN7ILI94889drawPixelEsst
                0x00082098       0xa0 C:\Users\MX\AppData\Local\Temp\VMBuilds\NV10_dashboard\arduino_due_x_dbg\Release\ILI9488\ILI9488.cpp.o
                0x00082098                ILI9488::drawPixel(short, short, unsigned short)
 .text._ZN7ILI948813drawFastVLineEssst
                0x00082138       0xb0 C:\Users\MX\AppData\Local\Temp\VMBuilds\NV10_dashboard\arduino_due_x_dbg\Release\ILI9488\ILI9488.cpp.o
                0x00082138                ILI9488::drawFastVLine(short, short, short, unsigned short)
 .text._ZN7ILI948813drawFastHLineEssst
                0x000821e8       0xb4 C:\Users\MX\AppData\Local\Temp\VMBuilds\NV10_dashboard\arduino_due_x_dbg\Release\ILI9488\ILI9488.cpp.o
                0x000821e8                ILI9488::drawFastHLine(short, short, short, unsigned short)
 .text._ZN7ILI94888fillRectEsssst
                0x0008229c       0xdc C:\Users\MX\AppData\Local\Temp\VMBuilds\NV10_dashboard\arduino_due_x_dbg\Release\ILI9488\ILI9488.cpp.o
                0x0008229c                ILI9488::fillRect(short, short, short, short, unsigned short)
 .text._ZN12Adafruit_GFX9writeLineEsssst
                0x00082378       0xc8 C:\Users\MX\AppData\Local\Temp\VMBuilds\NV10_dashboard\arduino_due_x_dbg\Release\Adafruit_GFX_Library\Adafruit_GFX.cpp.o
                0x00082378                Adafruit_GFX::writeLine(short, short, short, short, unsigned short)
 .text._ZN12Adafruit_GFX10startWriteEv
                0x00082440        0x2 C:\Users\MX\AppData\Local\Temp\VMBuilds\NV10_dashboard\arduino_due_x_dbg\Release\Adafruit_GFX_Library\Adafruit_GFX.cpp.o
                0x00082440                Adafruit_GFX::startWrite()
 .text._ZN12Adafruit_GFX10writePixelEsst
                0x00082442        0xa C:\Users\MX\AppData\Local\Temp\VMBuilds\NV10_dashboard\arduino_due_x_dbg\Release\Adafruit_GFX_Library\Adafruit_GFX.cpp.o
                0x00082442                Adafruit_GFX::writePixel(short, short, unsigned short)
 .text._ZN12Adafruit_GFX14writeFastVLineEssst
                0x0008244c       0x12 C:\Users\MX\AppData\Local\Temp\VMBuilds\NV10_dashboard\arduino_due_x_dbg\Release\Adafruit_GFX_Library\Adafruit_GFX.cpp.o
                0x0008244c                Adafruit_GFX::writeFastVLine(short, short, short, unsigned short)
 .text._ZN12Adafruit_GFX14writeFastHLineEssst
                0x0008245e       0x12 C:\Users\MX\AppData\Local\Temp\VMBuilds\NV10_dashboard\arduino_due_x_dbg\Release\Adafruit_GFX_Library\Adafruit_GFX.cpp.o
                0x0008245e                Adafruit_GFX::writeFastHLine(short, short, short, unsigned short)
 .text._ZN12Adafruit_GFX13writeFillRectEsssst
                0x00082470       0x18 C:\Users\MX\AppData\Local\Temp\VMBuilds\NV10_dashboard\arduino_due_x_dbg\Release\Adafruit_GFX_Library\Adafruit_GFX.cpp.o
                0x00082470                Adafruit_GFX::writeFillRect(short, short, short, short, unsigned short)
 .text._ZN12Adafruit_GFX8endWriteEv
                0x00082488        0x2 C:\Users\MX\AppData\Local\Temp\VMBuilds\NV10_dashboard\arduino_due_x_dbg\Release\Adafruit_GFX_Library\Adafruit_GFX.cpp.o
                0x00082488                Adafruit_GFX::endWrite()
 .text._ZN12Adafruit_GFX13drawFastVLineEssst
                0x0008248a       0x38 C:\Users\MX\AppData\Local\Temp\VMBuilds\NV10_dashboard\arduino_due_x_dbg\Release\Adafruit_GFX_Library\Adafruit_GFX.cpp.o
                0x0008248a                Adafruit_GFX::drawFastVLine(short, short, short, unsigned short)
 .text._ZN12Adafruit_GFX13drawFastHLineEssst
                0x000824c2       0x36 C:\Users\MX\AppData\Local\Temp\VMBuilds\NV10_dashboard\arduino_due_x_dbg\Release\Adafruit_GFX_Library\Adafruit_GFX.cpp.o
                0x000824c2                Adafruit_GFX::drawFastHLine(short, short, short, unsigned short)
 .text._ZN12Adafruit_GFX8fillRectEsssst
                0x000824f8       0x48 C:\Users\MX\AppData\Local\Temp\VMBuilds\NV10_dashboard\arduino_due_x_dbg\Release\Adafruit_GFX_Library\Adafruit_GFX.cpp.o
                0x000824f8                Adafruit_GFX::fillRect(short, short, short, short, unsigned short)
 .text._ZN12Adafruit_GFX10fillScreenEt
                0x00082540       0x1c C:\Users\MX\AppData\Local\Temp\VMBuilds\NV10_dashboard\arduino_due_x_dbg\Release\Adafruit_GFX_Library\Adafruit_GFX.cpp.o
                0x00082540                Adafruit_GFX::fillScreen(unsigned short)
 .text._ZN12Adafruit_GFX8drawLineEsssst
                0x0008255c       0x7c C:\Users\MX\AppData\Local\Temp\VMBuilds\NV10_dashboard\arduino_due_x_dbg\Release\Adafruit_GFX_Library\Adafruit_GFX.cpp.o
                0x0008255c                Adafruit_GFX::drawLine(short, short, short, short, unsigned short)
 .text._ZN12Adafruit_GFX8drawRectEsssst
                0x000825d8       0x7c C:\Users\MX\AppData\Local\Temp\VMBuilds\NV10_dashboard\arduino_due_x_dbg\Release\Adafruit_GFX_Library\Adafruit_GFX.cpp.o
                0x000825d8                Adafruit_GFX::drawRect(short, short, short, short, unsigned short)
 .text._ZN12Adafruit_GFX13invertDisplayEb
                0x00082654        0x2 C:\Users\MX\AppData\Local\Temp\VMBuilds\NV10_dashboard\arduino_due_x_dbg\Release\Adafruit_GFX_Library\Adafruit_GFX.cpp.o
                0x00082654                Adafruit_GFX::invertDisplay(bool)
 .text._ZN12Adafruit_GFX11setRotationEh
                0x00082656       0x1e C:\Users\MX\AppData\Local\Temp\VMBuilds\NV10_dashboard\arduino_due_x_dbg\Release\Adafruit_GFX_Library\Adafruit_GFX.cpp.o
                0x00082656                Adafruit_GFX::setRotation(unsigned char)
 .text._ZN12Adafruit_GFXC2Ess
                0x00082674       0x30 C:\Users\MX\AppData\Local\Temp\VMBuilds\NV10_dashboard\arduino_due_x_dbg\Release\Adafruit_GFX_Library\Adafruit_GFX.cpp.o
                0x00082674                Adafruit_GFX::Adafruit_GFX(short, short)
                0x00082674                Adafruit_GFX::Adafruit_GFX(short, short)
 .text._ZN12Adafruit_GFX8drawCharEsshtth
                0x000826a4      0x2b4 C:\Users\MX\AppData\Local\Temp\VMBuilds\NV10_dashboard\arduino_due_x_dbg\Release\Adafruit_GFX_Library\Adafruit_GFX.cpp.o
                0x000826a4                Adafruit_GFX::drawChar(short, short, unsigned char, unsigned short, unsigned short, unsigned char)
 .text._ZN12Adafruit_GFX5writeEh
                0x00082958       0xf2 C:\Users\MX\AppData\Local\Temp\VMBuilds\NV10_dashboard\arduino_due_x_dbg\Release\Adafruit_GFX_Library\Adafruit_GFX.cpp.o
                0x00082958                Adafruit_GFX::write(unsigned char)
 .text._ZN12Adafruit_GFX9setCursorEss
                0x00082a4a        0x6 C:\Users\MX\AppData\Local\Temp\VMBuilds\NV10_dashboard\arduino_due_x_dbg\Release\Adafruit_GFX_Library\Adafruit_GFX.cpp.o
                0x00082a4a                Adafruit_GFX::setCursor(short, short)
 .text._ZN12Adafruit_GFX11setTextSizeEh
                0x00082a50        0xa C:\Users\MX\AppData\Local\Temp\VMBuilds\NV10_dashboard\arduino_due_x_dbg\Release\Adafruit_GFX_Library\Adafruit_GFX.cpp.o
                0x00082a50                Adafruit_GFX::setTextSize(unsigned char)
 .text._ZN12Adafruit_GFX12setTextColorEtt
                0x00082a5a        0x6 C:\Users\MX\AppData\Local\Temp\VMBuilds\NV10_dashboard\arduino_due_x_dbg\Release\Adafruit_GFX_Library\Adafruit_GFX.cpp.o
                0x00082a5a                Adafruit_GFX::setTextColor(unsigned short, unsigned short)
 .text._ZL10SPI_0_Initv
                0x00082a60       0x48 C:\Users\MX\AppData\Local\Temp\VMBuilds\NV10_dashboard\arduino_due_x_dbg\Release\SPI\SPI.cpp.o
 .text._ZN8SPIClass4initEv
                0x00082aa8       0x36 C:\Users\MX\AppData\Local\Temp\VMBuilds\NV10_dashboard\arduino_due_x_dbg\Release\SPI\SPI.cpp.o
                0x00082aa8                SPIClass::init()
 *fill*         0x00082ade        0x2 
 .text._ZN8SPIClass16beginTransactionEh11SPISettings
                0x00082ae0       0x98 C:\Users\MX\AppData\Local\Temp\VMBuilds\NV10_dashboard\arduino_due_x_dbg\Release\SPI\SPI.cpp.o
                0x00082ae0                SPIClass::beginTransaction(unsigned char, SPISettings)
 .text._ZN8SPIClass14endTransactionEv
                0x00082b78       0x50 C:\Users\MX\AppData\Local\Temp\VMBuilds\NV10_dashboard\arduino_due_x_dbg\Release\SPI\SPI.cpp.o
                0x00082b78                SPIClass::endTransaction()
 .text._ZN8SPIClass11setDataModeEhh
                0x00082bc8       0x34 C:\Users\MX\AppData\Local\Temp\VMBuilds\NV10_dashboard\arduino_due_x_dbg\Release\SPI\SPI.cpp.o
                0x00082bc8                SPIClass::setDataMode(unsigned char, unsigned char)
 .text._ZN8SPIClass15setClockDividerEhh
                0x00082bfc       0x2e C:\Users\MX\AppData\Local\Temp\VMBuilds\NV10_dashboard\arduino_due_x_dbg\Release\SPI\SPI.cpp.o
                0x00082bfc                SPIClass::setClockDivider(unsigned char, unsigned char)
 .text._ZN8SPIClass5beginEv
                0x00082c2a       0x22 C:\Users\MX\AppData\Local\Temp\VMBuilds\NV10_dashboard\arduino_due_x_dbg\Release\SPI\SPI.cpp.o
                0x00082c2a                SPIClass::begin()
 .text._ZN8SPIClass8transferEhh15SPITransferMode
                0x00082c4c       0x5e C:\Users\MX\AppData\Local\Temp\VMBuilds\NV10_dashboard\arduino_due_x_dbg\Release\SPI\SPI.cpp.o
                0x00082c4c                SPIClass::transfer(unsigned char, unsigned char, SPITransferMode)
 *fill*         0x00082caa        0x2 
 .text.startup._GLOBAL__sub_I__ZN8SPIClassC2EP3SpimPFvvE
                0x00082cac       0x24 C:\Users\MX\AppData\Local\Temp\VMBuilds\NV10_dashboard\arduino_due_x_dbg\Release\SPI\SPI.cpp.o
 .text._Z11serialEventv
                0x00082cd0        0x2 C:\Users\MX\AppData\Local\Temp\VMBCore\arduino16x\6c87fd5e81d2326508468050926cf54f\variant\variant.cpp.o
                0x00082cd0                serialEvent()
 *fill*         0x00082cd2        0x2 
 .text.UART_Handler
                0x00082cd4        0xc C:\Users\MX\AppData\Local\Temp\VMBCore\arduino16x\6c87fd5e81d2326508468050926cf54f\variant\variant.cpp.o
                0x00082cd4                UART_Handler
 .text._Z12serialEvent1v
                0x00082ce0        0x2 C:\Users\MX\AppData\Local\Temp\VMBCore\arduino16x\6c87fd5e81d2326508468050926cf54f\variant\variant.cpp.o
                0x00082ce0                serialEvent1()
 .text._Z12serialEvent2v
                0x00082ce2        0x2 C:\Users\MX\AppData\Local\Temp\VMBCore\arduino16x\6c87fd5e81d2326508468050926cf54f\variant\variant.cpp.o
                0x00082ce2                serialEvent2()
 .text._Z12serialEvent3v
                0x00082ce4        0x2 C:\Users\MX\AppData\Local\Temp\VMBCore\arduino16x\6c87fd5e81d2326508468050926cf54f\variant\variant.cpp.o
                0x00082ce4                serialEvent3()
 *fill*         0x00082ce6        0x2 
 .text.USART0_Handler
                0x00082ce8        0xc C:\Users\MX\AppData\Local\Temp\VMBCore\arduino16x\6c87fd5e81d2326508468050926cf54f\variant\variant.cpp.o
                0x00082ce8                USART0_Handler
 .text.USART1_Handler
                0x00082cf4        0xc C:\Users\MX\AppData\Local\Temp\VMBCore\arduino16x\6c87fd5e81d2326508468050926cf54f\variant\variant.cpp.o
                0x00082cf4                USART1_Handler
 .text.USART3_Handler
                0x00082d00        0xc C:\Users\MX\AppData\Local\Temp\VMBCore\arduino16x\6c87fd5e81d2326508468050926cf54f\variant\variant.cpp.o
                0x00082d00                USART3_Handler
 .text.init     0x00082d0c      0x128 C:\Users\MX\AppData\Local\Temp\VMBCore\arduino16x\6c87fd5e81d2326508468050926cf54f\variant\variant.cpp.o
                0x00082d0c                init
 .text.startup._GLOBAL__sub_I_g_APinDescription
                0x00082e34       0xd4 C:\Users\MX\AppData\Local\Temp\VMBCore\arduino16x\6c87fd5e81d2326508468050926cf54f\variant\variant.cpp.o
 .text._Z14serialEventRunv
                0x00082f08       0x44 C:\Users\MX\AppData\Local\Temp\VMBCore\arduino16x\6c87fd5e81d2326508468050926cf54f\variant\variant.cpp.o
                0x00082f08                serialEventRun()
 .text.PIO_PullUp
                0x00082f4c        0xa D:\Arduino\ide\portable\packages\arduino\hardware\sam\1.6.11\variants\arduino_due_x/libsam_sam3x8e_gcc_rel.a(pio.o)
                0x00082f4c                PIO_PullUp
 .text.PIO_SetPeripheral
                0x00082f56       0x26 D:\Arduino\ide\portable\packages\arduino\hardware\sam\1.6.11\variants\arduino_due_x/libsam_sam3x8e_gcc_rel.a(pio.o)
                0x00082f56                PIO_SetPeripheral
 .text.PIO_SetInput
                0x00082f7c       0x26 D:\Arduino\ide\portable\packages\arduino\hardware\sam\1.6.11\variants\arduino_due_x/libsam_sam3x8e_gcc_rel.a(pio.o)
                0x00082f7c                PIO_SetInput
 .text.PIO_SetOutput
                0x00082fa2       0x24 D:\Arduino\ide\portable\packages\arduino\hardware\sam\1.6.11\variants\arduino_due_x/libsam_sam3x8e_gcc_rel.a(pio.o)
                0x00082fa2                PIO_SetOutput
 *fill*         0x00082fc6        0x2 
 .text.PIO_Configure
                0x00082fc8       0x64 D:\Arduino\ide\portable\packages\arduino\hardware\sam\1.6.11\variants\arduino_due_x/libsam_sam3x8e_gcc_rel.a(pio.o)
                0x00082fc8                PIO_Configure
 .text.PIO_GetOutputDataStatus
                0x0008302c       0x14 D:\Arduino\ide\portable\packages\arduino\hardware\sam\1.6.11\variants\arduino_due_x/libsam_sam3x8e_gcc_rel.a(pio.o)
                0x0008302c                PIO_GetOutputDataStatus
 .text.pmc_enable_upll_clock
                0x00083040       0x14 D:\Arduino\ide\portable\packages\arduino\hardware\sam\1.6.11\variants\arduino_due_x/libsam_sam3x8e_gcc_rel.a(pmc.o)
                0x00083040                pmc_enable_upll_clock
 .text.pmc_enable_periph_clk
                0x00083054       0x44 D:\Arduino\ide\portable\packages\arduino\hardware\sam\1.6.11\variants\arduino_due_x/libsam_sam3x8e_gcc_rel.a(pmc.o)
                0x00083054                pmc_enable_periph_clk
 .text.pmc_disable_periph_clk
                0x00083098       0x40 D:\Arduino\ide\portable\packages\arduino\hardware\sam\1.6.11\variants\arduino_due_x/libsam_sam3x8e_gcc_rel.a(pmc.o)
                0x00083098                pmc_disable_periph_clk
 .text.pmc_switch_udpck_to_upllck
                0x000830d8       0x14 D:\Arduino\ide\portable\packages\arduino\hardware\sam\1.6.11\variants\arduino_due_x/libsam_sam3x8e_gcc_rel.a(pmc.o)
                0x000830d8                pmc_switch_udpck_to_upllck
 .text.pmc_enable_udpck
                0x000830ec        0xc D:\Arduino\ide\portable\packages\arduino\hardware\sam\1.6.11\variants\arduino_due_x/libsam_sam3x8e_gcc_rel.a(pmc.o)
                0x000830ec                pmc_enable_udpck
 .text.SPI_Enable
                0x000830f8        0x6 D:\Arduino\ide\portable\packages\arduino\hardware\sam\1.6.11\variants\arduino_due_x/libsam_sam3x8e_gcc_rel.a(spi.o)
                0x000830f8                SPI_Enable
 *fill*         0x000830fe        0x2 
 .text.SPI_Configure
                0x00083100       0x20 D:\Arduino\ide\portable\packages\arduino\hardware\sam\1.6.11\variants\arduino_due_x/libsam_sam3x8e_gcc_rel.a(spi.o)
                0x00083100                SPI_Configure
 .text.SPI_ConfigureNPCS
                0x00083120        0x8 D:\Arduino\ide\portable\packages\arduino\hardware\sam\1.6.11\variants\arduino_due_x/libsam_sam3x8e_gcc_rel.a(spi.o)
                0x00083120                SPI_ConfigureNPCS
 .text.SystemInit
                0x00083128       0x88 D:\Arduino\ide\portable\packages\arduino\hardware\sam\1.6.11\variants\arduino_due_x/libsam_sam3x8e_gcc_rel.a(system_sam3xa.o)
                0x00083128                SystemInit
 .text.Reset_Handler
                0x000831b0       0x78 D:\Arduino\ide\portable\packages\arduino\hardware\sam\1.6.11\variants\arduino_due_x/libsam_sam3x8e_gcc_rel.a(startup_sam3xa.o)
                0x000831b0                Reset_Handler
 .text.adc_init
                0x00083228       0x98 D:\Arduino\ide\portable\packages\arduino\hardware\sam\1.6.11\variants\arduino_due_x/libsam_sam3x8e_gcc_rel.a(adc.o)
                0x00083228                adc_init
 .text.adc_configure_trigger
                0x000832c0        0xe D:\Arduino\ide\portable\packages\arduino\hardware\sam\1.6.11\variants\arduino_due_x/libsam_sam3x8e_gcc_rel.a(adc.o)
                0x000832c0                adc_configure_trigger
 .text.adc_configure_timing
                0x000832ce       0x1a D:\Arduino\ide\portable\packages\arduino\hardware\sam\1.6.11\variants\arduino_due_x/libsam_sam3x8e_gcc_rel.a(adc.o)
                0x000832ce                adc_configure_timing
 .text.adc_disable_channel
                0x000832e8        0xa D:\Arduino\ide\portable\packages\arduino\hardware\sam\1.6.11\variants\arduino_due_x/libsam_sam3x8e_gcc_rel.a(adc.o)
                0x000832e8                adc_disable_channel
 .text.adc_disable_all_channel
                0x000832f2        0x8 D:\Arduino\ide\portable\packages\arduino\hardware\sam\1.6.11\variants\arduino_due_x/libsam_sam3x8e_gcc_rel.a(adc.o)
                0x000832f2                adc_disable_all_channel
 .text.adc_disable_interrupt
                0x000832fa        0x4 D:\Arduino\ide\portable\packages\arduino\hardware\sam\1.6.11\variants\arduino_due_x/libsam_sam3x8e_gcc_rel.a(adc.o)
                0x000832fa                adc_disable_interrupt
 *fill*         0x000832fe        0x2 
 .text.UOTGHS_Handler
                0x00083300       0x10 D:\Arduino\ide\portable\packages\arduino\hardware\sam\1.6.11\variants\arduino_due_x/libsam_sam3x8e_gcc_rel.a(uotghs.o)
                0x00083300                UOTGHS_Handler
 .text.__halt   0x00083310        0x2 C:\Users\MX\AppData\Local\Temp\VMBuilds\NV10_dashboard\arduino_due_x_dbg\Release/core.a(cortex_handlers.c.o)
                0x00083310                DACC_Handler
                0x00083310                DebugMon_Handler
                0x00083310                DMAC_Handler
                0x00083310                TRNG_Handler
                0x00083310                TC2_Handler
                0x00083310                TWI1_Handler
                0x00083310                NMI_Handler
                0x00083310                TC7_Handler
                0x00083310                ADC_Handler
                0x00083310                SMC_Handler
                0x00083310                RTT_Handler
                0x00083310                EFC1_Handler
                0x00083310                PIOB_Handler
                0x00083310                RTC_Handler
                0x00083310                TC6_Handler
                0x00083310                WDT_Handler
                0x00083310                CAN0_Handler
                0x00083310                TC4_Handler
                0x00083310                TC1_Handler
                0x00083310                HSMCI_Handler
                0x00083310                TC3_Handler
                0x00083310                TWI0_Handler
                0x00083310                PIOA_Handler
                0x00083310                SSC_Handler
                0x00083310                EFC0_Handler
                0x00083310                PMC_Handler
                0x00083310                PWM_Handler
                0x00083310                CAN1_Handler
                0x00083310                MemManage_Handler
                0x00083310                SUPC_Handler
                0x00083310                TC8_Handler
                0x00083310                USART2_Handler
                0x00083310                PIOD_Handler
                0x00083310                EMAC_Handler
                0x00083310                PIOC_Handler
                0x00083310                RSTC_Handler
                0x00083310                TC0_Handler
                0x00083310                TC5_Handler
                0x00083310                SPI0_Handler
 .text.SVC_Handler
                0x00083312        0x4 C:\Users\MX\AppData\Local\Temp\VMBuilds\NV10_dashboard\arduino_due_x_dbg\Release/core.a(cortex_handlers.c.o)
                0x00083312                SVC_Handler
 .text.PendSV_Handler
                0x00083316        0x4 C:\Users\MX\AppData\Local\Temp\VMBuilds\NV10_dashboard\arduino_due_x_dbg\Release/core.a(cortex_handlers.c.o)
                0x00083316                PendSV_Handler
 .text.SysTick_Handler
                0x0008331a       0x16 C:\Users\MX\AppData\Local\Temp\VMBuilds\NV10_dashboard\arduino_due_x_dbg\Release/core.a(cortex_handlers.c.o)
                0x0008331a                SysTick_Handler
 .text._sbrk    0x00083330       0x1c C:\Users\MX\AppData\Local\Temp\VMBuilds\NV10_dashboard\arduino_due_x_dbg\Release/core.a(syscalls_sam3.c.o)
                0x00083330                _sbrk
 .text.link     0x0008334c        0x6 C:\Users\MX\AppData\Local\Temp\VMBuilds\NV10_dashboard\arduino_due_x_dbg\Release/core.a(syscalls_sam3.c.o)
                0x0008334c                link
 .text._close   0x00083352        0x6 C:\Users\MX\AppData\Local\Temp\VMBuilds\NV10_dashboard\arduino_due_x_dbg\Release/core.a(syscalls_sam3.c.o)
                0x00083352                _close
 .text._fstat   0x00083358        0xa C:\Users\MX\AppData\Local\Temp\VMBuilds\NV10_dashboard\arduino_due_x_dbg\Release/core.a(syscalls_sam3.c.o)
                0x00083358                _fstat
 .text._isatty  0x00083362        0x4 C:\Users\MX\AppData\Local\Temp\VMBuilds\NV10_dashboard\arduino_due_x_dbg\Release/core.a(syscalls_sam3.c.o)
                0x00083362                _isatty
 .text._lseek   0x00083366        0x4 C:\Users\MX\AppData\Local\Temp\VMBuilds\NV10_dashboard\arduino_due_x_dbg\Release/core.a(syscalls_sam3.c.o)
                0x00083366                _lseek
 .text._read    0x0008336a        0x4 C:\Users\MX\AppData\Local\Temp\VMBuilds\NV10_dashboard\arduino_due_x_dbg\Release/core.a(syscalls_sam3.c.o)
                0x0008336a                _read
 *fill*         0x0008336e        0x2 
 .text._write   0x00083370       0x24 C:\Users\MX\AppData\Local\Temp\VMBuilds\NV10_dashboard\arduino_due_x_dbg\Release/core.a(syscalls_sam3.c.o)
                0x00083370                _write
 .text._exit    0x00083394       0x10 C:\Users\MX\AppData\Local\Temp\VMBuilds\NV10_dashboard\arduino_due_x_dbg\Release/core.a(syscalls_sam3.c.o)
                0x00083394                _exit
 .text._kill    0x000833a4        0x2 C:\Users\MX\AppData\Local\Temp\VMBuilds\NV10_dashboard\arduino_due_x_dbg\Release/core.a(syscalls_sam3.c.o)
                0x000833a4                _kill
 .text._getpid  0x000833a6        0x6 C:\Users\MX\AppData\Local\Temp\VMBuilds\NV10_dashboard\arduino_due_x_dbg\Release/core.a(syscalls_sam3.c.o)
                0x000833a6                _getpid
 .text.delay    0x000833ac       0x1c C:\Users\MX\AppData\Local\Temp\VMBuilds\NV10_dashboard\arduino_due_x_dbg\Release/core.a(wiring.c.o)
                0x000833ac                delay
 .text.analogOutputInit
                0x000833c8        0x2 C:\Users\MX\AppData\Local\Temp\VMBuilds\NV10_dashboard\arduino_due_x_dbg\Release/core.a(wiring_analog.c.o)
                0x000833c8                analogOutputInit
 *fill*         0x000833ca        0x2 
 .text.pinMode  0x000833cc      0x108 C:\Users\MX\AppData\Local\Temp\VMBuilds\NV10_dashboard\arduino_due_x_dbg\Release/core.a(wiring_digital.c.o)
                0x000833cc                pinMode
 .text.digitalWrite
                0x000834d4       0x70 C:\Users\MX\AppData\Local\Temp\VMBuilds\NV10_dashboard\arduino_due_x_dbg\Release/core.a(wiring_digital.c.o)
                0x000834d4                digitalWrite
 .text.__cxa_pure_virtual
                0x00083544        0x2 C:\Users\MX\AppData\Local\Temp\VMBuilds\NV10_dashboard\arduino_due_x_dbg\Release/core.a(abi.cpp.o)
                0x00083544                __cxa_pure_virtual
 .text.initVariant
                0x00083546        0x2 C:\Users\MX\AppData\Local\Temp\VMBuilds\NV10_dashboard\arduino_due_x_dbg\Release/core.a(main.cpp.o)
                0x00083546                initVariant
 .text.startup.main
                0x00083548       0x38 C:\Users\MX\AppData\Local\Temp\VMBuilds\NV10_dashboard\arduino_due_x_dbg\Release/core.a(main.cpp.o)
                0x00083548                main
 .text._ZN5Print5writeEPKhj
                0x00083580       0x22 C:\Users\MX\AppData\Local\Temp\VMBuilds\NV10_dashboard\arduino_due_x_dbg\Release/core.a(Print.cpp.o)
                0x00083580                Print::write(unsigned char const*, unsigned int)
 .text._ZN5Print5printEmi.part.3
                0x000835a2        0xc C:\Users\MX\AppData\Local\Temp\VMBuilds\NV10_dashboard\arduino_due_x_dbg\Release/core.a(Print.cpp.o)
 .text._ZN5Print5writeEPKc
                0x000835ae       0x1e C:\Users\MX\AppData\Local\Temp\VMBuilds\NV10_dashboard\arduino_due_x_dbg\Release/core.a(Print.cpp.o)
                0x000835ae                Print::write(char const*)
 .text._ZN5Print5printERK6String
                0x000835cc       0x10 C:\Users\MX\AppData\Local\Temp\VMBuilds\NV10_dashboard\arduino_due_x_dbg\Release/core.a(Print.cpp.o)
                0x000835cc                Print::print(String const&)
 .text._ZN5Print5printEPKc
                0x000835dc        0x8 C:\Users\MX\AppData\Local\Temp\VMBuilds\NV10_dashboard\arduino_due_x_dbg\Release/core.a(Print.cpp.o)
                0x000835dc                Print::print(char const*)
 .text._ZN5Print7printlnEv
                0x000835e4       0x10 C:\Users\MX\AppData\Local\Temp\VMBuilds\NV10_dashboard\arduino_due_x_dbg\Release/core.a(Print.cpp.o)
                0x000835e4                Print::println()
 .text._ZN5Print7printlnEPKc
                0x000835f4       0x14 C:\Users\MX\AppData\Local\Temp\VMBuilds\NV10_dashboard\arduino_due_x_dbg\Release/core.a(Print.cpp.o)
                0x000835f4                Print::println(char const*)
 .text._ZN5Print11printNumberEmh
                0x00083608       0x3e C:\Users\MX\AppData\Local\Temp\VMBuilds\NV10_dashboard\arduino_due_x_dbg\Release/core.a(Print.cpp.o)
                0x00083608                Print::printNumber(unsigned long, unsigned char)
 .text._ZN5Print5printEmi
                0x00083646        0xc C:\Users\MX\AppData\Local\Temp\VMBuilds\NV10_dashboard\arduino_due_x_dbg\Release/core.a(Print.cpp.o)
                0x00083646                Print::print(unsigned long, int)
 .text._ZN5Print7printlnEhi
                0x00083652       0x14 C:\Users\MX\AppData\Local\Temp\VMBuilds\NV10_dashboard\arduino_due_x_dbg\Release/core.a(Print.cpp.o)
                0x00083652                Print::println(unsigned char, int)
 *fill*         0x00083666        0x2 
 .text.initiateReset
                0x00083668        0xc C:\Users\MX\AppData\Local\Temp\VMBuilds\NV10_dashboard\arduino_due_x_dbg\Release/core.a(Reset.cpp.o)
                0x00083668                initiateReset
 .text.cancelReset
                0x00083674       0x10 C:\Users\MX\AppData\Local\Temp\VMBuilds\NV10_dashboard\arduino_due_x_dbg\Release/core.a(Reset.cpp.o)
                0x00083674                cancelReset
 .text.tickReset
                0x00083684       0x20 C:\Users\MX\AppData\Local\Temp\VMBuilds\NV10_dashboard\arduino_due_x_dbg\Release/core.a(Reset.cpp.o)
                0x00083684                tickReset
 .text._ZN10RingBufferC2Ev
                0x000836a4       0x1a C:\Users\MX\AppData\Local\Temp\VMBuilds\NV10_dashboard\arduino_due_x_dbg\Release/core.a(RingBuffer.cpp.o)
                0x000836a4                RingBuffer::RingBuffer()
                0x000836a4                RingBuffer::RingBuffer()
 .text._ZN10RingBuffer10store_charEh
                0x000836be       0x1e C:\Users\MX\AppData\Local\Temp\VMBuilds\NV10_dashboard\arduino_due_x_dbg\Release/core.a(RingBuffer.cpp.o)
                0x000836be                RingBuffer::store_char(unsigned char)
 .text._ZN9UARTClasscvbEv
                0x000836dc        0x4 C:\Users\MX\AppData\Local\Temp\VMBuilds\NV10_dashboard\arduino_due_x_dbg\Release/core.a(UARTClass.cpp.o)
                0x000836dc                UARTClass::operator bool()
 .text._ZN9UARTClass9availableEv
                0x000836e0       0x12 C:\Users\MX\AppData\Local\Temp\VMBuilds\NV10_dashboard\arduino_due_x_dbg\Release/core.a(UARTClass.cpp.o)
                0x000836e0                UARTClass::available()
 .text._ZN9UARTClass4peekEv
                0x000836f2       0x1c C:\Users\MX\AppData\Local\Temp\VMBuilds\NV10_dashboard\arduino_due_x_dbg\Release/core.a(UARTClass.cpp.o)
                0x000836f2                UARTClass::peek()
 .text._ZN9UARTClass4readEv
                0x0008370e       0x2a C:\Users\MX\AppData\Local\Temp\VMBuilds\NV10_dashboard\arduino_due_x_dbg\Release/core.a(UARTClass.cpp.o)
                0x0008370e                UARTClass::read()
 .text._ZN9UARTClass5flushEv
                0x00083738       0x18 C:\Users\MX\AppData\Local\Temp\VMBuilds\NV10_dashboard\arduino_due_x_dbg\Release/core.a(UARTClass.cpp.o)
                0x00083738                UARTClass::flush()
 .text._ZN9UARTClass5writeEh
                0x00083750       0x54 C:\Users\MX\AppData\Local\Temp\VMBuilds\NV10_dashboard\arduino_due_x_dbg\Release/core.a(UARTClass.cpp.o)
                0x00083750                UARTClass::write(unsigned char)
 .text._ZN9UARTClass3endEv
                0x000837a4       0x3c C:\Users\MX\AppData\Local\Temp\VMBuilds\NV10_dashboard\arduino_due_x_dbg\Release/core.a(UARTClass.cpp.o)
                0x000837a4                UARTClass::end()
 .text._ZN9UARTClassC2EP4Uart4IRQnmP10RingBufferS4_
                0x000837e0       0x24 C:\Users\MX\AppData\Local\Temp\VMBuilds\NV10_dashboard\arduino_due_x_dbg\Release/core.a(UARTClass.cpp.o)
                0x000837e0                UARTClass::UARTClass(Uart*, IRQn, unsigned long, RingBuffer*, RingBuffer*)
                0x000837e0                UARTClass::UARTClass(Uart*, IRQn, unsigned long, RingBuffer*, RingBuffer*)
 .text._ZN9UARTClass4initEmm
                0x00083804       0x70 C:\Users\MX\AppData\Local\Temp\VMBuilds\NV10_dashboard\arduino_due_x_dbg\Release/core.a(UARTClass.cpp.o)
                0x00083804                UARTClass::init(unsigned long, unsigned long)
 .text._ZN9UARTClass5beginEm
                0x00083874        0x8 C:\Users\MX\AppData\Local\Temp\VMBuilds\NV10_dashboard\arduino_due_x_dbg\Release/core.a(UARTClass.cpp.o)
                0x00083874                UARTClass::begin(unsigned long)
 .text._ZN9UARTClass10IrqHandlerEv
                0x0008387c       0x5a C:\Users\MX\AppData\Local\Temp\VMBuilds\NV10_dashboard\arduino_due_x_dbg\Release/core.a(UARTClass.cpp.o)
                0x0008387c                UARTClass::IrqHandler()
 .text._ZN10USARTClass5beginEm
                0x000838d6        0x8 C:\Users\MX\AppData\Local\Temp\VMBuilds\NV10_dashboard\arduino_due_x_dbg\Release/core.a(USARTClass.cpp.o)
                0x000838d6                USARTClass::begin(unsigned long)
 *fill*         0x000838de        0x2 
 .text._ZN10USARTClassC2EP5Usart4IRQnmP10RingBufferS4_
                0x000838e0       0x24 C:\Users\MX\AppData\Local\Temp\VMBuilds\NV10_dashboard\arduino_due_x_dbg\Release/core.a(USARTClass.cpp.o)
                0x000838e0                USARTClass::USARTClass(Usart*, IRQn, unsigned long, RingBuffer*, RingBuffer*)
                0x000838e0                USARTClass::USARTClass(Usart*, IRQn, unsigned long, RingBuffer*, RingBuffer*)
 .text._watchdogDefaultSetup
                0x00083904        0xc C:\Users\MX\AppData\Local\Temp\VMBuilds\NV10_dashboard\arduino_due_x_dbg\Release/core.a(watchdog.cpp.o)
                0x00083904                _watchdogDefaultSetup
                0x00083904                watchdogSetup()
 .text._ZN6String10invalidateEv
                0x00083910       0x16 C:\Users\MX\AppData\Local\Temp\VMBuilds\NV10_dashboard\arduino_due_x_dbg\Release/core.a(WString.cpp.o)
                0x00083910                String::invalidate()
 .text._ZN6String12changeBufferEj
                0x00083926       0x18 C:\Users\MX\AppData\Local\Temp\VMBuilds\NV10_dashboard\arduino_due_x_dbg\Release/core.a(WString.cpp.o)
                0x00083926                String::changeBuffer(unsigned int)
 .text._ZN6String7reserveEj
                0x0008393e       0x22 C:\Users\MX\AppData\Local\Temp\VMBuilds\NV10_dashboard\arduino_due_x_dbg\Release/core.a(WString.cpp.o)
                0x0008393e                String::reserve(unsigned int)
 .text._ZN6String4copyEPKcj
                0x00083960       0x26 C:\Users\MX\AppData\Local\Temp\VMBuilds\NV10_dashboard\arduino_due_x_dbg\Release/core.a(WString.cpp.o)
                0x00083960                String::copy(char const*, unsigned int)
 .text._ZN6StringC2EPKc
                0x00083986       0x24 C:\Users\MX\AppData\Local\Temp\VMBuilds\NV10_dashboard\arduino_due_x_dbg\Release/core.a(WString.cpp.o)
                0x00083986                String::String(char const*)
                0x00083986                String::String(char const*)
 .text._ZN6StringaSEPKc
                0x000839aa       0x22 C:\Users\MX\AppData\Local\Temp\VMBuilds\NV10_dashboard\arduino_due_x_dbg\Release/core.a(WString.cpp.o)
                0x000839aa                String::operator=(char const*)
 .text.unlikely._ZL11USB_SendZlpv
                0x000839cc       0x20 C:\Users\MX\AppData\Local\Temp\VMBuilds\NV10_dashboard\arduino_due_x_dbg\Release/core.a(USBCore.cpp.o)
 .text._Z14USBD_Availablem
                0x000839ec       0x2c C:\Users\MX\AppData\Local\Temp\VMBuilds\NV10_dashboard\arduino_due_x_dbg\Release/core.a(USBCore.cpp.o)
                0x000839ec                USBD_Available(unsigned long)
 .text._Z9USBD_RecvmPvm
                0x00083a18       0x7c C:\Users\MX\AppData\Local\Temp\VMBuilds\NV10_dashboard\arduino_due_x_dbg\Release/core.a(USBCore.cpp.o)
                0x00083a18                USBD_Recv(unsigned long, void*, unsigned long)
 .text._Z9USBD_Recvm
                0x00083a94       0x22 C:\Users\MX\AppData\Local\Temp\VMBuilds\NV10_dashboard\arduino_due_x_dbg\Release/core.a(USBCore.cpp.o)
                0x00083a94                USBD_Recv(unsigned long)
 *fill*         0x00083ab6        0x2 
 .text._Z9USBD_SendmPKvm
                0x00083ab8       0x4c C:\Users\MX\AppData\Local\Temp\VMBuilds\NV10_dashboard\arduino_due_x_dbg\Release/core.a(USBCore.cpp.o)
                0x00083ab8                USBD_Send(unsigned long, void const*, unsigned long)
 .text._Z16USBD_SendControlhPKvm
                0x00083b04       0x40 C:\Users\MX\AppData\Local\Temp\VMBuilds\NV10_dashboard\arduino_due_x_dbg\Release/core.a(USBCore.cpp.o)
                0x00083b04                USBD_SendControl(unsigned char, void const*, unsigned long)
 .text.unlikely._ZL24USB_SendStringDescriptorPKhi
                0x00083b44       0x64 C:\Users\MX\AppData\Local\Temp\VMBuilds\NV10_dashboard\arduino_due_x_dbg\Release/core.a(USBCore.cpp.o)
 .text._Z16USBD_RecvControlPvm
                0x00083ba8       0x1c C:\Users\MX\AppData\Local\Temp\VMBuilds\NV10_dashboard\arduino_due_x_dbg\Release/core.a(USBCore.cpp.o)
                0x00083ba8                USBD_RecvControl(void*, unsigned long)
 .text._Z26USBD_ClassInterfaceRequestR8USBSetup
                0x00083bc4       0x1e C:\Users\MX\AppData\Local\Temp\VMBuilds\NV10_dashboard\arduino_due_x_dbg\Release/core.a(USBCore.cpp.o)
                0x00083bc4                USBD_ClassInterfaceRequest(USBSetup&)
 .text._Z19USBD_SendInterfacesv
                0x00083be2       0x22 C:\Users\MX\AppData\Local\Temp\VMBuilds\NV10_dashboard\arduino_due_x_dbg\Release/core.a(USBCore.cpp.o)
                0x00083be2                USBD_SendInterfaces()
 .text._Z24USBD_SendOtherInterfacesv
                0x00083c04       0x22 C:\Users\MX\AppData\Local\Temp\VMBuilds\NV10_dashboard\arduino_due_x_dbg\Release/core.a(USBCore.cpp.o)
                0x00083c04                USBD_SendOtherInterfaces()
 .text._Z10USBD_Flushm
                0x00083c26       0x16 C:\Users\MX\AppData\Local\Temp\VMBuilds\NV10_dashboard\arduino_due_x_dbg\Release/core.a(USBCore.cpp.o)
                0x00083c26                USBD_Flush(unsigned long)
 .text._ZN10USBDevice_C2Ev
                0x00083c3c       0x24 C:\Users\MX\AppData\Local\Temp\VMBuilds\NV10_dashboard\arduino_due_x_dbg\Release/core.a(USBCore.cpp.o)
                0x00083c3c                USBDevice_::USBDevice_()
                0x00083c3c                USBDevice_::USBDevice_()
 .text._ZN10USBDevice_6attachEv
                0x00083c60       0x20 C:\Users\MX\AppData\Local\Temp\VMBuilds\NV10_dashboard\arduino_due_x_dbg\Release/core.a(USBCore.cpp.o)
                0x00083c60                USBDevice_::attach()
 .text.startup._GLOBAL__sub_I_EndPoints
                0x00083c80        0xc C:\Users\MX\AppData\Local\Temp\VMBuilds\NV10_dashboard\arduino_due_x_dbg\Release/core.a(USBCore.cpp.o)
 .text._ZL7USB_ISRv
                0x00083c8c      0x454 C:\Users\MX\AppData\Local\Temp\VMBuilds\NV10_dashboard\arduino_due_x_dbg\Release/core.a(USBCore.cpp.o)
 .text.__empty  0x000840e0        0x2 C:\Users\MX\AppData\Local\Temp\VMBuilds\NV10_dashboard\arduino_due_x_dbg\Release/core.a(hooks.c.o)
                0x000840e0                yield
 *fill*         0x000840e2        0x2 
 .text._ZN7Serial_9availableEv
                0x000840e4       0x18 C:\Users\MX\AppData\Local\Temp\VMBuilds\NV10_dashboard\arduino_due_x_dbg\Release/core.a(CDC.cpp.o)
                0x000840e4                Serial_::available()
 .text._ZN7Serial_17availableForWriteEv
                0x000840fc        0x6 C:\Users\MX\AppData\Local\Temp\VMBuilds\NV10_dashboard\arduino_due_x_dbg\Release/core.a(CDC.cpp.o)
                0x000840fc                Serial_::availableForWrite()
 *fill*         0x00084102        0x2 
 .text._ZN7Serial_4peekEv
                0x00084104       0x20 C:\Users\MX\AppData\Local\Temp\VMBuilds\NV10_dashboard\arduino_due_x_dbg\Release/core.a(CDC.cpp.o)
                0x00084104                Serial_::peek()
 .text._ZN7Serial_5writeEh
                0x00084124       0x16 C:\Users\MX\AppData\Local\Temp\VMBuilds\NV10_dashboard\arduino_due_x_dbg\Release/core.a(CDC.cpp.o)
                0x00084124                Serial_::write(unsigned char)
 *fill*         0x0008413a        0x2 
 .text._ZN7Serial_4readEv
                0x0008413c       0x44 C:\Users\MX\AppData\Local\Temp\VMBuilds\NV10_dashboard\arduino_due_x_dbg\Release/core.a(CDC.cpp.o)
                0x0008413c                Serial_::read()
 .text._ZN7Serial_5flushEv
                0x00084180        0x6 C:\Users\MX\AppData\Local\Temp\VMBuilds\NV10_dashboard\arduino_due_x_dbg\Release/core.a(CDC.cpp.o)
                0x00084180                Serial_::flush()
 *fill*         0x00084186        0x2 
 .text._ZN7Serial_6acceptEv
                0x00084188       0x70 C:\Users\MX\AppData\Local\Temp\VMBuilds\NV10_dashboard\arduino_due_x_dbg\Release/core.a(CDC.cpp.o)
                0x00084188                Serial_::accept()
 .text._ZN7Serial_5writeEPKhj
                0x000841f8       0x2c C:\Users\MX\AppData\Local\Temp\VMBuilds\NV10_dashboard\arduino_due_x_dbg\Release/core.a(CDC.cpp.o)
                0x000841f8                Serial_::write(unsigned char const*, unsigned int)
 .text._Z16CDC_GetInterfacePh
                0x00084224       0x14 C:\Users\MX\AppData\Local\Temp\VMBuilds\NV10_dashboard\arduino_due_x_dbg\Release/core.a(CDC.cpp.o)
                0x00084224                CDC_GetInterface(unsigned char*)
 .text._Z21CDC_GetOtherInterfacePh
                0x00084238       0x14 C:\Users\MX\AppData\Local\Temp\VMBuilds\NV10_dashboard\arduino_due_x_dbg\Release/core.a(CDC.cpp.o)
                0x00084238                CDC_GetOtherInterface(unsigned char*)
 .text._Z9CDC_SetupR8USBSetup
                0x0008424c       0x78 C:\Users\MX\AppData\Local\Temp\VMBuilds\NV10_dashboard\arduino_due_x_dbg\Release/core.a(CDC.cpp.o)
                0x0008424c                CDC_Setup(USBSetup&)
 .text.startup._GLOBAL__sub_I_cdc_rx_buffer
                0x000842c4       0x1c C:\Users\MX\AppData\Local\Temp\VMBuilds\NV10_dashboard\arduino_due_x_dbg\Release/core.a(CDC.cpp.o)
 .text._ZN13PluggableUSB_12getInterfaceEPh
                0x000842e0       0x28 C:\Users\MX\AppData\Local\Temp\VMBuilds\NV10_dashboard\arduino_due_x_dbg\Release/core.a(PluggableUSB.cpp.o)
                0x000842e0                PluggableUSB_::getInterface(unsigned char*)
 .text._ZN13PluggableUSB_13getDescriptorER8USBSetup
                0x00084308       0x1c C:\Users\MX\AppData\Local\Temp\VMBuilds\NV10_dashboard\arduino_due_x_dbg\Release/core.a(PluggableUSB.cpp.o)
                0x00084308                PluggableUSB_::getDescriptor(USBSetup&)
 .text._ZN13PluggableUSB_12getShortNameEPc
                0x00084324       0x1c C:\Users\MX\AppData\Local\Temp\VMBuilds\NV10_dashboard\arduino_due_x_dbg\Release/core.a(PluggableUSB.cpp.o)
                0x00084324                PluggableUSB_::getShortName(char*)
 .text._ZN13PluggableUSB_5setupER8USBSetup
                0x00084340       0x20 C:\Users\MX\AppData\Local\Temp\VMBuilds\NV10_dashboard\arduino_due_x_dbg\Release/core.a(PluggableUSB.cpp.o)
                0x00084340                PluggableUSB_::setup(USBSetup&)
 .text._Z12PluggableUSBv
                0x00084360       0x28 C:\Users\MX\AppData\Local\Temp\VMBuilds\NV10_dashboard\arduino_due_x_dbg\Release/core.a(PluggableUSB.cpp.o)
                0x00084360                PluggableUSB()
 .text.TimeTick_Increment
                0x00084388       0x10 D:\Arduino\ide\portable\packages\arduino\hardware\sam\1.6.11\variants\arduino_due_x/libsam_sam3x8e_gcc_rel.a(timetick.o)
                0x00084388                TimeTick_Increment
 .text.GetTickCount
                0x00084398        0xc D:\Arduino\ide\portable\packages\arduino\hardware\sam\1.6.11\variants\arduino_due_x/libsam_sam3x8e_gcc_rel.a(timetick.o)
                0x00084398                GetTickCount
 .text.WDT_Disable
                0x000843a4        0x8 D:\Arduino\ide\portable\packages\arduino\hardware\sam\1.6.11\variants\arduino_due_x/libsam_sam3x8e_gcc_rel.a(wdt.o)
                0x000843a4                WDT_Disable
 .text.UDD_SetStack
                0x000843ac        0xc D:\Arduino\ide\portable\packages\arduino\hardware\sam\1.6.11\variants\arduino_due_x/libsam_sam3x8e_gcc_rel.a(uotghs_device.o)
                0x000843ac                UDD_SetStack
 .text.UDD_Init
                0x000843b8       0xd0 D:\Arduino\ide\portable\packages\arduino\hardware\sam\1.6.11\variants\arduino_due_x/libsam_sam3x8e_gcc_rel.a(uotghs_device.o)
                0x000843b8                UDD_Init
 .text.UDD_Attach
                0x00084488       0x50 D:\Arduino\ide\portable\packages\arduino\hardware\sam\1.6.11\variants\arduino_due_x/libsam_sam3x8e_gcc_rel.a(uotghs_device.o)
                0x00084488                UDD_Attach
 .text.UDD_InitEP
                0x000844d8       0x2c D:\Arduino\ide\portable\packages\arduino\hardware\sam\1.6.11\variants\arduino_due_x/libsam_sam3x8e_gcc_rel.a(uotghs_device.o)
                0x000844d8                UDD_InitEP
 .text.UDD_InitEndpoints
                0x00084504       0x3c D:\Arduino\ide\portable\packages\arduino\hardware\sam\1.6.11\variants\arduino_due_x/libsam_sam3x8e_gcc_rel.a(uotghs_device.o)
                0x00084504                UDD_InitEndpoints
 .text.UDD_WaitIN
                0x00084540       0x10 D:\Arduino\ide\portable\packages\arduino\hardware\sam\1.6.11\variants\arduino_due_x/libsam_sam3x8e_gcc_rel.a(uotghs_device.o)
                0x00084540                UDD_WaitIN
 .text.UDD_WaitOUT
                0x00084550       0x10 D:\Arduino\ide\portable\packages\arduino\hardware\sam\1.6.11\variants\arduino_due_x/libsam_sam3x8e_gcc_rel.a(uotghs_device.o)
                0x00084550                UDD_WaitOUT
 .text.UDD_ClearIN
                0x00084560       0x18 D:\Arduino\ide\portable\packages\arduino\hardware\sam\1.6.11\variants\arduino_due_x/libsam_sam3x8e_gcc_rel.a(uotghs_device.o)
                0x00084560                UDD_ClearIN
 .text.UDD_ClearOUT
                0x00084578       0x18 D:\Arduino\ide\portable\packages\arduino\hardware\sam\1.6.11\variants\arduino_due_x/libsam_sam3x8e_gcc_rel.a(uotghs_device.o)
                0x00084578                UDD_ClearOUT
 .text.UDD_ReceivedSetupInt
                0x00084590       0x10 D:\Arduino\ide\portable\packages\arduino\hardware\sam\1.6.11\variants\arduino_due_x/libsam_sam3x8e_gcc_rel.a(uotghs_device.o)
                0x00084590                UDD_ReceivedSetupInt
 .text.UDD_ClearSetupInt
                0x000845a0       0x10 D:\Arduino\ide\portable\packages\arduino\hardware\sam\1.6.11\variants\arduino_due_x/libsam_sam3x8e_gcc_rel.a(uotghs_device.o)
                0x000845a0                UDD_ClearSetupInt
 .text.UDD_Send
                0x000845b0       0x88 D:\Arduino\ide\portable\packages\arduino\hardware\sam\1.6.11\variants\arduino_due_x/libsam_sam3x8e_gcc_rel.a(uotghs_device.o)
                0x000845b0                UDD_Send
 .text.UDD_Send8
                0x00084638       0x24 D:\Arduino\ide\portable\packages\arduino\hardware\sam\1.6.11\variants\arduino_due_x/libsam_sam3x8e_gcc_rel.a(uotghs_device.o)
                0x00084638                UDD_Send8
 .text.UDD_Recv8
                0x0008465c       0x28 D:\Arduino\ide\portable\packages\arduino\hardware\sam\1.6.11\variants\arduino_due_x/libsam_sam3x8e_gcc_rel.a(uotghs_device.o)
                0x0008465c                UDD_Recv8
 .text.UDD_Recv
                0x00084684       0x34 D:\Arduino\ide\portable\packages\arduino\hardware\sam\1.6.11\variants\arduino_due_x/libsam_sam3x8e_gcc_rel.a(uotghs_device.o)
                0x00084684                UDD_Recv
 .text.UDD_Stall
                0x000846b8       0x14 D:\Arduino\ide\portable\packages\arduino\hardware\sam\1.6.11\variants\arduino_due_x/libsam_sam3x8e_gcc_rel.a(uotghs_device.o)
                0x000846b8                UDD_Stall
 .text.UDD_FifoByteCount
                0x000846cc       0x14 D:\Arduino\ide\portable\packages\arduino\hardware\sam\1.6.11\variants\arduino_due_x/libsam_sam3x8e_gcc_rel.a(uotghs_device.o)
                0x000846cc                UDD_FifoByteCount
 .text.UDD_ReleaseRX
                0x000846e0       0x28 D:\Arduino\ide\portable\packages\arduino\hardware\sam\1.6.11\variants\arduino_due_x/libsam_sam3x8e_gcc_rel.a(uotghs_device.o)
                0x000846e0                UDD_ReleaseRX
 .text.UDD_ReleaseTX
                0x00084708       0x28 D:\Arduino\ide\portable\packages\arduino\hardware\sam\1.6.11\variants\arduino_due_x/libsam_sam3x8e_gcc_rel.a(uotghs_device.o)
                0x00084708                UDD_ReleaseTX
 .text.UDD_SetAddress
                0x00084730       0x20 D:\Arduino\ide\portable\packages\arduino\hardware\sam\1.6.11\variants\arduino_due_x/libsam_sam3x8e_gcc_rel.a(uotghs_device.o)
                0x00084730                UDD_SetAddress
 .text.__libc_init_array
                0x00084750       0x50 d:/arduino/ide/portable/packages/arduino/tools/arm-none-eabi-gcc/4.8.3-2014q1/bin/../lib/gcc/arm-none-eabi/4.8.3/../../../../arm-none-eabi/lib/armv7-m\libg.a(lib_a-init.o)
                0x00084750                __libc_init_array
 .text.iprintf  0x000847a0       0x28 d:/arduino/ide/portable/packages/arduino/tools/arm-none-eabi-gcc/4.8.3-2014q1/bin/../lib/gcc/arm-none-eabi/4.8.3/../../../../arm-none-eabi/lib/armv7-m\libg.a(lib_a-iprintf.o)
                0x000847a0                iprintf
 .text.malloc   0x000847c8       0x10 d:/arduino/ide/portable/packages/arduino/tools/arm-none-eabi-gcc/4.8.3-2014q1/bin/../lib/gcc/arm-none-eabi/4.8.3/../../../../arm-none-eabi/lib/armv7-m\libg.a(lib_a-malloc.o)
                0x000847c8                malloc
 .text.free     0x000847d8       0x10 d:/arduino/ide/portable/packages/arduino/tools/arm-none-eabi-gcc/4.8.3-2014q1/bin/../lib/gcc/arm-none-eabi/4.8.3/../../../../arm-none-eabi/lib/armv7-m\libg.a(lib_a-malloc.o)
                0x000847d8                free
 .text._malloc_r
                0x000847e8      0x538 d:/arduino/ide/portable/packages/arduino/tools/arm-none-eabi-gcc/4.8.3-2014q1/bin/../lib/gcc/arm-none-eabi/4.8.3/../../../../arm-none-eabi/lib/armv7-m\libg.a(lib_a-mallocr.o)
                0x000847e8                _malloc_r
 .text          0x00084d20       0xec d:/arduino/ide/portable/packages/arduino/tools/arm-none-eabi-gcc/4.8.3-2014q1/bin/../lib/gcc/arm-none-eabi/4.8.3/../../../../arm-none-eabi/lib/armv7-m\libg.a(lib_a-memcpy.o)
                0x00084d20                memcpy
 .text.memmove  0x00084e0c       0xcc d:/arduino/ide/portable/packages/arduino/tools/arm-none-eabi-gcc/4.8.3-2014q1/bin/../lib/gcc/arm-none-eabi/4.8.3/../../../../arm-none-eabi/lib/armv7-m\libg.a(lib_a-memmove.o)
                0x00084e0c                memmove
 .text.memset   0x00084ed8       0x94 d:/arduino/ide/portable/packages/arduino/tools/arm-none-eabi-gcc/4.8.3-2014q1/bin/../lib/gcc/arm-none-eabi/4.8.3/../../../../arm-none-eabi/lib/armv7-m\libg.a(lib_a-memset.o)
                0x00084ed8                memset
 .text.__malloc_lock
                0x00084f6c        0x4 d:/arduino/ide/portable/packages/arduino/tools/arm-none-eabi-gcc/4.8.3-2014q1/bin/../lib/gcc/arm-none-eabi/4.8.3/../../../../arm-none-eabi/lib/armv7-m\libg.a(lib_a-mlock.o)
                0x00084f6c                __malloc_lock
 .text.__malloc_unlock
                0x00084f70        0x4 d:/arduino/ide/portable/packages/arduino/tools/arm-none-eabi-gcc/4.8.3-2014q1/bin/../lib/gcc/arm-none-eabi/4.8.3/../../../../arm-none-eabi/lib/armv7-m\libg.a(lib_a-mlock.o)
                0x00084f70                __malloc_unlock
 .text.realloc  0x00084f74       0x10 d:/arduino/ide/portable/packages/arduino/tools/arm-none-eabi-gcc/4.8.3-2014q1/bin/../lib/gcc/arm-none-eabi/4.8.3/../../../../arm-none-eabi/lib/armv7-m\libg.a(lib_a-realloc.o)
                0x00084f74                realloc
 .text._realloc_r
                0x00084f84      0x3c0 d:/arduino/ide/portable/packages/arduino/tools/arm-none-eabi-gcc/4.8.3-2014q1/bin/../lib/gcc/arm-none-eabi/4.8.3/../../../../arm-none-eabi/lib/armv7-m\libg.a(lib_a-reallocr.o)
                0x00084f84                _realloc_r
 .text._sbrk_r  0x00085344       0x24 d:/arduino/ide/portable/packages/arduino/tools/arm-none-eabi-gcc/4.8.3-2014q1/bin/../lib/gcc/arm-none-eabi/4.8.3/../../../../arm-none-eabi/lib/armv7-m\libg.a(lib_a-sbrkr.o)
                0x00085344                _sbrk_r
 .text.strcpy   0x00085368       0xbc d:/arduino/ide/portable/packages/arduino/tools/arm-none-eabi-gcc/4.8.3-2014q1/bin/../lib/gcc/arm-none-eabi/4.8.3/../../../../arm-none-eabi/lib/armv7-m\libg.a(lib_a-strcpy.o)
                0x00085368                strcpy
 .text.strlen   0x00085424       0x60 d:/arduino/ide/portable/packages/arduino/tools/arm-none-eabi-gcc/4.8.3-2014q1/bin/../lib/gcc/arm-none-eabi/4.8.3/../../../../arm-none-eabi/lib/armv7-m\libg.a(lib_a-strlen.o)
                0x00085424                strlen
 .text.kill     0x00085484       0x10 d:/arduino/ide/portable/packages/arduino/tools/arm-none-eabi-gcc/4.8.3-2014q1/bin/../lib/gcc/arm-none-eabi/4.8.3/../../../../arm-none-eabi/lib/armv7-m\libg.a(lib_a-syskill.o)
                0x00085484                kill
 .text.__sprint_r.part.0
                0x00085494       0x78 d:/arduino/ide/portable/packages/arduino/tools/arm-none-eabi-gcc/4.8.3-2014q1/bin/../lib/gcc/arm-none-eabi/4.8.3/../../../../arm-none-eabi/lib/armv7-m\libg.a(lib_a-vfiprintf.o)
 .text._vfiprintf_r
                0x0008550c      0xc54 d:/arduino/ide/portable/packages/arduino/tools/arm-none-eabi-gcc/4.8.3-2014q1/bin/../lib/gcc/arm-none-eabi/4.8.3/../../../../arm-none-eabi/lib/armv7-m\libg.a(lib_a-vfiprintf.o)
                0x0008550c                _vfiprintf_r
 .text.__sbprintf
                0x00086160       0x7c d:/arduino/ide/portable/packages/arduino/tools/arm-none-eabi-gcc/4.8.3-2014q1/bin/../lib/gcc/arm-none-eabi/4.8.3/../../../../arm-none-eabi/lib/armv7-m\libg.a(lib_a-vfiprintf.o)
 .text.__swsetup_r
                0x000861dc       0xc4 d:/arduino/ide/portable/packages/arduino/tools/arm-none-eabi-gcc/4.8.3-2014q1/bin/../lib/gcc/arm-none-eabi/4.8.3/../../../../arm-none-eabi/lib/armv7-m\libg.a(lib_a-wsetup.o)
                0x000861dc                __swsetup_r
 .text.startup.register_fini
                0x000862a0       0x14 d:/arduino/ide/portable/packages/arduino/tools/arm-none-eabi-gcc/4.8.3-2014q1/bin/../lib/gcc/arm-none-eabi/4.8.3/../../../../arm-none-eabi/lib/armv7-m\libg.a(lib_a-__call_atexit.o)
 .text.atexit   0x000862b4        0xc d:/arduino/ide/portable/packages/arduino/tools/arm-none-eabi-gcc/4.8.3-2014q1/bin/../lib/gcc/arm-none-eabi/4.8.3/../../../../arm-none-eabi/lib/armv7-m\libg.a(lib_a-atexit.o)
                0x000862b4                atexit
 .text.__sflush_r
                0x000862c0      0x148 d:/arduino/ide/portable/packages/arduino/tools/arm-none-eabi-gcc/4.8.3-2014q1/bin/../lib/gcc/arm-none-eabi/4.8.3/../../../../arm-none-eabi/lib/armv7-m\libg.a(lib_a-fflush.o)
                0x000862c0                __sflush_r
 .text._fflush_r
                0x00086408       0x2c d:/arduino/ide/portable/packages/arduino/tools/arm-none-eabi-gcc/4.8.3-2014q1/bin/../lib/gcc/arm-none-eabi/4.8.3/../../../../arm-none-eabi/lib/armv7-m\libg.a(lib_a-fflush.o)
                0x00086408                _fflush_r
 .text._cleanup_r
                0x00086434        0xc d:/arduino/ide/portable/packages/arduino/tools/arm-none-eabi-gcc/4.8.3-2014q1/bin/../lib/gcc/arm-none-eabi/4.8.3/../../../../arm-none-eabi/lib/armv7-m\libg.a(lib_a-findfp.o)
                0x00086434                _cleanup_r
 .text.__sinit  0x00086440       0xf4 d:/arduino/ide/portable/packages/arduino/tools/arm-none-eabi-gcc/4.8.3-2014q1/bin/../lib/gcc/arm-none-eabi/4.8.3/../../../../arm-none-eabi/lib/armv7-m\libg.a(lib_a-findfp.o)
                0x00086440                __sinit
 .text.__sfp_lock_acquire
                0x00086534        0x4 d:/arduino/ide/portable/packages/arduino/tools/arm-none-eabi-gcc/4.8.3-2014q1/bin/../lib/gcc/arm-none-eabi/4.8.3/../../../../arm-none-eabi/lib/armv7-m\libg.a(lib_a-findfp.o)
                0x00086534                __sfp_lock_acquire
 .text.__sfp_lock_release
                0x00086538        0x4 d:/arduino/ide/portable/packages/arduino/tools/arm-none-eabi-gcc/4.8.3-2014q1/bin/../lib/gcc/arm-none-eabi/4.8.3/../../../../arm-none-eabi/lib/armv7-m\libg.a(lib_a-findfp.o)
                0x00086538                __sfp_lock_release
 .text.__libc_fini_array
                0x0008653c       0x30 d:/arduino/ide/portable/packages/arduino/tools/arm-none-eabi-gcc/4.8.3-2014q1/bin/../lib/gcc/arm-none-eabi/4.8.3/../../../../arm-none-eabi/lib/armv7-m\libg.a(lib_a-fini.o)
                0x0008653c                __libc_fini_array
 .text._fputwc_r
                0x0008656c       0xc0 d:/arduino/ide/portable/packages/arduino/tools/arm-none-eabi-gcc/4.8.3-2014q1/bin/../lib/gcc/arm-none-eabi/4.8.3/../../../../arm-none-eabi/lib/armv7-m\libg.a(lib_a-fputwc.o)
                0x0008656c                _fputwc_r
 .text._malloc_trim_r
                0x0008662c       0x9c d:/arduino/ide/portable/packages/arduino/tools/arm-none-eabi-gcc/4.8.3-2014q1/bin/../lib/gcc/arm-none-eabi/4.8.3/../../../../arm-none-eabi/lib/armv7-m\libg.a(lib_a-freer.o)
                0x0008662c                _malloc_trim_r
 .text._free_r  0x000866c8      0x198 d:/arduino/ide/portable/packages/arduino/tools/arm-none-eabi-gcc/4.8.3-2014q1/bin/../lib/gcc/arm-none-eabi/4.8.3/../../../../arm-none-eabi/lib/armv7-m\libg.a(lib_a-freer.o)
                0x000866c8                _free_r
 .text.__sfvwrite_r
                0x00086860      0x314 d:/arduino/ide/portable/packages/arduino/tools/arm-none-eabi-gcc/4.8.3-2014q1/bin/../lib/gcc/arm-none-eabi/4.8.3/../../../../arm-none-eabi/lib/armv7-m\libg.a(lib_a-fvwrite.o)
                0x00086860                __sfvwrite_r
 .text._fwalk   0x00086b74       0x48 d:/arduino/ide/portable/packages/arduino/tools/arm-none-eabi-gcc/4.8.3-2014q1/bin/../lib/gcc/arm-none-eabi/4.8.3/../../../../arm-none-eabi/lib/armv7-m\libg.a(lib_a-fwalk.o)
                0x00086b74                _fwalk
 .text.__locale_charset
                0x00086bbc        0x8 d:/arduino/ide/portable/packages/arduino/tools/arm-none-eabi-gcc/4.8.3-2014q1/bin/../lib/gcc/arm-none-eabi/4.8.3/../../../../arm-none-eabi/lib/armv7-m\libg.a(lib_a-locale.o)
                0x00086bbc                __locale_charset
 .text.__locale_mb_cur_max
                0x00086bc4        0xc d:/arduino/ide/portable/packages/arduino/tools/arm-none-eabi-gcc/4.8.3-2014q1/bin/../lib/gcc/arm-none-eabi/4.8.3/../../../../arm-none-eabi/lib/armv7-m\libg.a(lib_a-locale.o)
                0x00086bc4                __locale_mb_cur_max
 .text.__smakebuf_r
                0x00086bd0       0xe0 d:/arduino/ide/portable/packages/arduino/tools/arm-none-eabi-gcc/4.8.3-2014q1/bin/../lib/gcc/arm-none-eabi/4.8.3/../../../../arm-none-eabi/lib/armv7-m\libg.a(lib_a-makebuf.o)
                0x00086bd0                __smakebuf_r
 .text.memchr   0x00086cb0       0x94 d:/arduino/ide/portable/packages/arduino/tools/arm-none-eabi-gcc/4.8.3-2014q1/bin/../lib/gcc/arm-none-eabi/4.8.3/../../../../arm-none-eabi/lib/armv7-m\libg.a(lib_a-memchr-stub.o)
                0x00086cb0                memchr
 .text._kill_r  0x00086d44       0x28 d:/arduino/ide/portable/packages/arduino/tools/arm-none-eabi-gcc/4.8.3-2014q1/bin/../lib/gcc/arm-none-eabi/4.8.3/../../../../arm-none-eabi/lib/armv7-m\libg.a(lib_a-signalr.o)
                0x00086d44                _kill_r
 .text.__sread  0x00086d6c       0x24 d:/arduino/ide/portable/packages/arduino/tools/arm-none-eabi-gcc/4.8.3-2014q1/bin/../lib/gcc/arm-none-eabi/4.8.3/../../../../arm-none-eabi/lib/armv7-m\libg.a(lib_a-stdio.o)
                0x00086d6c                __sread
 .text.__swrite
                0x00086d90       0x38 d:/arduino/ide/portable/packages/arduino/tools/arm-none-eabi-gcc/4.8.3-2014q1/bin/../lib/gcc/arm-none-eabi/4.8.3/../../../../arm-none-eabi/lib/armv7-m\libg.a(lib_a-stdio.o)
                0x00086d90                __swrite
 .text.__sseek  0x00086dc8       0x20 d:/arduino/ide/portable/packages/arduino/tools/arm-none-eabi-gcc/4.8.3-2014q1/bin/../lib/gcc/arm-none-eabi/4.8.3/../../../../arm-none-eabi/lib/armv7-m\libg.a(lib_a-stdio.o)
                0x00086dc8                __sseek
 .text.__sclose
                0x00086de8        0x8 d:/arduino/ide/portable/packages/arduino/tools/arm-none-eabi-gcc/4.8.3-2014q1/bin/../lib/gcc/arm-none-eabi/4.8.3/../../../../arm-none-eabi/lib/armv7-m\libg.a(lib_a-stdio.o)
                0x00086de8                __sclose
 .text.__swbuf_r
                0x00086df0       0xa8 d:/arduino/ide/portable/packages/arduino/tools/arm-none-eabi-gcc/4.8.3-2014q1/bin/../lib/gcc/arm-none-eabi/4.8.3/../../../../arm-none-eabi/lib/armv7-m\libg.a(lib_a-wbuf.o)
                0x00086df0                __swbuf_r
 .text._wcrtomb_r
                0x00086e98       0x50 d:/arduino/ide/portable/packages/arduino/tools/arm-none-eabi-gcc/4.8.3-2014q1/bin/../lib/gcc/arm-none-eabi/4.8.3/../../../../arm-none-eabi/lib/armv7-m\libg.a(lib_a-wcrtomb.o)
                0x00086e98                _wcrtomb_r
 .text.__ascii_wctomb
                0x00086ee8       0x1c d:/arduino/ide/portable/packages/arduino/tools/arm-none-eabi-gcc/4.8.3-2014q1/bin/../lib/gcc/arm-none-eabi/4.8.3/../../../../arm-none-eabi/lib/armv7-m\libg.a(lib_a-wctomb_r.o)
                0x00086ee8                __ascii_wctomb
 .text._write_r
                0x00086f04       0x28 d:/arduino/ide/portable/packages/arduino/tools/arm-none-eabi-gcc/4.8.3-2014q1/bin/../lib/gcc/arm-none-eabi/4.8.3/../../../../arm-none-eabi/lib/armv7-m\libg.a(lib_a-writer.o)
                0x00086f04                _write_r
 .text.__register_exitproc
                0x00086f2c       0xa8 d:/arduino/ide/portable/packages/arduino/tools/arm-none-eabi-gcc/4.8.3-2014q1/bin/../lib/gcc/arm-none-eabi/4.8.3/../../../../arm-none-eabi/lib/armv7-m\libg.a(lib_a-__atexit.o)
                0x00086f2c                __register_exitproc
 .text._close_r
                0x00086fd4       0x24 d:/arduino/ide/portable/packages/arduino/tools/arm-none-eabi-gcc/4.8.3-2014q1/bin/../lib/gcc/arm-none-eabi/4.8.3/../../../../arm-none-eabi/lib/armv7-m\libg.a(lib_a-closer.o)
                0x00086fd4                _close_r
 .text._fclose_r
                0x00086ff8       0x80 d:/arduino/ide/portable/packages/arduino/tools/arm-none-eabi-gcc/4.8.3-2014q1/bin/../lib/gcc/arm-none-eabi/4.8.3/../../../../arm-none-eabi/lib/armv7-m\libg.a(lib_a-fclose.o)
                0x00086ff8                _fclose_r
 .text.fclose   0x00087078       0x10 d:/arduino/ide/portable/packages/arduino/tools/arm-none-eabi-gcc/4.8.3-2014q1/bin/../lib/gcc/arm-none-eabi/4.8.3/../../../../arm-none-eabi/lib/armv7-m\libg.a(lib_a-fclose.o)
                0x00087078                fclose
 .text._fstat_r
                0x00087088       0x28 d:/arduino/ide/portable/packages/arduino/tools/arm-none-eabi-gcc/4.8.3-2014q1/bin/../lib/gcc/arm-none-eabi/4.8.3/../../../../arm-none-eabi/lib/armv7-m\libg.a(lib_a-fstatr.o)
                0x00087088                _fstat_r
 .text._isatty_r
                0x000870b0       0x24 d:/arduino/ide/portable/packages/arduino/tools/arm-none-eabi-gcc/4.8.3-2014q1/bin/../lib/gcc/arm-none-eabi/4.8.3/../../../../arm-none-eabi/lib/armv7-m\libg.a(lib_a-isattyr.o)
                0x000870b0                _isatty_r
 .text._lseek_r
                0x000870d4       0x28 d:/arduino/ide/portable/packages/arduino/tools/arm-none-eabi-gcc/4.8.3-2014q1/bin/../lib/gcc/arm-none-eabi/4.8.3/../../../../arm-none-eabi/lib/armv7-m\libg.a(lib_a-lseekr.o)
                0x000870d4                _lseek_r
 .text._read_r  0x000870fc       0x28 d:/arduino/ide/portable/packages/arduino/tools/arm-none-eabi-gcc/4.8.3-2014q1/bin/../lib/gcc/arm-none-eabi/4.8.3/../../../../arm-none-eabi/lib/armv7-m\libg.a(lib_a-readr.o)
                0x000870fc                _read_r
 .text          0x00087124       0x2c d:/arduino/ide/portable/packages/arduino/tools/arm-none-eabi-gcc/4.8.3-2014q1/bin/../lib/gcc/arm-none-eabi/4.8.3/armv7-m\libgcc.a(_aeabi_uldivmod.o)
                0x00087124                __aeabi_uldivmod
 .text          0x00087150       0x60 d:/arduino/ide/portable/packages/arduino/tools/arm-none-eabi-gcc/4.8.3-2014q1/bin/../lib/gcc/arm-none-eabi/4.8.3/armv7-m\libgcc.a(bpabi.o)
                0x00087150                __gnu_ldivmod_helper
                0x00087180                __gnu_uldivmod_helper
 .text          0x000871b0        0x4 d:/arduino/ide/portable/packages/arduino/tools/arm-none-eabi-gcc/4.8.3-2014q1/bin/../lib/gcc/arm-none-eabi/4.8.3/armv7-m\libgcc.a(_dvmd_tls.o)
                0x000871b0                __aeabi_idiv0
                0x000871b0                __aeabi_ldiv0
 .text          0x000871b4      0x2a0 d:/arduino/ide/portable/packages/arduino/tools/arm-none-eabi-gcc/4.8.3-2014q1/bin/../lib/gcc/arm-none-eabi/4.8.3/armv7-m\libgcc.a(_divdi3.o)
                0x000871b4                __divdi3
 .text          0x00087454      0x290 d:/arduino/ide/portable/packages/arduino/tools/arm-none-eabi-gcc/4.8.3-2014q1/bin/../lib/gcc/arm-none-eabi/4.8.3/armv7-m\libgcc.a(_udivdi3.o)
                0x00087454                __udivdi3
 *(.glue_7t)
 .glue_7t       0x00000000        0x0 linker stubs
 *(.glue_7)
 .glue_7        0x00000000        0x0 linker stubs
 *(.rodata .rodata* .gnu.linkonce.r.*)
 .rodata.str1.1
                0x000876e4       0x29 C:\Users\MX\AppData\Local\Temp\VMBuilds\NV10_dashboard\arduino_due_x_dbg\Release\NV10_dashboard.cpp.o
 *fill*         0x0008770d        0x3 
 .rodata._ZTV14DisplayElement
                0x00087710       0x20 C:\Users\MX\AppData\Local\Temp\VMBuilds\NV10_dashboard\arduino_due_x_dbg\Release\DisplayElement.cpp.o
                0x00087710                vtable for DisplayElement
 .rodata.str1.1
                0x00087730       0x44 C:\Users\MX\AppData\Local\Temp\VMBuilds\NV10_dashboard\arduino_due_x_dbg\Release\DisplayText.cpp.o
                                 0x47 (size before relaxing)
 *fill*         0x00087774        0x4 
 .rodata._ZTV11DisplayText
                0x00087778       0x20 C:\Users\MX\AppData\Local\Temp\VMBuilds\NV10_dashboard\arduino_due_x_dbg\Release\DisplayText.cpp.o
                0x00087778                vtable for DisplayText
 .rodata.str1.1
                0x00087798        0x5 C:\Users\MX\AppData\Local\Temp\VMBuilds\NV10_dashboard\arduino_due_x_dbg\Release\FreeRTOS_ARM\utility\tasks.c.o
 .rodata.str1.1
                0x0008779d        0x8 C:\Users\MX\AppData\Local\Temp\VMBuilds\NV10_dashboard\arduino_due_x_dbg\Release\FreeRTOS_ARM\utility\timers.c.o
 *fill*         0x000877a5        0x3 
 .rodata._ZTV7ILI9488
                0x000877a8       0x50 C:\Users\MX\AppData\Local\Temp\VMBuilds\NV10_dashboard\arduino_due_x_dbg\Release\ILI9488\ILI9488.cpp.o
                0x000877a8                vtable for ILI9488
 .rodata._ZTV12Adafruit_GFX
                0x000877f8       0x50 C:\Users\MX\AppData\Local\Temp\VMBuilds\NV10_dashboard\arduino_due_x_dbg\Release\Adafruit_GFX_Library\Adafruit_GFX.cpp.o
                0x000877f8                vtable for Adafruit_GFX
 .rodata._ZL4font
                0x00087848      0x500 C:\Users\MX\AppData\Local\Temp\VMBuilds\NV10_dashboard\arduino_due_x_dbg\Release\Adafruit_GFX_Library\Adafruit_GFX.cpp.o
 .rodata.g_APinDescription
                0x00087d48      0xa2c C:\Users\MX\AppData\Local\Temp\VMBCore\arduino16x\6c87fd5e81d2326508468050926cf54f\variant\variant.cpp.o
                0x00087d48                g_APinDescription
 .rodata        0x00088774       0x40 D:\Arduino\ide\portable\packages\arduino\hardware\sam\1.6.11\variants\arduino_due_x/libsam_sam3x8e_gcc_rel.a(adc.o)
 .rodata.str1.1
                0x000887b4       0x19 C:\Users\MX\AppData\Local\Temp\VMBuilds\NV10_dashboard\arduino_due_x_dbg\Release/core.a(syscalls_sam3.c.o)
 .rodata.str1.1
                0x000887cd        0xf C:\Users\MX\AppData\Local\Temp\VMBuilds\NV10_dashboard\arduino_due_x_dbg\Release/core.a(Print.cpp.o)
 *fill*         0x000887dc        0x4 
 .rodata._ZTV9UARTClass
                0x000887e0       0x30 C:\Users\MX\AppData\Local\Temp\VMBuilds\NV10_dashboard\arduino_due_x_dbg\Release/core.a(UARTClass.cpp.o)
                0x000887e0                vtable for UARTClass
 .rodata._ZTV10USARTClass
                0x00088810       0x30 C:\Users\MX\AppData\Local\Temp\VMBuilds\NV10_dashboard\arduino_due_x_dbg\Release/core.a(USARTClass.cpp.o)
                0x00088810                vtable for USARTClass
 .rodata.STRING_PRODUCT
                0x00088840        0xc C:\Users\MX\AppData\Local\Temp\VMBuilds\NV10_dashboard\arduino_due_x_dbg\Release/core.a(USBCore.cpp.o)
                0x00088840                STRING_PRODUCT
 .rodata.USB_DeviceDescriptor
                0x0008884c       0x12 C:\Users\MX\AppData\Local\Temp\VMBuilds\NV10_dashboard\arduino_due_x_dbg\Release/core.a(USBCore.cpp.o)
                0x0008884c                USB_DeviceDescriptor
 .rodata.STRING_LANGUAGE
                0x0008885e        0x4 C:\Users\MX\AppData\Local\Temp\VMBuilds\NV10_dashboard\arduino_due_x_dbg\Release/core.a(USBCore.cpp.o)
                0x0008885e                STRING_LANGUAGE
 .rodata._ZL18test_packet_buffer
                0x00088862       0x35 C:\Users\MX\AppData\Local\Temp\VMBuilds\NV10_dashboard\arduino_due_x_dbg\Release/core.a(USBCore.cpp.o)
 .rodata.STRING_MANUFACTURER