Archive member included because of file (symbol)

D:\Arduino\ide\portable\packages\arduino\hardware\sam\1.6.11\variants\arduino_due_x/libsam_sam3x8e_gcc_rel.a(pio.o)
                              C:\Users\MX\AppData\Local\Temp\VMBuilds\NV10_dashboard\arduino_due_x_dbg\Release\SPI\SPI.cpp.o (PIO_Configure)
D:\Arduino\ide\portable\packages\arduino\hardware\sam\1.6.11\variants\arduino_due_x/libsam_sam3x8e_gcc_rel.a(pmc.o)
                              C:\Users\MX\AppData\Local\Temp\VMBCore\arduino16x\6c87fd5e81d2326508468050926cf54f\variant\variant.cpp.o (pmc_enable_periph_clk)
D:\Arduino\ide\portable\packages\arduino\hardware\sam\1.6.11\variants\arduino_due_x/libsam_sam3x8e_gcc_rel.a(spi.o)
                              C:\Users\MX\AppData\Local\Temp\VMBuilds\NV10_dashboard\arduino_due_x_dbg\Release\SPI\SPI.cpp.o (SPI_Enable)
D:\Arduino\ide\portable\packages\arduino\hardware\sam\1.6.11\variants\arduino_due_x/libsam_sam3x8e_gcc_rel.a(system_sam3xa.o)
                              C:\Users\MX\AppData\Local\Temp\VMBCore\arduino16x\6c87fd5e81d2326508468050926cf54f\variant\variant.cpp.o (SystemInit)
D:\Arduino\ide\portable\packages\arduino\hardware\sam\1.6.11\variants\arduino_due_x/libsam_sam3x8e_gcc_rel.a(startup_sam3xa.o)
                              (Reset_Handler)
D:\Arduino\ide\portable\packages\arduino\hardware\sam\1.6.11\variants\arduino_due_x/libsam_sam3x8e_gcc_rel.a(adc.o)
                              C:\Users\MX\AppData\Local\Temp\VMBCore\arduino16x\6c87fd5e81d2326508468050926cf54f\variant\variant.cpp.o (adc_init)
D:\Arduino\ide\portable\packages\arduino\hardware\sam\1.6.11\variants\arduino_due_x/libsam_sam3x8e_gcc_rel.a(uotghs.o)
                              D:\Arduino\ide\portable\packages\arduino\hardware\sam\1.6.11\variants\arduino_due_x/libsam_sam3x8e_gcc_rel.a(startup_sam3xa.o) (UOTGHS_Handler)
C:\Users\MX\AppData\Local\Temp\VMBuilds\NV10_dashboard\arduino_due_x_dbg\Release/core.a(cortex_handlers.c.o)
                              D:\Arduino\ide\portable\packages\arduino\hardware\sam\1.6.11\variants\arduino_due_x/libsam_sam3x8e_gcc_rel.a(startup_sam3xa.o) (NMI_Handler)
C:\Users\MX\AppData\Local\Temp\VMBuilds\NV10_dashboard\arduino_due_x_dbg\Release/core.a(syscalls_sam3.c.o)
                              (_sbrk)
C:\Users\MX\AppData\Local\Temp\VMBuilds\NV10_dashboard\arduino_due_x_dbg\Release/core.a(wiring.c.o)
                              C:\Users\MX\AppData\Local\Temp\VMBuilds\NV10_dashboard\arduino_due_x_dbg\Release\NV10_dashboard.cpp.o (delay)
C:\Users\MX\AppData\Local\Temp\VMBuilds\NV10_dashboard\arduino_due_x_dbg\Release/core.a(wiring_analog.c.o)
                              C:\Users\MX\AppData\Local\Temp\VMBCore\arduino16x\6c87fd5e81d2326508468050926cf54f\variant\variant.cpp.o (analogOutputInit)
C:\Users\MX\AppData\Local\Temp\VMBuilds\NV10_dashboard\arduino_due_x_dbg\Release/core.a(wiring_digital.c.o)
                              C:\Users\MX\AppData\Local\Temp\VMBuilds\NV10_dashboard\arduino_due_x_dbg\Release\NV10_dashboard.cpp.o (pinMode)
C:\Users\MX\AppData\Local\Temp\VMBuilds\NV10_dashboard\arduino_due_x_dbg\Release/core.a(abi.cpp.o)
                              C:\Users\MX\AppData\Local\Temp\VMBuilds\NV10_dashboard\arduino_due_x_dbg\Release\DisplayBar.cpp.o (__cxa_pure_virtual)
C:\Users\MX\AppData\Local\Temp\VMBuilds\NV10_dashboard\arduino_due_x_dbg\Release/core.a(main.cpp.o)
                              d:/arduino/ide/portable/packages/arduino/tools/arm-none-eabi-gcc/4.8.3-2014q1/bin/../lib/gcc/arm-none-eabi/4.8.3/../../../../arm-none-eabi/lib/armv7-m/crt0.o (main)
C:\Users\MX\AppData\Local\Temp\VMBuilds\NV10_dashboard\arduino_due_x_dbg\Release/core.a(Print.cpp.o)
                              C:\Users\MX\AppData\Local\Temp\VMBuilds\NV10_dashboard\arduino_due_x_dbg\Release\ILI9488\ILI9488.cpp.o (Print::write(unsigned char const*, unsigned int))
C:\Users\MX\AppData\Local\Temp\VMBuilds\NV10_dashboard\arduino_due_x_dbg\Release/core.a(Reset.cpp.o)
                              C:\Users\MX\AppData\Local\Temp\VMBuilds\NV10_dashboard\arduino_due_x_dbg\Release/core.a(cortex_handlers.c.o) (tickReset)
C:\Users\MX\AppData\Local\Temp\VMBuilds\NV10_dashboard\arduino_due_x_dbg\Release/core.a(RingBuffer.cpp.o)
                              C:\Users\MX\AppData\Local\Temp\VMBCore\arduino16x\6c87fd5e81d2326508468050926cf54f\variant\variant.cpp.o (RingBuffer::RingBuffer())
C:\Users\MX\AppData\Local\Temp\VMBuilds\NV10_dashboard\arduino_due_x_dbg\Release/core.a(UARTClass.cpp.o)
                              C:\Users\MX\AppData\Local\Temp\VMBuilds\NV10_dashboard\arduino_due_x_dbg\Release\FreeRTOS_ARM\basic_io_arm.cpp.o (UARTClass::available())
C:\Users\MX\AppData\Local\Temp\VMBuilds\NV10_dashboard\arduino_due_x_dbg\Release/core.a(USARTClass.cpp.o)
                              C:\Users\MX\AppData\Local\Temp\VMBCore\arduino16x\6c87fd5e81d2326508468050926cf54f\variant\variant.cpp.o (USARTClass::USARTClass(Usart*, IRQn, unsigned long, RingBuffer*, RingBuffer*))
[...]
Memory Configuration

Name             Origin             Length             Attributes
rom              0x00080000         0x00080000         xr
sram0            0x20000000         0x00010000         xrw
sram1            0x20080000         0x00008000         xrw
ram              0x20070000         0x00018000         xrw
*default*        0x00000000         0xffffffff

Linker script and memory map

LOAD d:/arduino/ide/portable/packages/arduino/tools/arm-none-eabi-gcc/4.8.3-2014q1/bin/../lib/gcc/arm-none-eabi/4.8.3/armv7-m/crti.o
LOAD d:/arduino/ide/portable/packages/arduino/tools/arm-none-eabi-gcc/4.8.3-2014q1/bin/../lib/gcc/arm-none-eabi/4.8.3/armv7-m/crtbegin.o
LOAD d:/arduino/ide/portable/packages/arduino/tools/arm-none-eabi-gcc/4.8.3-2014q1/bin/../lib/gcc/arm-none-eabi/4.8.3/../../../../arm-none-eabi/lib/armv7-m/crt0.o
START GROUP
LOAD C:\Users\MX\AppData\Local\Temp\VMBuilds\NV10_dashboard\arduino_due_x_dbg\Release\NV10_dashboard.cpp.o
LOAD C:\Users\MX\AppData\Local\Temp\VMBuilds\NV10_dashboard\arduino_due_x_dbg\Release\DisplayBar.cpp.o
LOAD C:\Users\MX\AppData\Local\Temp\VMBuilds\NV10_dashboard\arduino_due_x_dbg\Release\DisplayContainer.cpp.o
LOAD C:\Users\MX\AppData\Local\Temp\VMBuilds\NV10_dashboard\arduino_due_x_dbg\Release\DisplayElement.cpp.o
LOAD C:\Users\MX\AppData\Local\Temp\VMBuilds\NV10_dashboard\arduino_due_x_dbg\Release\DisplayGauge.cpp.o
LOAD C:\Users\MX\AppData\Local\Temp\VMBuilds\NV10_dashboard\arduino_due_x_dbg\Release\DisplayText.cpp.o
LOAD C:\Users\MX\AppData\Local\Temp\VMBuilds\NV10_dashboard\arduino_due_x_dbg\Release\FreeRTOS_ARM\FreeRTOS_ARM.c.o
LOAD C:\Users\MX\AppData\Local\Temp\VMBuilds\NV10_dashboard\arduino_due_x_dbg\Release\FreeRTOS_ARM\assertMsg.cpp.o
LOAD C:\Users\MX\AppData\Local\Temp\VMBuilds\NV10_dashboard\arduino_due_x_dbg\Release\FreeRTOS_ARM\basic_io_arm.cpp.o
LOAD C:\Users\MX\AppData\Local\Temp\VMBuilds\NV10_dashboard\arduino_due_x_dbg\Release\FreeRTOS_ARM\utility\croutine.c.o
LOAD C:\Users\MX\AppData\Local\Temp\VMBuilds\NV10_dashboard\arduino_due_x_dbg\Release\FreeRTOS_ARM\utility\event_groups.c.o
LOAD C:\Users\MX\AppData\Local\Temp\VMBuilds\NV10_dashboard\arduino_due_x_dbg\Release\FreeRTOS_ARM\utility\heap_3.c.o
LOAD C:\Users\MX\AppData\Local\Temp\VMBuilds\NV10_dashboard\arduino_due_x_dbg\Release\FreeRTOS_ARM\utility\list.c.o
LOAD C:\Users\MX\AppData\Local\Temp\VMBuilds\NV10_dashboard\arduino_due_x_dbg\Release\FreeRTOS_ARM\utility\port.c.o
LOAD C:\Users\MX\AppData\Local\Temp\VMBuilds\NV10_dashboard\arduino_due_x_dbg\Release\FreeRTOS_ARM\utility\queue.c.o
LOAD C:\Users\MX\AppData\Local\Temp\VMBuilds\NV10_dashboard\arduino_due_x_dbg\Release\FreeRTOS_ARM\utility\tasks.c.o
LOAD C:\Users\MX\AppData\Local\Temp\VMBuilds\NV10_dashboard\arduino_due_x_dbg\Release\FreeRTOS_ARM\utility\timers.c.o
LOAD C:\Users\MX\AppData\Local\Temp\VMBuilds\NV10_dashboard\arduino_due_x_dbg\Release\ILI9488\ILI9488.cpp.o
LOAD C:\Users\MX\AppData\Local\Temp\VMBuilds\NV10_dashboard\arduino_due_x_dbg\Release\Adafruit_GFX_Library\glcdfont.c.o
LOAD C:\Users\MX\AppData\Local\Temp\VMBuilds\NV10_dashboard\arduino_due_x_dbg\Release\Adafruit_GFX_Library\Adafruit_GFX.cpp.o
LOAD C:\Users\MX\AppData\Local\Temp\VMBuilds\NV10_dashboard\arduino_due_x_dbg\Release\Adafruit_GFX_Library\Adafruit_SPITFT.cpp.o
LOAD C:\Users\MX\AppData\Local\Temp\VMBuilds\NV10_dashboard\arduino_due_x_dbg\Release\SPI\SPI.cpp.o
LOAD C:\Users\MX\AppData\Local\Temp\VMBCore\arduino16x\6c87fd5e81d2326508468050926cf54f\variant\variant.cpp.o
LOAD D:\Arduino\ide\portable\packages\arduino\hardware\sam\1.6.11\variants\arduino_due_x/libsam_sam3x8e_gcc_rel.a
LOAD C:\Users\MX\AppData\Local\Temp\VMBuilds\NV10_dashboard\arduino_due_x_dbg\Release/core.a
END GROUP
LOAD d:/arduino/ide/portable/packages/arduino/tools/arm-none-eabi-gcc/4.8.3-2014q1/bin/../lib/gcc/arm-none-eabi/4.8.3/../../../../arm-none-eabi/lib/armv7-m\libm.a
START GROUP
LOAD d:/arduino/ide/portable/packages/arduino/tools/arm-none-eabi-gcc/4.8.3-2014q1/bin/../lib/gcc/arm-none-eabi/4.8.3/armv7-m\libgcc.a
LOAD d:/arduino/ide/portable/packages/arduino/tools/arm-none-eabi-gcc/4.8.3-2014q1/bin/../lib/gcc/arm-none-eabi/4.8.3/../../../../arm-none-eabi/lib/armv7-m\libg.a
LOAD d:/arduino/ide/portable/packages/arduino/tools/arm-none-eabi-gcc/4.8.3-2014q1/bin/../lib/gcc/arm-none-eabi/4.8.3/../../../../arm-none-eabi/lib/armv7-m\libc.a
END GROUP
LOAD d:/arduino/ide/portable/packages/arduino/tools/arm-none-eabi-gcc/4.8.3-2014q1/bin/../lib/gcc/arm-none-eabi/4.8.3/armv7-m/crtend.o
LOAD d:/arduino/ide/portable/packages/arduino/tools/arm-none-eabi-gcc/4.8.3-2014q1/bin/../lib/gcc/arm-none-eabi/4.8.3/armv7-m/crtn.o

.text           0x00080000     0x8798
                0x00080000                . = ALIGN (0x4)
                0x00080000                _sfixed = .
 *(.vectors .vectors.*)
 .vectors       0x00080000       0xf4 D:\Arduino\ide\portable\packages\arduino\hardware\sam\1.6.11\variants\arduino_due_x/libsam_sam3x8e_gcc_rel.a(startup_sam3xa.o)
                0x00080000                exception_table
 *(.text .text.* .gnu.linkonce.t.*)
 .text          0x000800f4       0x54 d:/arduino/ide/portable/packages/arduino/tools/arm-none-eabi-gcc/4.8.3-2014q1/bin/../lib/gcc/arm-none-eabi/4.8.3/armv7-m/crtbegin.o
 .text.loop     0x00080148        0x2 C:\Users\MX\AppData\Local\Temp\VMBuilds\NV10_dashboard\arduino_due_x_dbg\Release\NV10_dashboard.cpp.o
                0x00080148                loop
 *fill*         0x0008014a        0x2 
 .text.setup    0x0008014c       0x60 C:\Users\MX\AppData\Local\Temp\VMBuilds\NV10_dashboard\arduino_due_x_dbg\Release\NV10_dashboard.cpp.o
                0x0008014c                setup
 .text._Z17TaskRefreshScreenPv
                0x000801ac       0x6c C:\Users\MX\AppData\Local\Temp\VMBuilds\NV10_dashboard\arduino_due_x_dbg\Release\NV10_dashboard.cpp.o
                0x000801ac                TaskRefreshScreen(void*)
 .text._ZN16DisplayContainerC2EP7ILI9488ii
                0x00080218        0xa C:\Users\MX\AppData\Local\Temp\VMBuilds\NV10_dashboard\arduino_due_x_dbg\Release\DisplayContainer.cpp.o
                0x00080218                DisplayContainer::DisplayContainer(ILI9488*, int, int)
                0x00080218                DisplayContainer::DisplayContainer(ILI9488*, int, int)
 *fill*         0x00080222        0x2 
 .text._ZN14DisplayElementC2Ev
                0x00080224        0xc C:\Users\MX\AppData\Local\Temp\VMBuilds\NV10_dashboard\arduino_due_x_dbg\Release\DisplayElement.cpp.o
                0x00080224                DisplayElement::DisplayElement()
                0x00080224                DisplayElement::DisplayElement()
 .text._ZN14DisplayElement4initEP7ILI9488tttt
                0x00080230       0x70 C:\Users\MX\AppData\Local\Temp\VMBuilds\NV10_dashboard\arduino_due_x_dbg\Release\DisplayElement.cpp.o
                0x00080230                DisplayElement::init(ILI9488*, unsigned short, unsigned short, unsigned short, unsigned short)
 .text._ZN11DisplayText4drawEv
                0x000802a0       0x30 C:\Users\MX\AppData\Local\Temp\VMBuilds\NV10_dashboard\arduino_due_x_dbg\Release\DisplayText.cpp.o
                0x000802a0                DisplayText::draw()
 .text._ZN11DisplayText6updateEPc
                0x000802d0        0x6 C:\Users\MX\AppData\Local\Temp\VMBuilds\NV10_dashboard\arduino_due_x_dbg\Release\DisplayText.cpp.o
                0x000802d0                DisplayText::update(char*)
 *fill*         0x000802d6        0x2 
 .text._ZN11DisplayTextC2Ev
                0x000802d8       0x24 C:\Users\MX\AppData\Local\Temp\VMBuilds\NV10_dashboard\arduino_due_x_dbg\Release\DisplayText.cpp.o
                0x000802d8                DisplayText::DisplayText()
                0x000802d8                DisplayText::DisplayText()
 .text._ZN11DisplayText4initEP7ILI9488tttt
                0x000802fc       0xac C:\Users\MX\AppData\Local\Temp\VMBuilds\NV10_dashboard\arduino_due_x_dbg\Release\DisplayText.cpp.o
                0x000802fc                DisplayText::init(ILI9488*, unsigned short, unsigned short, unsigned short, unsigned short)
 .text.errorBlink
                0x000803a8       0x48 C:\Users\MX\AppData\Local\Temp\VMBuilds\NV10_dashboard\arduino_due_x_dbg\Release\FreeRTOS_ARM\FreeRTOS_ARM.c.o
 .text.assertBlink
                0x000803f0        0x8 C:\Users\MX\AppData\Local\Temp\VMBuilds\NV10_dashboard\arduino_due_x_dbg\Release\FreeRTOS_ARM\FreeRTOS_ARM.c.o
                0x000803f0                assertBlink
 .text.vApplicationMallocFailedHook
                0x000803f8        0x8 C:\Users\MX\AppData\Local\Temp\VMBuilds\NV10_dashboard\arduino_due_x_dbg\Release\FreeRTOS_ARM\FreeRTOS_ARM.c.o
                0x000803f8                vApplicationMallocFailedHook
 .text.vApplicationIdleHook
                0x00080400        0x4 C:\Users\MX\AppData\Local\Temp\VMBuilds\NV10_dashboard\arduino_due_x_dbg\Release\FreeRTOS_ARM\FreeRTOS_ARM.c.o
                0x00080400                vApplicationIdleHook
 .text.vApplicationStackOverflowHook
                0x00080404        0x8 C:\Users\MX\AppData\Local\Temp\VMBuilds\NV10_dashboard\arduino_due_x_dbg\Release\FreeRTOS_ARM\FreeRTOS_ARM.c.o
                0x00080404                vApplicationStackOverflowHook
 .text.HardFault_Handler
                0x0008040c        0x8 C:\Users\MX\AppData\Local\Temp\VMBuilds\NV10_dashboard\arduino_due_x_dbg\Release\FreeRTOS_ARM\FreeRTOS_ARM.c.o
                0x0008040c                HardFault_Handler
 .text.BusFault_Handler
                0x00080414        0x8 C:\Users\MX\AppData\Local\Temp\VMBuilds\NV10_dashboard\arduino_due_x_dbg\Release\FreeRTOS_ARM\FreeRTOS_ARM.c.o
                0x00080414                BusFault_Handler
 .text.UsageFault_Handler
                0x0008041c        0x8 C:\Users\MX\AppData\Local\Temp\VMBuilds\NV10_dashboard\arduino_due_x_dbg\Release\FreeRTOS_ARM\FreeRTOS_ARM.c.o
                0x0008041c                UsageFault_Handler
 .text.vApplicationTickHook
                0x00080424        0x2 C:\Users\MX\AppData\Local\Temp\VMBuilds\NV10_dashboard\arduino_due_x_dbg\Release\FreeRTOS_ARM\FreeRTOS_ARM.c.o
                0x00080424                vApplicationTickHook
 .text.pvPortMalloc
                0x00080426       0x1e C:\Users\MX\AppData\Local\Temp\VMBuilds\NV10_dashboard\arduino_due_x_dbg\Release\FreeRTOS_ARM\utility\heap_3.c.o
                0x00080426                pvPortMalloc
 .text.vPortFree
                0x00080444       0x1a C:\Users\MX\AppData\Local\Temp\VMBuilds\NV10_dashboard\arduino_due_x_dbg\Release\FreeRTOS_ARM\utility\heap_3.c.o
                0x00080444                vPortFree
 .text.vListInitialise
                0x0008045e       0x16 C:\Users\MX\AppData\Local\Temp\VMBuilds\NV10_dashboard\arduino_due_x_dbg\Release\FreeRTOS_ARM\utility\list.c.o
                0x0008045e                vListInitialise
 .text.vListInitialiseItem
                0x00080474        0x6 C:\Users\MX\AppData\Local\Temp\VMBuilds\NV10_dashboard\arduino_due_x_dbg\Release\FreeRTOS_ARM\utility\list.c.o
                0x00080474                vListInitialiseItem
 .text.vListInsertEnd
                0x0008047a       0x18 C:\Users\MX\AppData\Local\Temp\VMBuilds\NV10_dashboard\arduino_due_x_dbg\Release\FreeRTOS_ARM\utility\list.c.o
                0x0008047a                vListInsertEnd
 .text.vListInsert
                0x00080492       0x30 C:\Users\MX\AppData\Local\Temp\VMBuilds\NV10_dashboard\arduino_due_x_dbg\Release\FreeRTOS_ARM\utility\list.c.o
                0x00080492                vListInsert
 .text.uxListRemove
                0x000804c2       0x20 C:\Users\MX\AppData\Local\Temp\VMBuilds\NV10_dashboard\arduino_due_x_dbg\Release\FreeRTOS_ARM\utility\list.c.o
                0x000804c2                uxListRemove
 *fill*         0x000804e2        0x2 
 .text.prvPortStartFirstTask
                0x000804e4       0x20 C:\Users\MX\AppData\Local\Temp\VMBuilds\NV10_dashboard\arduino_due_x_dbg\Release\FreeRTOS_ARM\utility\port.c.o
 .text.pxPortInitialiseStack
                0x00080504       0x1c C:\Users\MX\AppData\Local\Temp\VMBuilds\NV10_dashboard\arduino_due_x_dbg\Release\FreeRTOS_ARM\utility\port.c.o
                0x00080504                pxPortInitialiseStack
 .text.svcHook  0x00080520       0x28 C:\Users\MX\AppData\Local\Temp\VMBuilds\NV10_dashboard\arduino_due_x_dbg\Release\FreeRTOS_ARM\utility\port.c.o
                0x00080520                svcHook
 .text.vPortYield
                0x00080548       0x18 C:\Users\MX\AppData\Local\Temp\VMBuilds\NV10_dashboard\arduino_due_x_dbg\Release\FreeRTOS_ARM\utility\port.c.o
                0x00080548                vPortYield
 .text.ulPortSetInterruptMask
                0x00080560       0x10 C:\Users\MX\AppData\Local\Temp\VMBuilds\NV10_dashboard\arduino_due_x_dbg\Release\FreeRTOS_ARM\utility\port.c.o
                0x00080560                ulPortSetInterruptMask
 .text.prvTaskExitError
                0x00080570       0x18 C:\Users\MX\AppData\Local\Temp\VMBuilds\NV10_dashboard\arduino_due_x_dbg\Release\FreeRTOS_ARM\utility\port.c.o
 .text.vPortEnterCritical
                0x00080588       0x38 C:\Users\MX\AppData\Local\Temp\VMBuilds\NV10_dashboard\arduino_due_x_dbg\Release\FreeRTOS_ARM\utility\port.c.o
                0x00080588                vPortEnterCritical
 .text.vPortClearInterruptMask
                0x000805c0        0x6 C:\Users\MX\AppData\Local\Temp\VMBuilds\NV10_dashboard\arduino_due_x_dbg\Release\FreeRTOS_ARM\utility\port.c.o
                0x000805c0                vPortClearInterruptMask
 *fill*         0x000805c6        0x2 
 .text.vPortExitCritical
                0x000805c8       0x24 C:\Users\MX\AppData\Local\Temp\VMBuilds\NV10_dashboard\arduino_due_x_dbg\Release\FreeRTOS_ARM\utility\port.c.o
                0x000805c8                vPortExitCritical
 .text.pendSVHook
                0x000805ec       0x48 C:\Users\MX\AppData\Local\Temp\VMBuilds\NV10_dashboard\arduino_due_x_dbg\Release\FreeRTOS_ARM\utility\port.c.o
                0x000805ec                pendSVHook
 .text.xPortSysTickHandler
                0x00080634       0x24 C:\Users\MX\AppData\Local\Temp\VMBuilds\NV10_dashboard\arduino_due_x_dbg\Release\FreeRTOS_ARM\utility\port.c.o
                0x00080634                xPortSysTickHandler
 .text.sysTickHook
                0x00080658       0x14 C:\Users\MX\AppData\Local\Temp\VMBuilds\NV10_dashboard\arduino_due_x_dbg\Release\FreeRTOS_ARM\utility\port.c.o
                0x00080658                sysTickHook
 .text.vPortSetupTimerInterrupt
                0x0008066c        0xc C:\Users\MX\AppData\Local\Temp\VMBuilds\NV10_dashboard\arduino_due_x_dbg\Release\FreeRTOS_ARM\utility\port.c.o
                0x0008066c                vPortSetupTimerInterrupt
 .text.xPortStartScheduler
                0x00080678       0x8c C:\Users\MX\AppData\Local\Temp\VMBuilds\NV10_dashboard\arduino_due_x_dbg\Release\FreeRTOS_ARM\utility\port.c.o
                0x00080678                xPortStartScheduler
 .text.vPortValidateInterruptPriority
                0x00080704        0x2 C:\Users\MX\AppData\Local\Temp\VMBuilds\NV10_dashboard\arduino_due_x_dbg\Release\FreeRTOS_ARM\utility\port.c.o
                0x00080704                vPortValidateInterruptPriority
 .text.prvCopyDataToQueue
                0x00080706       0x6a C:\Users\MX\AppData\Local\Temp\VMBuilds\NV10_dashboard\arduino_due_x_dbg\Release\FreeRTOS_ARM\utility\queue.c.o
 .text.prvNotifyQueueSetContainer
                0x00080770       0x58 C:\Users\MX\AppData\Local\Temp\VMBuilds\NV10_dashboard\arduino_due_x_dbg\Release\FreeRTOS_ARM\utility\queue.c.o
 .text.prvCopyDataFromQueue
                0x000807c8       0x26 C:\Users\MX\AppData\Local\Temp\VMBuilds\NV10_dashboard\arduino_due_x_dbg\Release\FreeRTOS_ARM\utility\queue.c.o
 .text.prvUnlockQueue
                0x000807ee       0x78 C:\Users\MX\AppData\Local\Temp\VMBuilds\NV10_dashboard\arduino_due_x_dbg\Release\FreeRTOS_ARM\utility\queue.c.o
 .text.xQueueGenericReset
                0x00080866       0x60 C:\Users\MX\AppData\Local\Temp\VMBuilds\NV10_dashboard\arduino_due_x_dbg\Release\FreeRTOS_ARM\utility\queue.c.o
                0x00080866                xQueueGenericReset
 .text.xQueueGenericCreate
                0x000808c6       0x48 C:\Users\MX\AppData\Local\Temp\VMBuilds\NV10_dashboard\arduino_due_x_dbg\Release\FreeRTOS_ARM\utility\queue.c.o
                0x000808c6                xQueueGenericCreate
 .text.xQueueGenericSend
                0x0008090e      0x126 C:\Users\MX\AppData\Local\Temp\VMBuilds\NV10_dashboard\arduino_due_x_dbg\Release\FreeRTOS_ARM\utility\queue.c.o
                0x0008090e                xQueueGenericSend
 .text.xQueueGenericSendFromISR
                0x00080a34       0x9c C:\Users\MX\AppData\Local\Temp\VMBuilds\NV10_dashboard\arduino_due_x_dbg\Release\FreeRTOS_ARM\utility\queue.c.o
                0x00080a34                xQueueGenericSendFromISR
 .text.xQueueGenericReceive
                0x00080ad0      0x12a C:\Users\MX\AppData\Local\Temp\VMBuilds\NV10_dashboard\arduino_due_x_dbg\Release\FreeRTOS_ARM\utility\queue.c.o
                0x00080ad0                xQueueGenericReceive
 .text.vQueueWaitForMessageRestricted
                0x00080bfa       0x3e C:\Users\MX\AppData\Local\Temp\VMBuilds\NV10_dashboard\arduino_due_x_dbg\Release\FreeRTOS_ARM\utility\queue.c.o
                0x00080bfa                vQueueWaitForMessageRestricted
 .text.prvResetNextTaskUnblockTime
                0x00080c38       0x24 C:\Users\MX\AppData\Local\Temp\VMBuilds\NV10_dashboard\arduino_due_x_dbg\Release\FreeRTOS_ARM\utility\tasks.c.o
 .text.prvAddCurrentTaskToDelayedList
                0x00080c5c       0x50 C:\Users\MX\AppData\Local\Temp\VMBuilds\NV10_dashboard\arduino_due_x_dbg\Release\FreeRTOS_ARM\utility\tasks.c.o
 .text.xTaskGenericCreate
                0x00080cac      0x1b0 C:\Users\MX\AppData\Local\Temp\VMBuilds\NV10_dashboard\arduino_due_x_dbg\Release\FreeRTOS_ARM\utility\tasks.c.o
                0x00080cac                xTaskGenericCreate
 .text.vTaskStartScheduler
                0x00080e5c       0x74 C:\Users\MX\AppData\Local\Temp\VMBuilds\NV10_dashboard\arduino_due_x_dbg\Release\FreeRTOS_ARM\utility\tasks.c.o
                0x00080e5c                vTaskStartScheduler
 .text.vTaskSuspendAll
                0x00080ed0       0x10 C:\Users\MX\AppData\Local\Temp\VMBuilds\NV10_dashboard\arduino_due_x_dbg\Release\FreeRTOS_ARM\utility\tasks.c.o
                0x00080ed0                vTaskSuspendAll
 .text.xTaskGetTickCount
                0x00080ee0        0xc C:\Users\MX\AppData\Local\Temp\VMBuilds\NV10_dashboard\arduino_due_x_dbg\Release\FreeRTOS_ARM\utility\tasks.c.o
                0x00080ee0                xTaskGetTickCount
 .text.xTaskIncrementTick
                0x00080eec      0x114 C:\Users\MX\AppData\Local\Temp\VMBuilds\NV10_dashboard\arduino_due_x_dbg\Release\FreeRTOS_ARM\utility\tasks.c.o
                0x00080eec                xTaskIncrementTick
 .text.xTaskResumeAll
                0x00081000       0xc8 C:\Users\MX\AppData\Local\Temp\VMBuilds\NV10_dashboard\arduino_due_x_dbg\Release\FreeRTOS_ARM\utility\tasks.c.o
                0x00081000                xTaskResumeAll
 .text.vTaskDelay
                0x000810c8       0x64 C:\Users\MX\AppData\Local\Temp\VMBuilds\NV10_dashboard\arduino_due_x_dbg\Release\FreeRTOS_ARM\utility\tasks.c.o
                0x000810c8                vTaskDelay
 .text.prvIdleTask
                0x0008112c       0x68 C:\Users\MX\AppData\Local\Temp\VMBuilds\NV10_dashboard\arduino_due_x_dbg\Release\FreeRTOS_ARM\utility\tasks.c.o
 .text.vTaskSwitchContext
                0x00081194       0x98 C:\Users\MX\AppData\Local\Temp\VMBuilds\NV10_dashboard\arduino_due_x_dbg\Release\FreeRTOS_ARM\utility\tasks.c.o
                0x00081194                vTaskSwitchContext
 .text.vTaskPlaceOnEventList
                0x0008122c       0x68 C:\Users\MX\AppData\Local\Temp\VMBuilds\NV10_dashboard\arduino_due_x_dbg\Release\FreeRTOS_ARM\utility\tasks.c.o
                0x0008122c                vTaskPlaceOnEventList
 .text.vTaskPlaceOnEventListRestricted
                0x00081294       0x68 C:\Users\MX\AppData\Local\Temp\VMBuilds\NV10_dashboard\arduino_due_x_dbg\Release\FreeRTOS_ARM\utility\tasks.c.o
                0x00081294                vTaskPlaceOnEventListRestricted
 .text.xTaskRemoveFromEventList
                0x000812fc       0x74 C:\Users\MX\AppData\Local\Temp\VMBuilds\NV10_dashboard\arduino_due_x_dbg\Release\FreeRTOS_ARM\utility\tasks.c.o
                0x000812fc                xTaskRemoveFromEventList
 .text.vTaskSetTimeOutState
                0x00081370       0x20 C:\Users\MX\AppData\Local\Temp\VMBuilds\NV10_dashboard\arduino_due_x_dbg\Release\FreeRTOS_ARM\utility\tasks.c.o
                0x00081370                vTaskSetTimeOutState
 .text.xTaskCheckForTimeOut
                0x00081390       0x58 C:\Users\MX\AppData\Local\Temp\VMBuilds\NV10_dashboard\arduino_due_x_dbg\Release\FreeRTOS_ARM\utility\tasks.c.o
                0x00081390                xTaskCheckForTimeOut
 .text.vTaskMissedYield
                0x000813e8        0xc C:\Users\MX\AppData\Local\Temp\VMBuilds\NV10_dashboard\arduino_due_x_dbg\Release\FreeRTOS_ARM\utility\tasks.c.o
                0x000813e8                vTaskMissedYield
 .text.xTaskGetSchedulerState
                0x000813f4       0x20 C:\Users\MX\AppData\Local\Temp\VMBuilds\NV10_dashboard\arduino_due_x_dbg\Release\FreeRTOS_ARM\utility\tasks.c.o
                0x000813f4                xTaskGetSchedulerState
 .text.vTaskPriorityInherit
                0x00081414       0x94 C:\Users\MX\AppData\Local\Temp\VMBuilds\NV10_dashboard\arduino_due_x_dbg\Release\FreeRTOS_ARM\utility\tasks.c.o
                0x00081414                vTaskPriorityInherit
 .text.xTaskPriorityDisinherit
                0x000814a8       0x88 C:\Users\MX\AppData\Local\Temp\VMBuilds\NV10_dashboard\arduino_due_x_dbg\Release\FreeRTOS_ARM\utility\tasks.c.o
                0x000814a8                xTaskPriorityDisinherit
 .text.pvTaskIncrementMutexHeldCount
                0x00081530       0x18 C:\Users\MX\AppData\Local\Temp\VMBuilds\NV10_dashboard\arduino_due_x_dbg\Release\FreeRTOS_ARM\utility\tasks.c.o
                0x00081530                pvTaskIncrementMutexHeldCount
 .text.prvCheckForValidListAndQueue
                0x00081548       0x54 C:\Users\MX\AppData\Local\Temp\VMBuilds\NV10_dashboard\arduino_due_x_dbg\Release\FreeRTOS_ARM\utility\timers.c.o
 .text.prvInsertTimerInActiveList
                0x0008159c       0x3c C:\Users\MX\AppData\Local\Temp\VMBuilds\NV10_dashboard\arduino_due_x_dbg\Release\FreeRTOS_ARM\utility\timers.c.o
 .text.xTimerCreateTimerTask
                0x000815d8       0x40 C:\Users\MX\AppData\Local\Temp\VMBuilds\NV10_dashboard\arduino_due_x_dbg\Release\FreeRTOS_ARM\utility\timers.c.o
                0x000815d8                xTimerCreateTimerTask
 .text.xTimerGenericCommand
                0x00081618       0x54 C:\Users\MX\AppData\Local\Temp\VMBuilds\NV10_dashboard\arduino_due_x_dbg\Release\FreeRTOS_ARM\utility\timers.c.o
                0x00081618                xTimerGenericCommand
 .text.prvSwitchTimerLists
                0x0008166c       0x68 C:\Users\MX\AppData\Local\Temp\VMBuilds\NV10_dashboard\arduino_due_x_dbg\Release\FreeRTOS_ARM\utility\timers.c.o
 .text.prvTimerTask
                0x000816d4      0x194 C:\Users\MX\AppData\Local\Temp\VMBuilds\NV10_dashboard\arduino_due_x_dbg\Release\FreeRTOS_ARM\utility\timers.c.o
 .text._ZN7ILI948810fillScreenEt
                0x00081868       0x1c C:\Users\MX\AppData\Local\Temp\VMBuilds\NV10_dashboard\arduino_due_x_dbg\Release\ILI9488\ILI9488.cpp.o
                0x00081868                ILI9488::fillScreen(unsigned short)
 .text._ZN8SPIClass16beginTransactionE11SPISettings
                0x00081884       0x12 C:\Users\MX\AppData\Local\Temp\VMBuilds\NV10_dashboard\arduino_due_x_dbg\Release\ILI9488\ILI9488.cpp.o
                0x00081884                SPIClass::beginTransaction(SPISettings)
 *fill*         0x00081896        0x2 
 .text._ZN7ILI9488C2Eaaa
                0x00081898       0x34 C:\Users\MX\AppData\Local\Temp\VMBuilds\NV10_dashboard\arduino_due_x_dbg\Release\ILI9488\ILI9488.cpp.o
                0x00081898                ILI9488::ILI9488(signed char, signed char, signed char)
                0x00081898                ILI9488::ILI9488(signed char, signed char, signed char)
 .text._ZN7ILI94888spiwriteEh
                0x000818cc       0x54 C:\Users\MX\AppData\Local\Temp\VMBuilds\NV10_dashboard\arduino_due_x_dbg\Release\ILI9488\ILI9488.cpp.o
                0x000818cc                ILI9488::spiwrite(unsigned char)
 .text._ZN7ILI948812writecommandEh
                0x00081920       0x2c C:\Users\MX\AppData\Local\Temp\VMBuilds\NV10_dashboard\arduino_due_x_dbg\Release\ILI9488\ILI9488.cpp.o
                0x00081920                ILI9488::writecommand(unsigned char)
 .text._ZN7ILI948813invertDisplayEb
                0x0008194c       0x50 C:\Users\MX\AppData\Local\Temp\VMBuilds\NV10_dashboard\arduino_due_x_dbg\Release\ILI9488\ILI9488.cpp.o
                0x0008194c                ILI9488::invertDisplay(bool)
 .text._ZN7ILI94889writedataEh
                0x0008199c       0x2a C:\Users\MX\AppData\Local\Temp\VMBuilds\NV10_dashboard\arduino_due_x_dbg\Release\ILI9488\ILI9488.cpp.o
                0x0008199c                ILI9488::writedata(unsigned char)
 *fill*         0x000819c6        0x2 
 .text._ZN7ILI948811setRotationEh
                0x000819c8       0x8c C:\Users\MX\AppData\Local\Temp\VMBuilds\NV10_dashboard\arduino_due_x_dbg\Release\ILI9488\ILI9488.cpp.o
                0x000819c8                ILI9488::setRotation(unsigned char)
 .text._ZN7ILI94885beginEv
                0x00081a54      0x340 C:\Users\MX\AppData\Local\Temp\VMBuilds\NV10_dashboard\arduino_due_x_dbg\Release\ILI9488\ILI9488.cpp.o
                0x00081a54                ILI9488::begin()
 .text._ZN7ILI948813setAddrWindowEtttt
                0x00081d94       0x6e C:\Users\MX\AppData\Local\Temp\VMBuilds\NV10_dashboard\arduino_due_x_dbg\Release\ILI9488\ILI9488.cpp.o
                0x00081d94                ILI9488::setAddrWindow(unsigned short, unsigned short, unsigned short, unsigned short)
 .text._ZN7ILI948815write16BitColorEt
                0x00081e02       0x46 C:\Users\MX\AppData\Local\Temp\VMBuilds\NV10_dashboard\arduino_due_x_dbg\Release\ILI9488\ILI9488.cpp.o
                0x00081e02                ILI9488::write16BitColor(unsigned short)
 .text._ZN7ILI94889drawPixelEsst
                0x00081e48       0xa0 C:\Users\MX\AppData\Local\Temp\VMBuilds\NV10_dashboard\arduino_due_x_dbg\Release\ILI9488\ILI9488.cpp.o
                0x00081e48                ILI9488::drawPixel(short, short, unsigned short)
 .text._ZN7ILI948813drawFastVLineEssst
                0x00081ee8       0xb0 C:\Users\MX\AppData\Local\Temp\VMBuilds\NV10_dashboard\arduino_due_x_dbg\Release\ILI9488\ILI9488.cpp.o
                0x00081ee8                ILI9488::drawFastVLine(short, short, short, unsigned short)
 .text._ZN7ILI948813drawFastHLineEssst
                0x00081f98       0xb4 C:\Users\MX\AppData\Local\Temp\VMBuilds\NV10_dashboard\arduino_due_x_dbg\Release\ILI9488\ILI9488.cpp.o
                0x00081f98                ILI9488::drawFastHLine(short, short, short, unsigned short)
 .text._ZN7ILI94888fillRectEsssst
                0x0008204c       0xdc C:\Users\MX\AppData\Local\Temp\VMBuilds\NV10_dashboard\arduino_due_x_dbg\Release\ILI9488\ILI9488.cpp.o
                0x0008204c                ILI9488::fillRect(short, short, short, short, unsigned short)
 .text._ZN12Adafruit_GFX9writeLineEsssst
                0x00082128       0xc8 C:\Users\MX\AppData\Local\Temp\VMBuilds\NV10_dashboard\arduino_due_x_dbg\Release\Adafruit_GFX_Library\Adafruit_GFX.cpp.o
                0x00082128                Adafruit_GFX::writeLine(short, short, short, short, unsigned short)
 .text._ZN12Adafruit_GFX10startWriteEv
                0x000821f0        0x2 C:\Users\MX\AppData\Local\Temp\VMBuilds\NV10_dashboard\arduino_due_x_dbg\Release\Adafruit_GFX_Library\Adafruit_GFX.cpp.o
                0x000821f0                Adafruit_GFX::startWrite()
 .text._ZN12Adafruit_GFX10writePixelEsst
                0x000821f2        0xa C:\Users\MX\AppData\Local\Temp\VMBuilds\NV10_dashboard\arduino_due_x_dbg\Release\Adafruit_GFX_Library\Adafruit_GFX.cpp.o
                0x000821f2                Adafruit_GFX::writePixel(short, short, unsigned short)
 .text._ZN12Adafruit_GFX14writeFastVLineEssst
                0x000821fc       0x12 C:\Users\MX\AppData\Local\Temp\VMBuilds\NV10_dashboard\arduino_due_x_dbg\Release\Adafruit_GFX_Library\Adafruit_GFX.cpp.o
                0x000821fc                Adafruit_GFX::writeFastVLine(short, short, short, unsigned short)
 .text._ZN12Adafruit_GFX14writeFastHLineEssst
                0x0008220e       0x12 C:\Users\MX\AppData\Local\Temp\VMBuilds\NV10_dashboard\arduino_due_x_dbg\Release\Adafruit_GFX_Library\Adafruit_GFX.cpp.o
                0x0008220e                Adafruit_GFX::writeFastHLine(short, short, short, unsigned short)
 .text._ZN12Adafruit_GFX13writeFillRectEsssst
                0x00082220       0x18 C:\Users\MX\AppData\Local\Temp\VMBuilds\NV10_dashboard\arduino_due_x_dbg\Release\Adafruit_GFX_Library\Adafruit_GFX.cpp.o
                0x00082220                Adafruit_GFX::writeFillRect(short, short, short, short, unsigned short)
 .text._ZN12Adafruit_GFX8endWriteEv
                0x00082238        0x2 C:\Users\MX\AppData\Local\Temp\VMBuilds\NV10_dashboard\arduino_due_x_dbg\Release\Adafruit_GFX_Library\Adafruit_GFX.cpp.o
                0x00082238                Adafruit_GFX::endWrite()
 .text._ZN12Adafruit_GFX13drawFastVLineEssst
                0x0008223a       0x38 C:\Users\MX\AppData\Local\Temp\VMBuilds\NV10_dashboard\arduino_due_x_dbg\Release\Adafruit_GFX_Library\Adafruit_GFX.cpp.o
                0x0008223a                Adafruit_GFX::drawFastVLine(short, short, short, unsigned short)
 .text._ZN12Adafruit_GFX13drawFastHLineEssst
                0x00082272       0x36 C:\Users\MX\AppData\Local\Temp\VMBuilds\NV10_dashboard\arduino_due_x_dbg\Release\Adafruit_GFX_Library\Adafruit_GFX.cpp.o
                0x00082272                Adafruit_GFX::drawFastHLine(short, short, short, unsigned short)
 .text._ZN12Adafruit_GFX8fillRectEsssst
                0x000822a8       0x48 C:\Users\MX\AppData\Local\Temp\VMBuilds\NV10_dashboard\arduino_due_x_dbg\Release\Adafruit_GFX_Library\Adafruit_GFX.cpp.o
                0x000822a8                Adafruit_GFX::fillRect(short, short, short, short, unsigned short)
 .text._ZN12Adafruit_GFX10fillScreenEt
                0x000822f0       0x1c C:\Users\MX\AppData\Local\Temp\VMBuilds\NV10_dashboard\arduino_due_x_dbg\Release\Adafruit_GFX_Library\Adafruit_GFX.cpp.o
                0x000822f0                Adafruit_GFX::fillScreen(unsigned short)
 .text._ZN12Adafruit_GFX8drawLineEsssst
                0x0008230c       0x7c C:\Users\MX\AppData\Local\Temp\VMBuilds\NV10_dashboard\arduino_due_x_dbg\Release\Adafruit_GFX_Library\Adafruit_GFX.cpp.o
                0x0008230c                Adafruit_GFX::drawLine(short, short, short, short, unsigned short)
 .text._ZN12Adafruit_GFX8drawRectEsssst
                0x00082388       0x7c C:\Users\MX\AppData\Local\Temp\VMBuilds\NV10_dashboard\arduino_due_x_dbg\Release\Adafruit_GFX_Library\Adafruit_GFX.cpp.o
                0x00082388                Adafruit_GFX::drawRect(short, short, short, short, unsigned short)
 .text._ZN12Adafruit_GFX13invertDisplayEb
                0x00082404        0x2 C:\Users\MX\AppData\Local\Temp\VMBuilds\NV10_dashboard\arduino_due_x_dbg\Release\Adafruit_GFX_Library\Adafruit_GFX.cpp.o
                0x00082404                Adafruit_GFX::invertDisplay(bool)
 .text._ZN12Adafruit_GFX11setRotationEh
                0x00082406       0x1e C:\Users\MX\AppData\Local\Temp\VMBuilds\NV10_dashboard\arduino_due_x_dbg\Release\Adafruit_GFX_Library\Adafruit_GFX.cpp.o
                0x00082406                Adafruit_GFX::setRotation(unsigned char)
 .text._ZN12Adafruit_GFXC2Ess
                0x00082424       0x30 C:\Users\MX\AppData\Local\Temp\VMBuilds\NV10_dashboard\arduino_due_x_dbg\Release\Adafruit_GFX_Library\Adafruit_GFX.cpp.o
                0x00082424                Adafruit_GFX::Adafruit_GFX(short, short)
                0x00082424                Adafruit_GFX::Adafruit_GFX(short, short)
 .text._ZN12Adafruit_GFX8drawCharEsshtth
                0x00082454      0x2b4 C:\Users\MX\AppData\Local\Temp\VMBuilds\NV10_dashboard\arduino_due_x_dbg\Release\Adafruit_GFX_Library\Adafruit_GFX.cpp.o
                0x00082454                Adafruit_GFX::drawChar(short, short, unsigned char, unsigned short, unsigned short, unsigned char)
 .text._ZN12Adafruit_GFX5writeEh
                0x00082708       0xf2 C:\Users\MX\AppData\Local\Temp\VMBuilds\NV10_dashboard\arduino_due_x_dbg\Release\Adafruit_GFX_Library\Adafruit_GFX.cpp.o
                0x00082708                Adafruit_GFX::write(unsigned char)
 .text._ZN12Adafruit_GFX9setCursorEss
                0x000827fa        0x6 C:\Users\MX\AppData\Local\Temp\VMBuilds\NV10_dashboard\arduino_due_x_dbg\Release\Adafruit_GFX_Library\Adafruit_GFX.cpp.o
                0x000827fa                Adafruit_GFX::setCursor(short, short)
 .text._ZN12Adafruit_GFX11setTextSizeEh
                0x00082800        0xa C:\Users\MX\AppData\Local\Temp\VMBuilds\NV10_dashboard\arduino_due_x_dbg\Release\Adafruit_GFX_Library\Adafruit_GFX.cpp.o
                0x00082800                Adafruit_GFX::setTextSize(unsigned char)
 .text._ZN12Adafruit_GFX12setTextColorEtt
                0x0008280a        0x6 C:\Users\MX\AppData\Local\Temp\VMBuilds\NV10_dashboard\arduino_due_x_dbg\Release\Adafruit_GFX_Library\Adafruit_GFX.cpp.o
                0x0008280a                Adafruit_GFX::setTextColor(unsigned short, unsigned short)
 .text._ZL10SPI_0_Initv
                0x00082810       0x48 C:\Users\MX\AppData\Local\Temp\VMBuilds\NV10_dashboard\arduino_due_x_dbg\Release\SPI\SPI.cpp.o
 .text._ZN8SPIClass4initEv
                0x00082858       0x36 C:\Users\MX\AppData\Local\Temp\VMBuilds\NV10_dashboard\arduino_due_x_dbg\Release\SPI\SPI.cpp.o
                0x00082858                SPIClass::init()
 *fill*         0x0008288e        0x2 
 .text._ZN8SPIClass16beginTransactionEh11SPISettings
                0x00082890       0x98 C:\Users\MX\AppData\Local\Temp\VMBuilds\NV10_dashboard\arduino_due_x_dbg\Release\SPI\SPI.cpp.o
                0x00082890                SPIClass::beginTransaction(unsigned char, SPISettings)
 .text._ZN8SPIClass14endTransactionEv
                0x00082928       0x50 C:\Users\MX\AppData\Local\Temp\VMBuilds\NV10_dashboard\arduino_due_x_dbg\Release\SPI\SPI.cpp.o
                0x00082928                SPIClass::endTransaction()
 .text._ZN8SPIClass11setDataModeEhh
                0x00082978       0x34 C:\Users\MX\AppData\Local\Temp\VMBuilds\NV10_dashboard\arduino_due_x_dbg\Release\SPI\SPI.cpp.o
                0x00082978                SPIClass::setDataMode(unsigned char, unsigned char)
 .text._ZN8SPIClass15setClockDividerEhh
                0x000829ac       0x2e C:\Users\MX\AppData\Local\Temp\VMBuilds\NV10_dashboard\arduino_due_x_dbg\Release\SPI\SPI.cpp.o
                0x000829ac                SPIClass::setClockDivider(unsigned char, unsigned char)
 .text._ZN8SPIClass5beginEv
                0x000829da       0x22 C:\Users\MX\AppData\Local\Temp\VMBuilds\NV10_dashboard\arduino_due_x_dbg\Release\SPI\SPI.cpp.o
                0x000829da                SPIClass::begin()
 .text._ZN8SPIClass8transferEhh15SPITransferMode
                0x000829fc       0x5e C:\Users\MX\AppData\Local\Temp\VMBuilds\NV10_dashboard\arduino_due_x_dbg\Release\SPI\SPI.cpp.o
                0x000829fc                SPIClass::transfer(unsigned char, unsigned char, SPITransferMode)
 *fill*         0x00082a5a        0x2 
 .text.startup._GLOBAL__sub_I__ZN8SPIClassC2EP3SpimPFvvE
                0x00082a5c       0x24 C:\Users\MX\AppData\Local\Temp\VMBuilds\NV10_dashboard\arduino_due_x_dbg\Release\SPI\SPI.cpp.o
 .text._Z11serialEventv
                0x00082a80        0x2 C:\Users\MX\AppData\Local\Temp\VMBCore\arduino16x\6c87fd5e81d2326508468050926cf54f\variant\variant.cpp.o
                0x00082a80                serialEvent()
 *fill*         0x00082a82        0x2 
 .text.UART_Handler
                0x00082a84        0xc C:\Users\MX\AppData\Local\Temp\VMBCore\arduino16x\6c87fd5e81d2326508468050926cf54f\variant\variant.cpp.o
                0x00082a84                UART_Handler
 .text._Z12serialEvent1v
                0x00082a90        0x2 C:\Users\MX\AppData\Local\Temp\VMBCore\arduino16x\6c87fd5e81d2326508468050926cf54f\variant\variant.cpp.o
                0x00082a90                serialEvent1()
 .text._Z12serialEvent2v
                0x00082a92        0x2 C:\Users\MX\AppData\Local\Temp\VMBCore\arduino16x\6c87fd5e81d2326508468050926cf54f\variant\variant.cpp.o
                0x00082a92                serialEvent2()
 .text._Z12serialEvent3v
                0x00082a94        0x2 C:\Users\MX\AppData\Local\Temp\VMBCore\arduino16x\6c87fd5e81d2326508468050926cf54f\variant\variant.cpp.o
                0x00082a94                serialEvent3()
 *fill*         0x00082a96        0x2 
 .text.USART0_Handler
                0x00082a98        0xc C:\Users\MX\AppData\Local\Temp\VMBCore\arduino16x\6c87fd5e81d2326508468050926cf54f\variant\variant.cpp.o
                0x00082a98                USART0_Handler
 .text.USART1_Handler
                0x00082aa4        0xc C:\Users\MX\AppData\Local\Temp\VMBCore\arduino16x\6c87fd5e81d2326508468050926cf54f\variant\variant.cpp.o
                0x00082aa4                USART1_Handler
 .text.USART3_Handler
                0x00082ab0        0xc C:\Users\MX\AppData\Local\Temp\VMBCore\arduino16x\6c87fd5e81d2326508468050926cf54f\variant\variant.cpp.o
                0x00082ab0                USART3_Handler
 .text.init     0x00082abc      0x128 C:\Users\MX\AppData\Local\Temp\VMBCore\arduino16x\6c87fd5e81d2326508468050926cf54f\variant\variant.cpp.o
                0x00082abc                init
 .text.startup._GLOBAL__sub_I_g_APinDescription
                0x00082be4       0xd4 C:\Users\MX\AppData\Local\Temp\VMBCore\arduino16x\6c87fd5e81d2326508468050926cf54f\variant\variant.cpp.o
 .text._Z14serialEventRunv
                0x00082cb8       0x44 C:\Users\MX\AppData\Local\Temp\VMBCore\arduino16x\6c87fd5e81d2326508468050926cf54f\variant\variant.cpp.o
                0x00082cb8                serialEventRun()
 .text.PIO_PullUp
                0x00082cfc        0xa D:\Arduino\ide\portable\packages\arduino\hardware\sam\1.6.11\variants\arduino_due_x/libsam_sam3x8e_gcc_rel.a(pio.o)
                0x00082cfc                PIO_PullUp
 .text.PIO_SetPeripheral
                0x00082d06       0x26 D:\Arduino\ide\portable\packages\arduino\hardware\sam\1.6.11\variants\arduino_due_x/libsam_sam3x8e_gcc_rel.a(pio.o)
                0x00082d06                PIO_SetPeripheral
 .text.PIO_SetInput
                0x00082d2c       0x26 D:\Arduino\ide\portable\packages\arduino\hardware\sam\1.6.11\variants\arduino_due_x/libsam_sam3x8e_gcc_rel.a(pio.o)
                0x00082d2c                PIO_SetInput
 .text.PIO_SetOutput
                0x00082d52       0x24 D:\Arduino\ide\portable\packages\arduino\hardware\sam\1.6.11\variants\arduino_due_x/libsam_sam3x8e_gcc_rel.a(pio.o)
                0x00082d52                PIO_SetOutput
 *fill*         0x00082d76        0x2 
 .text.PIO_Configure
                0x00082d78       0x64 D:\Arduino\ide\portable\packages\arduino\hardware\sam\1.6.11\variants\arduino_due_x/libsam_sam3x8e_gcc_rel.a(pio.o)
                0x00082d78                PIO_Configure
 .text.PIO_GetOutputDataStatus
                0x00082ddc       0x14 D:\Arduino\ide\portable\packages\arduino\hardware\sam\1.6.11\variants\arduino_due_x/libsam_sam3x8e_gcc_rel.a(pio.o)
                0x00082ddc                PIO_GetOutputDataStatus
 .text.pmc_enable_upll_clock
                0x00082df0       0x14 D:\Arduino\ide\portable\packages\arduino\hardware\sam\1.6.11\variants\arduino_due_x/libsam_sam3x8e_gcc_rel.a(pmc.o)
                0x00082df0                pmc_enable_upll_clock
 .text.pmc_enable_periph_clk
                0x00082e04       0x44 D:\Arduino\ide\portable\packages\arduino\hardware\sam\1.6.11\variants\arduino_due_x/libsam_sam3x8e_gcc_rel.a(pmc.o)
                0x00082e04                pmc_enable_periph_clk
 .text.pmc_disable_periph_clk
                0x00082e48       0x40 D:\Arduino\ide\portable\packages\arduino\hardware\sam\1.6.11\variants\arduino_due_x/libsam_sam3x8e_gcc_rel.a(pmc.o)
                0x00082e48                pmc_disable_periph_clk
 .text.pmc_switch_udpck_to_upllck
                0x00082e88       0x14 D:\Arduino\ide\portable\packages\arduino\hardware\sam\1.6.11\variants\arduino_due_x/libsam_sam3x8e_gcc_rel.a(pmc.o)
                0x00082e88                pmc_switch_udpck_to_upllck
 .text.pmc_enable_udpck
                0x00082e9c        0xc D:\Arduino\ide\portable\packages\arduino\hardware\sam\1.6.11\variants\arduino_due_x/libsam_sam3x8e_gcc_rel.a(pmc.o)
                0x00082e9c                pmc_enable_udpck
 .text.SPI_Enable
                0x00082ea8        0x6 D:\Arduino\ide\portable\packages\arduino\hardware\sam\1.6.11\variants\arduino_due_x/libsam_sam3x8e_gcc_rel.a(spi.o)
                0x00082ea8                SPI_Enable
 *fill*         0x00082eae        0x2 
 .text.SPI_Configure
                0x00082eb0       0x20 D:\Arduino\ide\portable\packages\arduino\hardware\sam\1.6.11\variants\arduino_due_x/libsam_sam3x8e_gcc_rel.a(spi.o)
                0x00082eb0                SPI_Configure
 .text.SPI_ConfigureNPCS
                0x00082ed0        0x8 D:\Arduino\ide\portable\packages\arduino\hardware\sam\1.6.11\variants\arduino_due_x/libsam_sam3x8e_gcc_rel.a(spi.o)
                0x00082ed0                SPI_ConfigureNPCS
 .text.SystemInit
                0x00082ed8       0x88 D:\Arduino\ide\portable\packages\arduino\hardware\sam\1.6.11\variants\arduino_due_x/libsam_sam3x8e_gcc_rel.a(system_sam3xa.o)
                0x00082ed8                SystemInit
 .text.Reset_Handler
                0x00082f60       0x78 D:\Arduino\ide\portable\packages\arduino\hardware\sam\1.6.11\variants\arduino_due_x/libsam_sam3x8e_gcc_rel.a(startup_sam3xa.o)
                0x00082f60                Reset_Handler
 .text.adc_init
                0x00082fd8       0x98 D:\Arduino\ide\portable\packages\arduino\hardware\sam\1.6.11\variants\arduino_due_x/libsam_sam3x8e_gcc_rel.a(adc.o)
                0x00082fd8                adc_init
 .text.adc_configure_trigger
                0x00083070        0xe D:\Arduino\ide\portable\packages\arduino\hardware\sam\1.6.11\variants\arduino_due_x/libsam_sam3x8e_gcc_rel.a(adc.o)
                0x00083070                adc_configure_trigger
 .text.adc_configure_timing
                0x0008307e       0x1a D:\Arduino\ide\portable\packages\arduino\hardware\sam\1.6.11\variants\arduino_due_x/libsam_sam3x8e_gcc_rel.a(adc.o)
                0x0008307e                adc_configure_timing
 .text.adc_disable_channel
                0x00083098        0xa D:\Arduino\ide\portable\packages\arduino\hardware\sam\1.6.11\variants\arduino_due_x/libsam_sam3x8e_gcc_rel.a(adc.o)
                0x00083098                adc_disable_channel
 .text.adc_disable_all_channel
                0x000830a2        0x8 D:\Arduino\ide\portable\packages\arduino\hardware\sam\1.6.11\variants\arduino_due_x/libsam_sam3x8e_gcc_rel.a(adc.o)
                0x000830a2                adc_disable_all_channel
 .text.adc_disable_interrupt
                0x000830aa        0x4 D:\Arduino\ide\portable\packages\arduino\hardware\sam\1.6.11\variants\arduino_due_x/libsam_sam3x8e_gcc_rel.a(adc.o)
                0x000830aa                adc_disable_interrupt
 *fill*         0x000830ae        0x2 
 .text.UOTGHS_Handler
                0x000830b0       0x10 D:\Arduino\ide\portable\packages\arduino\hardware\sam\1.6.11\variants\arduino_due_x/libsam_sam3x8e_gcc_rel.a(uotghs.o)
                0x000830b0                UOTGHS_Handler
 .text.__halt   0x000830c0        0x2 C:\Users\MX\AppData\Local\Temp\VMBuilds\NV10_dashboard\arduino_due_x_dbg\Release/core.a(cortex_handlers.c.o)
                0x000830c0                DACC_Handler
                0x000830c0                DebugMon_Handler
                0x000830c0                DMAC_Handler
                0x000830c0                TRNG_Handler
                0x000830c0                TC2_Handler
                0x000830c0                TWI1_Handler
                0x000830c0                NMI_Handler
                0x000830c0                TC7_Handler
                0x000830c0                ADC_Handler
                0x000830c0                SMC_Handler
                0x000830c0                RTT_Handler
                0x000830c0                EFC1_Handler
                0x000830c0                PIOB_Handler
                0x000830c0                RTC_Handler
                0x000830c0                TC6_Handler
                0x000830c0                WDT_Handler
                0x000830c0                CAN0_Handler
                0x000830c0                TC4_Handler
                0x000830c0                TC1_Handler
                0x000830c0                HSMCI_Handler
                0x000830c0                TC3_Handler
                0x000830c0                TWI0_Handler
                0x000830c0                PIOA_Handler
                0x000830c0                SSC_Handler
                0x000830c0                EFC0_Handler
                0x000830c0                PMC_Handler
                0x000830c0                PWM_Handler
                0x000830c0                CAN1_Handler
                0x000830c0                MemManage_Handler
                0x000830c0                SUPC_Handler
                0x000830c0                TC8_Handler
                0x000830c0                USART2_Handler
                0x000830c0                PIOD_Handler
                0x000830c0                EMAC_Handler
                0x000830c0                PIOC_Handler
                0x000830c0                RSTC_Handler
                0x000830c0                TC0_Handler
                0x000830c0                TC5_Handler
                0x000830c0                SPI0_Handler
 .text.SVC_Handler
                0x000830c2        0x4 C:\Users\MX\AppData\Local\Temp\VMBuilds\NV10_dashboard\arduino_due_x_dbg\Release/core.a(cortex_handlers.c.o)
                0x000830c2                SVC_Handler
 .text.PendSV_Handler
                0x000830c6        0x4 C:\Users\MX\AppData\Local\Temp\VMBuilds\NV10_dashboard\arduino_due_x_dbg\Release/core.a(cortex_handlers.c.o)
                0x000830c6                PendSV_Handler
 .text.SysTick_Handler
                0x000830ca       0x16 C:\Users\MX\AppData\Local\Temp\VMBuilds\NV10_dashboard\arduino_due_x_dbg\Release/core.a(cortex_handlers.c.o)
                0x000830ca                SysTick_Handler
 .text._sbrk    0x000830e0       0x1c C:\Users\MX\AppData\Local\Temp\VMBuilds\NV10_dashboard\arduino_due_x_dbg\Release/core.a(syscalls_sam3.c.o)
                0x000830e0                _sbrk
 .text.link     0x000830fc        0x6 C:\Users\MX\AppData\Local\Temp\VMBuilds\NV10_dashboard\arduino_due_x_dbg\Release/core.a(syscalls_sam3.c.o)
                0x000830fc                link
 .text._close   0x00083102        0x6 C:\Users\MX\AppData\Local\Temp\VMBuilds\NV10_dashboard\arduino_due_x_dbg\Release/core.a(syscalls_sam3.c.o)
                0x00083102                _close
 .text._fstat   0x00083108        0xa C:\Users\MX\AppData\Local\Temp\VMBuilds\NV10_dashboard\arduino_due_x_dbg\Release/core.a(syscalls_sam3.c.o)
                0x00083108                _fstat
 .text._isatty  0x00083112        0x4 C:\Users\MX\AppData\Local\Temp\VMBuilds\NV10_dashboard\arduino_due_x_dbg\Release/core.a(syscalls_sam3.c.o)
                0x00083112                _isatty
 .text._lseek   0x00083116        0x4 C:\Users\MX\AppData\Local\Temp\VMBuilds\NV10_dashboard\arduino_due_x_dbg\Release/core.a(syscalls_sam3.c.o)
                0x00083116                _lseek
 .text._read    0x0008311a        0x4 C:\Users\MX\AppData\Local\Temp\VMBuilds\NV10_dashboard\arduino_due_x_dbg\Release/core.a(syscalls_sam3.c.o)
                0x0008311a                _read
 *fill*         0x0008311e        0x2 
 .text._write   0x00083120       0x24 C:\Users\MX\AppData\Local\Temp\VMBuilds\NV10_dashboard\arduino_due_x_dbg\Release/core.a(syscalls_sam3.c.o)
                0x00083120                _write
 .text._exit    0x00083144       0x10 C:\Users\MX\AppData\Local\Temp\VMBuilds\NV10_dashboard\arduino_due_x_dbg\Release/core.a(syscalls_sam3.c.o)
                0x00083144                _exit
 .text._kill    0x00083154        0x2 C:\Users\MX\AppData\Local\Temp\VMBuilds\NV10_dashboard\arduino_due_x_dbg\Release/core.a(syscalls_sam3.c.o)
                0x00083154                _kill
 .text._getpid  0x00083156        0x6 C:\Users\MX\AppData\Local\Temp\VMBuilds\NV10_dashboard\arduino_due_x_dbg\Release/core.a(syscalls_sam3.c.o)
                0x00083156                _getpid
 .text.delay    0x0008315c       0x1c C:\Users\MX\AppData\Local\Temp\VMBuilds\NV10_dashboard\arduino_due_x_dbg\Release/core.a(wiring.c.o)
                0x0008315c                delay
 .text.analogOutputInit
                0x00083178        0x2 C:\Users\MX\AppData\Local\Temp\VMBuilds\NV10_dashboard\arduino_due_x_dbg\Release/core.a(wiring_analog.c.o)
                0x00083178                analogOutputInit
 *fill*         0x0008317a        0x2 
 .text.pinMode  0x0008317c      0x108 C:\Users\MX\AppData\Local\Temp\VMBuilds\NV10_dashboard\arduino_due_x_dbg\Release/core.a(wiring_digital.c.o)
                0x0008317c                pinMode
 .text.digitalWrite
                0x00083284       0x70 C:\Users\MX\AppData\Local\Temp\VMBuilds\NV10_dashboard\arduino_due_x_dbg\Release/core.a(wiring_digital.c.o)
                0x00083284                digitalWrite
 .text.__cxa_pure_virtual
                0x000832f4        0x2 C:\Users\MX\AppData\Local\Temp\VMBuilds\NV10_dashboard\arduino_due_x_dbg\Release/core.a(abi.cpp.o)
                0x000832f4                __cxa_pure_virtual
 .text.initVariant
                0x000832f6        0x2 C:\Users\MX\AppData\Local\Temp\VMBuilds\NV10_dashboard\arduino_due_x_dbg\Release/core.a(main.cpp.o)
                0x000832f6                initVariant
 .text.startup.main
                0x000832f8       0x38 C:\Users\MX\AppData\Local\Temp\VMBuilds\NV10_dashboard\arduino_due_x_dbg\Release/core.a(main.cpp.o)
                0x000832f8                main
 .text._ZN5Print5writeEPKhj
                0x00083330       0x22 C:\Users\MX\AppData\Local\Temp\VMBuilds\NV10_dashboard\arduino_due_x_dbg\Release/core.a(Print.cpp.o)
                0x00083330                Print::write(unsigned char const*, unsigned int)
 .text._ZN5Print5printEmi.part.3
                0x00083352        0xc C:\Users\MX\AppData\Local\Temp\VMBuilds\NV10_dashboard\arduino_due_x_dbg\Release/core.a(Print.cpp.o)
 .text._ZN5Print5writeEPKc
                0x0008335e       0x1e C:\Users\MX\AppData\Local\Temp\VMBuilds\NV10_dashboard\arduino_due_x_dbg\Release/core.a(Print.cpp.o)
                0x0008335e                Print::write(char const*)
 .text._ZN5Print5printERK6String
                0x0008337c       0x10 C:\Users\MX\AppData\Local\Temp\VMBuilds\NV10_dashboard\arduino_due_x_dbg\Release/core.a(Print.cpp.o)
                0x0008337c                Print::print(String const&)
 .text._ZN5Print5printEPKc
                0x0008338c        0x8 C:\Users\MX\AppData\Local\Temp\VMBuilds\NV10_dashboard\arduino_due_x_dbg\Release/core.a(Print.cpp.o)
                0x0008338c                Print::print(char const*)
 .text._ZN5Print7printlnEv
                0x00083394       0x10 C:\Users\MX\AppData\Local\Temp\VMBuilds\NV10_dashboard\arduino_due_x_dbg\Release/core.a(Print.cpp.o)
                0x00083394                Print::println()
 .text._ZN5Print7printlnEPKc
                0x000833a4       0x14 C:\Users\MX\AppData\Local\Temp\VMBuilds\NV10_dashboard\arduino_due_x_dbg\Release/core.a(Print.cpp.o)
                0x000833a4                Print::println(char const*)
 .text._ZN5Print11printNumberEmh
                0x000833b8       0x3e C:\Users\MX\AppData\Local\Temp\VMBuilds\NV10_dashboard\arduino_due_x_dbg\Release/core.a(Print.cpp.o)
                0x000833b8                Print::printNumber(unsigned long, unsigned char)
 .text._ZN5Print5printEmi
                0x000833f6        0xc C:\Users\MX\AppData\Local\Temp\VMBuilds\NV10_dashboard\arduino_due_x_dbg\Release/core.a(Print.cpp.o)
                0x000833f6                Print::print(unsigned long, int)
 .text._ZN5Print7printlnEhi
                0x00083402       0x14 C:\Users\MX\AppData\Local\Temp\VMBuilds\NV10_dashboard\arduino_due_x_dbg\Release/core.a(Print.cpp.o)
                0x00083402                Print::println(unsigned char, int)
 *fill*         0x00083416        0x2 
 .text.initiateReset
                0x00083418        0xc C:\Users\MX\AppData\Local\Temp\VMBuilds\NV10_dashboard\arduino_due_x_dbg\Release/core.a(Reset.cpp.o)
                0x00083418                initiateReset
 .text.cancelReset
                0x00083424       0x10 C:\Users\MX\AppData\Local\Temp\VMBuilds\NV10_dashboard\arduino_due_x_dbg\Release/core.a(Reset.cpp.o)
                0x00083424                cancelReset
 .text.tickReset
                0x00083434       0x20 C:\Users\MX\AppData\Local\Temp\VMBuilds\NV10_dashboard\arduino_due_x_dbg\Release/core.a(Reset.cpp.o)
                0x00083434                tickReset
 .text._ZN10RingBufferC2Ev
                0x00083454       0x1a C:\Users\MX\AppData\Local\Temp\VMBuilds\NV10_dashboard\arduino_due_x_dbg\Release/core.a(RingBuffer.cpp.o)
                0x00083454                RingBuffer::RingBuffer()
                0x00083454                RingBuffer::RingBuffer()
 .text._ZN10RingBuffer10store_charEh
                0x0008346e       0x1e C:\Users\MX\AppData\Local\Temp\VMBuilds\NV10_dashboard\arduino_due_x_dbg\Release/core.a(RingBuffer.cpp.o)
                0x0008346e                RingBuffer::store_char(unsigned char)
 .text._ZN9UARTClasscvbEv
                0x0008348c        0x4 C:\Users\MX\AppData\Local\Temp\VMBuilds\NV10_dashboard\arduino_due_x_dbg\Release/core.a(UARTClass.cpp.o)
                0x0008348c                UARTClass::operator bool()
 .text._ZN9UARTClass9availableEv
                0x00083490       0x12 C:\Users\MX\AppData\Local\Temp\VMBuilds\NV10_dashboard\arduino_due_x_dbg\Release/core.a(UARTClass.cpp.o)
                0x00083490                UARTClass::available()
 .text._ZN9UARTClass4peekEv
                0x000834a2       0x1c C:\Users\MX\AppData\Local\Temp\VMBuilds\NV10_dashboard\arduino_due_x_dbg\Release/core.a(UARTClass.cpp.o)
                0x000834a2                UARTClass::peek()
 .text._ZN9UARTClass4readEv
                0x000834be       0x2a C:\Users\MX\AppData\Local\Temp\VMBuilds\NV10_dashboard\arduino_due_x_dbg\Release/core.a(UARTClass.cpp.o)
                0x000834be                UARTClass::read()
 .text._ZN9UARTClass5flushEv
                0x000834e8       0x18 C:\Users\MX\AppData\Local\Temp\VMBuilds\NV10_dashboard\arduino_due_x_dbg\Release/core.a(UARTClass.cpp.o)
                0x000834e8                UARTClass::flush()
 .text._ZN9UARTClass5writeEh
                0x00083500       0x54 C:\Users\MX\AppData\Local\Temp\VMBuilds\NV10_dashboard\arduino_due_x_dbg\Release/core.a(UARTClass.cpp.o)
                0x00083500                UARTClass::write(unsigned char)
 .text._ZN9UARTClass3endEv
                0x00083554       0x3c C:\Users\MX\AppData\Local\Temp\VMBuilds\NV10_dashboard\arduino_due_x_dbg\Release/core.a(UARTClass.cpp.o)
                0x00083554                UARTClass::end()
 .text._ZN9UARTClassC2EP4Uart4IRQnmP10RingBufferS4_
                0x00083590       0x24 C:\Users\MX\AppData\Local\Temp\VMBuilds\NV10_dashboard\arduino_due_x_dbg\Release/core.a(UARTClass.cpp.o)
                0x00083590                UARTClass::UARTClass(Uart*, IRQn, unsigned long, RingBuffer*, RingBuffer*)
                0x00083590                UARTClass::UARTClass(Uart*, IRQn, unsigned long, RingBuffer*, RingBuffer*)
 .text._ZN9UARTClass4initEmm
                0x000835b4       0x70 C:\Users\MX\AppData\Local\Temp\VMBuilds\NV10_dashboard\arduino_due_x_dbg\Release/core.a(UARTClass.cpp.o)
                0x000835b4                UARTClass::init(unsigned long, unsigned long)
 .text._ZN9UARTClass5beginEm
                0x00083624        0x8 C:\Users\MX\AppData\Local\Temp\VMBuilds\NV10_dashboard\arduino_due_x_dbg\Release/core.a(UARTClass.cpp.o)
                0x00083624                UARTClass::begin(unsigned long)
 .text._ZN9UARTClass10IrqHandlerEv
                0x0008362c       0x5a C:\Users\MX\AppData\Local\Temp\VMBuilds\NV10_dashboard\arduino_due_x_dbg\Release/core.a(UARTClass.cpp.o)
                0x0008362c                UARTClass::IrqHandler()
 .text._ZN10USARTClass5beginEm
                0x00083686        0x8 C:\Users\MX\AppData\Local\Temp\VMBuilds\NV10_dashboard\arduino_due_x_dbg\Release/core.a(USARTClass.cpp.o)
                0x00083686                USARTClass::begin(unsigned long)
 *fill*         0x0008368e        0x2 
 .text._ZN10USARTClassC2EP5Usart4IRQnmP10RingBufferS4_
                0x00083690       0x24 C:\Users\MX\AppData\Local\Temp\VMBuilds\NV10_dashboard\arduino_due_x_dbg\Release/core.a(USARTClass.cpp.o)
                0x00083690                USARTClass::USARTClass(Usart*, IRQn, unsigned long, RingBuffer*, RingBuffer*)
                0x00083690                USARTClass::USARTClass(Usart*, IRQn, unsigned long, RingBuffer*, RingBuffer*)
 .text._watchdogDefaultSetup
                0x000836b4        0xc C:\Users\MX\AppData\Local\Temp\VMBuilds\NV10_dashboard\arduino_due_x_dbg\Release/core.a(watchdog.cpp.o)
                0x000836b4                _watchdogDefaultSetup
                0x000836b4                watchdogSetup()
 .text._ZN6String10invalidateEv
                0x000836c0       0x16 C:\Users\MX\AppData\Local\Temp\VMBuilds\NV10_dashboard\arduino_due_x_dbg\Release/core.a(WString.cpp.o)
                0x000836c0                String::invalidate()
 .text._ZN6String12changeBufferEj
                0x000836d6       0x18 C:\Users\MX\AppData\Local\Temp\VMBuilds\NV10_dashboard\arduino_due_x_dbg\Release/core.a(WString.cpp.o)
                0x000836d6                String::changeBuffer(unsigned int)
 .text._ZN6String7reserveEj
                0x000836ee       0x22 C:\Users\MX\AppData\Local\Temp\VMBuilds\NV10_dashboard\arduino_due_x_dbg\Release/core.a(WString.cpp.o)
                0x000836ee                String::reserve(unsigned int)
 .text._ZN6String4copyEPKcj
                0x00083710       0x26 C:\Users\MX\AppData\Local\Temp\VMBuilds\NV10_dashboard\arduino_due_x_dbg\Release/core.a(WString.cpp.o)
                0x00083710                String::copy(char const*, unsigned int)
 .text._ZN6StringC2EPKc
                0x00083736       0x24 C:\Users\MX\AppData\Local\Temp\VMBuilds\NV10_dashboard\arduino_due_x_dbg\Release/core.a(WString.cpp.o)
                0x00083736                String::String(char const*)
                0x00083736                String::String(char const*)
 .text._ZN6StringaSEPKc
                0x0008375a       0x22 C:\Users\MX\AppData\Local\Temp\VMBuilds\NV10_dashboard\arduino_due_x_dbg\Release/core.a(WString.cpp.o)
                0x0008375a                String::operator=(char const*)
 .text.unlikely._ZL11USB_SendZlpv
                0x0008377c       0x20 C:\Users\MX\AppData\Local\Temp\VMBuilds\NV10_dashboard\arduino_due_x_dbg\Release/core.a(USBCore.cpp.o)
 .text._Z14USBD_Availablem
                0x0008379c       0x2c C:\Users\MX\AppData\Local\Temp\VMBuilds\NV10_dashboard\arduino_due_x_dbg\Release/core.a(USBCore.cpp.o)
                0x0008379c                USBD_Available(unsigned long)
 .text._Z9USBD_RecvmPvm
                0x000837c8       0x7c C:\Users\MX\AppData\Local\Temp\VMBuilds\NV10_dashboard\arduino_due_x_dbg\Release/core.a(USBCore.cpp.o)
                0x000837c8                USBD_Recv(unsigned long, void*, unsigned long)
 .text._Z9USBD_Recvm
                0x00083844       0x22 C:\Users\MX\AppData\Local\Temp\VMBuilds\NV10_dashboard\arduino_due_x_dbg\Release/core.a(USBCore.cpp.o)
                0x00083844                USBD_Recv(unsigned long)
 *fill*         0x00083866        0x2 
 .text._Z9USBD_SendmPKvm
                0x00083868       0x4c C:\Users\MX\AppData\Local\Temp\VMBuilds\NV10_dashboard\arduino_due_x_dbg\Release/core.a(USBCore.cpp.o)
                0x00083868                USBD_Send(unsigned long, void const*, unsigned long)
 .text._Z16USBD_SendControlhPKvm
                0x000838b4       0x40 C:\Users\MX\AppData\Local\Temp\VMBuilds\NV10_dashboard\arduino_due_x_dbg\Release/core.a(USBCore.cpp.o)
                0x000838b4                USBD_SendControl(unsigned char, void const*, unsigned long)
 .text.unlikely._ZL24USB_SendStringDescriptorPKhi
                0x000838f4       0x64 C:\Users\MX\AppData\Local\Temp\VMBuilds\NV10_dashboard\arduino_due_x_dbg\Release/core.a(USBCore.cpp.o)
 .text._Z16USBD_RecvControlPvm
                0x00083958       0x1c C:\Users\MX\AppData\Local\Temp\VMBuilds\NV10_dashboard\arduino_due_x_dbg\Release/core.a(USBCore.cpp.o)
                0x00083958                USBD_RecvControl(void*, unsigned long)
 .text._Z26USBD_ClassInterfaceRequestR8USBSetup
                0x00083974       0x1e C:\Users\MX\AppData\Local\Temp\VMBuilds\NV10_dashboard\arduino_due_x_dbg\Release/core.a(USBCore.cpp.o)
                0x00083974                USBD_ClassInterfaceRequest(USBSetup&)
 .text._Z19USBD_SendInterfacesv
                0x00083992       0x22 C:\Users\MX\AppData\Local\Temp\VMBuilds\NV10_dashboard\arduino_due_x_dbg\Release/core.a(USBCore.cpp.o)
                0x00083992                USBD_SendInterfaces()
 .text._Z24USBD_SendOtherInterfacesv
                0x000839b4       0x22 C:\Users\MX\AppData\Local\Temp\VMBuilds\NV10_dashboard\arduino_due_x_dbg\Release/core.a(USBCore.cpp.o)
                0x000839b4                USBD_SendOtherInterfaces()
 .text._Z10USBD_Flushm
                0x000839d6       0x16 C:\Users\MX\AppData\Local\Temp\VMBuilds\NV10_dashboard\arduino_due_x_dbg\Release/core.a(USBCore.cpp.o)
                0x000839d6                USBD_Flush(unsigned long)
 .text._ZN10USBDevice_C2Ev
                0x000839ec       0x24 C:\Users\MX\AppData\Local\Temp\VMBuilds\NV10_dashboard\arduino_due_x_dbg\Release/core.a(USBCore.cpp.o)
                0x000839ec                USBDevice_::USBDevice_()
                0x000839ec                USBDevice_::USBDevice_()
 .text._ZN10USBDevice_6attachEv
                0x00083a10       0x20 C:\Users\MX\AppData\Local\Temp\VMBuilds\NV10_dashboard\arduino_due_x_dbg\Release/core.a(USBCore.cpp.o)
                0x00083a10                USBDevice_::attach()
 .text.startup._GLOBAL__sub_I_EndPoints
                0x00083a30        0xc C:\Users\MX\AppData\Local\Temp\VMBuilds\NV10_dashboard\arduino_due_x_dbg\Release/core.a(USBCore.cpp.o)
 .text._ZL7USB_ISRv
                0x00083a3c      0x454 C:\Users\MX\AppData\Local\Temp\VMBuilds\NV10_dashboard\arduino_due_x_dbg\Release/core.a(USBCore.cpp.o)
 .text.__empty  0x00083e90        0x2 C:\Users\MX\AppData\Local\Temp\VMBuilds\NV10_dashboard\arduino_due_x_dbg\Release/core.a(hooks.c.o)
                0x00083e90                yield
 *fill*         0x00083e92        0x2 
 .text._ZN7Serial_9availableEv
                0x00083e94       0x18 C:\Users\MX\AppData\Local\Temp\VMBuilds\NV10_dashboard\arduino_due_x_dbg\Release/core.a(CDC.cpp.o)
                0x00083e94                Serial_::available()
 .text._ZN7Serial_17availableForWriteEv
                0x00083eac        0x6 C:\Users\MX\AppData\Local\Temp\VMBuilds\NV10_dashboard\arduino_due_x_dbg\Release/core.a(CDC.cpp.o)
                0x00083eac                Serial_::availableForWrite()
 *fill*         0x00083eb2        0x2 
 .text._ZN7Serial_4peekEv
                0x00083eb4       0x20 C:\Users\MX\AppData\Local\Temp\VMBuilds\NV10_dashboard\arduino_due_x_dbg\Release/core.a(CDC.cpp.o)
                0x00083eb4                Serial_::peek()
 .text._ZN7Serial_5writeEh
                0x00083ed4       0x16 C:\Users\MX\AppData\Local\Temp\VMBuilds\NV10_dashboard\arduino_due_x_dbg\Release/core.a(CDC.cpp.o)
                0x00083ed4                Serial_::write(unsigned char)
 *fill*         0x00083eea        0x2 
 .text._ZN7Serial_4readEv
                0x00083eec       0x44 C:\Users\MX\AppData\Local\Temp\VMBuilds\NV10_dashboard\arduino_due_x_dbg\Release/core.a(CDC.cpp.o)
                0x00083eec                Serial_::read()
 .text._ZN7Serial_5flushEv
                0x00083f30        0x6 C:\Users\MX\AppData\Local\Temp\VMBuilds\NV10_dashboard\arduino_due_x_dbg\Release/core.a(CDC.cpp.o)
                0x00083f30                Serial_::flush()
 *fill*         0x00083f36        0x2 
 .text._ZN7Serial_6acceptEv
                0x00083f38       0x70 C:\Users\MX\AppData\Local\Temp\VMBuilds\NV10_dashboard\arduino_due_x_dbg\Release/core.a(CDC.cpp.o)
                0x00083f38                Serial_::accept()
 .text._ZN7Serial_5writeEPKhj
                0x00083fa8       0x2c C:\Users\MX\AppData\Local\Temp\VMBuilds\NV10_dashboard\arduino_due_x_dbg\Release/core.a(CDC.cpp.o)
                0x00083fa8                Serial_::write(unsigned char const*, unsigned int)
 .text._Z16CDC_GetInterfacePh
                0x00083fd4       0x14 C:\Users\MX\AppData\Local\Temp\VMBuilds\NV10_dashboard\arduino_due_x_dbg\Release/core.a(CDC.cpp.o)
                0x00083fd4                CDC_GetInterface(unsigned char*)
 .text._Z21CDC_GetOtherInterfacePh
                0x00083fe8       0x14 C:\Users\MX\AppData\Local\Temp\VMBuilds\NV10_dashboard\arduino_due_x_dbg\Release/core.a(CDC.cpp.o)
                0x00083fe8                CDC_GetOtherInterface(unsigned char*)
 .text._Z9CDC_SetupR8USBSetup
                0x00083ffc       0x78 C:\Users\MX\AppData\Local\Temp\VMBuilds\NV10_dashboard\arduino_due_x_dbg\Release/core.a(CDC.cpp.o)
                0x00083ffc                CDC_Setup(USBSetup&)
 .text.startup._GLOBAL__sub_I_cdc_rx_buffer
                0x00084074       0x1c C:\Users\MX\AppData\Local\Temp\VMBuilds\NV10_dashboard\arduino_due_x_dbg\Release/core.a(CDC.cpp.o)
 .text._ZN13PluggableUSB_12getInterfaceEPh
                0x00084090       0x28 C:\Users\MX\AppData\Local\Temp\VMBuilds\NV10_dashboard\arduino_due_x_dbg\Release/core.a(PluggableUSB.cpp.o)
                0x00084090                PluggableUSB_::getInterface(unsigned char*)
 .text._ZN13PluggableUSB_13getDescriptorER8USBSetup
                0x000840b8       0x1c C:\Users\MX\AppData\Local\Temp\VMBuilds\NV10_dashboard\arduino_due_x_dbg\Release/core.a(PluggableUSB.cpp.o)
                0x000840b8                PluggableUSB_::getDescriptor(USBSetup&)
 .text._ZN13PluggableUSB_12getShortNameEPc
                0x000840d4       0x1c C:\Users\MX\AppData\Local\Temp\VMBuilds\NV10_dashboard\arduino_due_x_dbg\Release/core.a(PluggableUSB.cpp.o)
                0x000840d4                PluggableUSB_::getShortName(char*)
 .text._ZN13PluggableUSB_5setupER8USBSetup
                0x000840f0       0x20 C:\Users\MX\AppData\Local\Temp\VMBuilds\NV10_dashboard\arduino_due_x_dbg\Release/core.a(PluggableUSB.cpp.o)
                0x000840f0                PluggableUSB_::setup(USBSetup&)
 .text._Z12PluggableUSBv
                0x00084110       0x28 C:\Users\MX\AppData\Local\Temp\VMBuilds\NV10_dashboard\arduino_due_x_dbg\Release/core.a(PluggableUSB.cpp.o)
                0x00084110                PluggableUSB()
 .text.TimeTick_Increment
                0x00084138       0x10 D:\Arduino\ide\portable\packages\arduino\hardware\sam\1.6.11\variants\arduino_due_x/libsam_sam3x8e_gcc_rel.a(timetick.o)
                0x00084138                TimeTick_Increment
 .text.GetTickCount
                0x00084148        0xc D:\Arduino\ide\portable\packages\arduino\hardware\sam\1.6.11\variants\arduino_due_x/libsam_sam3x8e_gcc_rel.a(timetick.o)
                0x00084148                GetTickCount
 .text.WDT_Disable
                0x00084154        0x8 D:\Arduino\ide\portable\packages\arduino\hardware\sam\1.6.11\variants\arduino_due_x/libsam_sam3x8e_gcc_rel.a(wdt.o)
                0x00084154                WDT_Disable
 .text.UDD_SetStack
                0x0008415c        0xc D:\Arduino\ide\portable\packages\arduino\hardware\sam\1.6.11\variants\arduino_due_x/libsam_sam3x8e_gcc_rel.a(uotghs_device.o)
                0x0008415c                UDD_SetStack
 .text.UDD_Init
                0x00084168       0xd0 D:\Arduino\ide\portable\packages\arduino\hardware\sam\1.6.11\variants\arduino_due_x/libsam_sam3x8e_gcc_rel.a(uotghs_device.o)
                0x00084168                UDD_Init
 .text.UDD_Attach
                0x00084238       0x50 D:\Arduino\ide\portable\packages\arduino\hardware\sam\1.6.11\variants\arduino_due_x/libsam_sam3x8e_gcc_rel.a(uotghs_device.o)
                0x00084238                UDD_Attach
 .text.UDD_InitEP
                0x00084288       0x2c D:\Arduino\ide\portable\packages\arduino\hardware\sam\1.6.11\variants\arduino_due_x/libsam_sam3x8e_gcc_rel.a(uotghs_device.o)
                0x00084288                UDD_InitEP
 .text.UDD_InitEndpoints
                0x000842b4       0x3c D:\Arduino\ide\portable\packages\arduino\hardware\sam\1.6.11\variants\arduino_due_x/libsam_sam3x8e_gcc_rel.a(uotghs_device.o)
                0x000842b4                UDD_InitEndpoints
 .text.UDD_WaitIN
                0x000842f0       0x10 D:\Arduino\ide\portable\packages\arduino\hardware\sam\1.6.11\variants\arduino_due_x/libsam_sam3x8e_gcc_rel.a(uotghs_device.o)
                0x000842f0                UDD_WaitIN
 .text.UDD_WaitOUT
                0x00084300       0x10 D:\Arduino\ide\portable\packages\arduino\hardware\sam\1.6.11\variants\arduino_due_x/libsam_sam3x8e_gcc_rel.a(uotghs_device.o)
                0x00084300                UDD_WaitOUT
 .text.UDD_ClearIN
                0x00084310       0x18 D:\Arduino\ide\portable\packages\arduino\hardware\sam\1.6.11\variants\arduino_due_x/libsam_sam3x8e_gcc_rel.a(uotghs_device.o)
                0x00084310                UDD_ClearIN
 .text.UDD_ClearOUT
                0x00084328       0x18 D:\Arduino\ide\portable\packages\arduino\hardware\sam\1.6.11\variants\arduino_due_x/libsam_sam3x8e_gcc_rel.a(uotghs_device.o)
                0x00084328                UDD_ClearOUT
 .text.UDD_ReceivedSetupInt
                0x00084340       0x10 D:\Arduino\ide\portable\packages\arduino\hardware\sam\1.6.11\variants\arduino_due_x/libsam_sam3x8e_gcc_rel.a(uotghs_device.o)
                0x00084340                UDD_ReceivedSetupInt
 .text.UDD_ClearSetupInt
                0x00084350       0x10 D:\Arduino\ide\portable\packages\arduino\hardware\sam\1.6.11\variants\arduino_due_x/libsam_sam3x8e_gcc_rel.a(uotghs_device.o)
                0x00084350                UDD_ClearSetupInt
 .text.UDD_Send
                0x00084360       0x88 D:\Arduino\ide\portable\packages\arduino\hardware\sam\1.6.11\variants\arduino_due_x/libsam_sam3x8e_gcc_rel.a(uotghs_device.o)
                0x00084360                UDD_Send
 .text.UDD_Send8
                0x000843e8       0x24 D:\Arduino\ide\portable\packages\arduino\hardware\sam\1.6.11\variants\arduino_due_x/libsam_sam3x8e_gcc_rel.a(uotghs_device.o)
                0x000843e8                UDD_Send8
 .text.UDD_Recv8
                0x0008440c       0x28 D:\Arduino\ide\portable\packages\arduino\hardware\sam\1.6.11\variants\arduino_due_x/libsam_sam3x8e_gcc_rel.a(uotghs_device.o)
                0x0008440c                UDD_Recv8
 .text.UDD_Recv
                0x00084434       0x34 D:\Arduino\ide\portable\packages\arduino\hardware\sam\1.6.11\variants\arduino_due_x/libsam_sam3x8e_gcc_rel.a(uotghs_device.o)
                0x00084434                UDD_Recv
 .text.UDD_Stall
                0x00084468       0x14 D:\Arduino\ide\portable\packages\arduino\hardware\sam\1.6.11\variants\arduino_due_x/libsam_sam3x8e_gcc_rel.a(uotghs_device.o)
                0x00084468                UDD_Stall
 .text.UDD_FifoByteCount
                0x0008447c       0x14 D:\Arduino\ide\portable\packages\arduino\hardware\sam\1.6.11\variants\arduino_due_x/libsam_sam3x8e_gcc_rel.a(uotghs_device.o)
                0x0008447c                UDD_FifoByteCount
 .text.UDD_ReleaseRX
                0x00084490       0x28 D:\Arduino\ide\portable\packages\arduino\hardware\sam\1.6.11\variants\arduino_due_x/libsam_sam3x8e_gcc_rel.a(uotghs_device.o)
                0x00084490                UDD_ReleaseRX
 .text.UDD_ReleaseTX
                0x000844b8       0x28 D:\Arduino\ide\portable\packages\arduino\hardware\sam\1.6.11\variants\arduino_due_x/libsam_sam3x8e_gcc_rel.a(uotghs_device.o)
                0x000844b8                UDD_ReleaseTX
 .text.UDD_SetAddress
                0x000844e0       0x20 D:\Arduino\ide\portable\packages\arduino\hardware\sam\1.6.11\variants\arduino_due_x/libsam_sam3x8e_gcc_rel.a(uotghs_device.o)
                0x000844e0                UDD_SetAddress
 .text.__libc_init_array
                0x00084500       0x50 d:/arduino/ide/portable/packages/arduino/tools/arm-none-eabi-gcc/4.8.3-2014q1/bin/../lib/gcc/arm-none-eabi/4.8.3/../../../../arm-none-eabi/lib/armv7-m\libg.a(lib_a-init.o)
                0x00084500                __libc_init_array
 .text.iprintf  0x00084550       0x28 d:/arduino/ide/portable/packages/arduino/tools/arm-none-eabi-gcc/4.8.3-2014q1/bin/../lib/gcc/arm-none-eabi/4.8.3/../../../../arm-none-eabi/lib/armv7-m\libg.a(lib_a-iprintf.o)
                0x00084550                iprintf
 .text.malloc   0x00084578       0x10 d:/arduino/ide/portable/packages/arduino/tools/arm-none-eabi-gcc/4.8.3-2014q1/bin/../lib/gcc/arm-none-eabi/4.8.3/../../../../arm-none-eabi/lib/armv7-m\libg.a(lib_a-malloc.o)
                0x00084578                malloc
 .text.free     0x00084588       0x10 d:/arduino/ide/portable/packages/arduino/tools/arm-none-eabi-gcc/4.8.3-2014q1/bin/../lib/gcc/arm-none-eabi/4.8.3/../../../../arm-none-eabi/lib/armv7-m\libg.a(lib_a-malloc.o)
                0x00084588                free
 .text._malloc_r
                0x00084598      0x538 d:/arduino/ide/portable/packages/arduino/tools/arm-none-eabi-gcc/4.8.3-2014q1/bin/../lib/gcc/arm-none-eabi/4.8.3/../../../../arm-none-eabi/lib/armv7-m\libg.a(lib_a-mallocr.o)
                0x00084598                _malloc_r
 .text          0x00084ad0       0xec d:/arduino/ide/portable/packages/arduino/tools/arm-none-eabi-gcc/4.8.3-2014q1/bin/../lib/gcc/arm-none-eabi/4.8.3/../../../../arm-none-eabi/lib/armv7-m\libg.a(lib_a-memcpy.o)
                0x00084ad0                memcpy
 .text.memmove  0x00084bbc       0xcc d:/arduino/ide/portable/packages/arduino/tools/arm-none-eabi-gcc/4.8.3-2014q1/bin/../lib/gcc/arm-none-eabi/4.8.3/../../../../arm-none-eabi/lib/armv7-m\libg.a(lib_a-memmove.o)
                0x00084bbc                memmove
 .text.memset   0x00084c88       0x94 d:/arduino/ide/portable/packages/arduino/tools/arm-none-eabi-gcc/4.8.3-2014q1/bin/../lib/gcc/arm-none-eabi/4.8.3/../../../../arm-none-eabi/lib/armv7-m\libg.a(lib_a-memset.o)
                0x00084c88                memset
 .text.__malloc_lock
                0x00084d1c        0x4 d:/arduino/ide/portable/packages/arduino/tools/arm-none-eabi-gcc/4.8.3-2014q1/bin/../lib/gcc/arm-none-eabi/4.8.3/../../../../arm-none-eabi/lib/armv7-m\libg.a(lib_a-mlock.o)
                0x00084d1c                __malloc_lock
 .text.__malloc_unlock
                0x00084d20        0x4 d:/arduino/ide/portable/packages/arduino/tools/arm-none-eabi-gcc/4.8.3-2014q1/bin/../lib/gcc/arm-none-eabi/4.8.3/../../../../arm-none-eabi/lib/armv7-m\libg.a(lib_a-mlock.o)
                0x00084d20                __malloc_unlock
 .text.realloc  0x00084d24       0x10 d:/arduino/ide/portable/packages/arduino/tools/arm-none-eabi-gcc/4.8.3-2014q1/bin/../lib/gcc/arm-none-eabi/4.8.3/../../../../arm-none-eabi/lib/armv7-m\libg.a(lib_a-realloc.o)
                0x00084d24                realloc
 .text._realloc_r
                0x00084d34      0x3c0 d:/arduino/ide/portable/packages/arduino/tools/arm-none-eabi-gcc/4.8.3-2014q1/bin/../lib/gcc/arm-none-eabi/4.8.3/../../../../arm-none-eabi/lib/armv7-m\libg.a(lib_a-reallocr.o)
                0x00084d34                _realloc_r
 .text._sbrk_r  0x000850f4       0x24 d:/arduino/ide/portable/packages/arduino/tools/arm-none-eabi-gcc/4.8.3-2014q1/bin/../lib/gcc/arm-none-eabi/4.8.3/../../../../arm-none-eabi/lib/armv7-m\libg.a(lib_a-sbrkr.o)
                0x000850f4                _sbrk_r
 .text.strcpy   0x00085118       0xbc d:/arduino/ide/portable/packages/arduino/tools/arm-none-eabi-gcc/4.8.3-2014q1/bin/../lib/gcc/arm-none-eabi/4.8.3/../../../../arm-none-eabi/lib/armv7-m\libg.a(lib_a-strcpy.o)
                0x00085118                strcpy
 .text.strlen   0x000851d4       0x60 d:/arduino/ide/portable/packages/arduino/tools/arm-none-eabi-gcc/4.8.3-2014q1/bin/../lib/gcc/arm-none-eabi/4.8.3/../../../../arm-none-eabi/lib/armv7-m\libg.a(lib_a-strlen.o)
                0x000851d4                strlen
 .text.kill     0x00085234       0x10 d:/arduino/ide/portable/packages/arduino/tools/arm-none-eabi-gcc/4.8.3-2014q1/bin/../lib/gcc/arm-none-eabi/4.8.3/../../../../arm-none-eabi/lib/armv7-m\libg.a(lib_a-syskill.o)
                0x00085234                kill
 .text.__sprint_r.part.0
                0x00085244       0x78 d:/arduino/ide/portable/packages/arduino/tools/arm-none-eabi-gcc/4.8.3-2014q1/bin/../lib/gcc/arm-none-eabi/4.8.3/../../../../arm-none-eabi/lib/armv7-m\libg.a(lib_a-vfiprintf.o)
 .text._vfiprintf_r
                0x000852bc      0xc54 d:/arduino/ide/portable/packages/arduino/tools/arm-none-eabi-gcc/4.8.3-2014q1/bin/../lib/gcc/arm-none-eabi/4.8.3/../../../../arm-none-eabi/lib/armv7-m\libg.a(lib_a-vfiprintf.o)
                0x000852bc                _vfiprintf_r
 .text.__sbprintf
                0x00085f10       0x7c d:/arduino/ide/portable/packages/arduino/tools/arm-none-eabi-gcc/4.8.3-2014q1/bin/../lib/gcc/arm-none-eabi/4.8.3/../../../../arm-none-eabi/lib/armv7-m\libg.a(lib_a-vfiprintf.o)
 .text.__swsetup_r
                0x00085f8c       0xc4 d:/arduino/ide/portable/packages/arduino/tools/arm-none-eabi-gcc/4.8.3-2014q1/bin/../lib/gcc/arm-none-eabi/4.8.3/../../../../arm-none-eabi/lib/armv7-m\libg.a(lib_a-wsetup.o)
                0x00085f8c                __swsetup_r
 .text.startup.register_fini
                0x00086050       0x14 d:/arduino/ide/portable/packages/arduino/tools/arm-none-eabi-gcc/4.8.3-2014q1/bin/../lib/gcc/arm-none-eabi/4.8.3/../../../../arm-none-eabi/lib/armv7-m\libg.a(lib_a-__call_atexit.o)
 .text.atexit   0x00086064        0xc d:/arduino/ide/portable/packages/arduino/tools/arm-none-eabi-gcc/4.8.3-2014q1/bin/../lib/gcc/arm-none-eabi/4.8.3/../../../../arm-none-eabi/lib/armv7-m\libg.a(lib_a-atexit.o)
                0x00086064                atexit
 .text.__sflush_r
                0x00086070      0x148 d:/arduino/ide/portable/packages/arduino/tools/arm-none-eabi-gcc/4.8.3-2014q1/bin/../lib/gcc/arm-none-eabi/4.8.3/../../../../arm-none-eabi/lib/armv7-m\libg.a(lib_a-fflush.o)
                0x00086070                __sflush_r
 .text._fflush_r
                0x000861b8       0x2c d:/arduino/ide/portable/packages/arduino/tools/arm-none-eabi-gcc/4.8.3-2014q1/bin/../lib/gcc/arm-none-eabi/4.8.3/../../../../arm-none-eabi/lib/armv7-m\libg.a(lib_a-fflush.o)
                0x000861b8                _fflush_r
 .text._cleanup_r
                0x000861e4        0xc d:/arduino/ide/portable/packages/arduino/tools/arm-none-eabi-gcc/4.8.3-2014q1/bin/../lib/gcc/arm-none-eabi/4.8.3/../../../../arm-none-eabi/lib/armv7-m\libg.a(lib_a-findfp.o)
                0x000861e4                _cleanup_r
 .text.__sinit  0x000861f0       0xf4 d:/arduino/ide/portable/packages/arduino/tools/arm-none-eabi-gcc/4.8.3-2014q1/bin/../lib/gcc/arm-none-eabi/4.8.3/../../../../arm-none-eabi/lib/armv7-m\libg.a(lib_a-findfp.o)
                0x000861f0                __sinit
 .text.__sfp_lock_acquire
                0x000862e4        0x4 d:/arduino/ide/portable/packages/arduino/tools/arm-none-eabi-gcc/4.8.3-2014q1/bin/../lib/gcc/arm-none-eabi/4.8.3/../../../../arm-none-eabi/lib/armv7-m\libg.a(lib_a-findfp.o)
                0x000862e4                __sfp_lock_acquire
 .text.__sfp_lock_release
                0x000862e8        0x4 d:/arduino/ide/portable/packages/arduino/tools/arm-none-eabi-gcc/4.8.3-2014q1/bin/../lib/gcc/arm-none-eabi/4.8.3/../../../../arm-none-eabi/lib/armv7-m\libg.a(lib_a-findfp.o)
                0x000862e8                __sfp_lock_release
 .text.__libc_fini_array
                0x000862ec       0x30 d:/arduino/ide/portable/packages/arduino/tools/arm-none-eabi-gcc/4.8.3-2014q1/bin/../lib/gcc/arm-none-eabi/4.8.3/../../../../arm-none-eabi/lib/armv7-m\libg.a(lib_a-fini.o)
                0x000862ec                __libc_fini_array
 .text._fputwc_r
                0x0008631c       0xc0 d:/arduino/ide/portable/packages/arduino/tools/arm-none-eabi-gcc/4.8.3-2014q1/bin/../lib/gcc/arm-none-eabi/4.8.3/../../../../arm-none-eabi/lib/armv7-m\libg.a(lib_a-fputwc.o)
                0x0008631c                _fputwc_r
 .text._malloc_trim_r
                0x000863dc       0x9c d:/arduino/ide/portable/packages/arduino/tools/arm-none-eabi-gcc/4.8.3-2014q1/bin/../lib/gcc/arm-none-eabi/4.8.3/../../../../arm-none-eabi/lib/armv7-m\libg.a(lib_a-freer.o)
                0x000863dc                _malloc_trim_r
 .text._free_r  0x00086478      0x198 d:/arduino/ide/portable/packages/arduino/tools/arm-none-eabi-gcc/4.8.3-2014q1/bin/../lib/gcc/arm-none-eabi/4.8.3/../../../../arm-none-eabi/lib/armv7-m\libg.a(lib_a-freer.o)
                0x00086478                _free_r
 .text.__sfvwrite_r
                0x00086610      0x314 d:/arduino/ide/portable/packages/arduino/tools/arm-none-eabi-gcc/4.8.3-2014q1/bin/../lib/gcc/arm-none-eabi/4.8.3/../../../../arm-none-eabi/lib/armv7-m\libg.a(lib_a-fvwrite.o)
                0x00086610                __sfvwrite_r
 .text._fwalk   0x00086924       0x48 d:/arduino/ide/portable/packages/arduino/tools/arm-none-eabi-gcc/4.8.3-2014q1/bin/../lib/gcc/arm-none-eabi/4.8.3/../../../../arm-none-eabi/lib/armv7-m\libg.a(lib_a-fwalk.o)
                0x00086924                _fwalk
 .text.__locale_charset
                0x0008696c        0x8 d:/arduino/ide/portable/packages/arduino/tools/arm-none-eabi-gcc/4.8.3-2014q1/bin/../lib/gcc/arm-none-eabi/4.8.3/../../../../arm-none-eabi/lib/armv7-m\libg.a(lib_a-locale.o)
                0x0008696c                __locale_charset
 .text.__locale_mb_cur_max
                0x00086974        0xc d:/arduino/ide/portable/packages/arduino/tools/arm-none-eabi-gcc/4.8.3-2014q1/bin/../lib/gcc/arm-none-eabi/4.8.3/../../../../arm-none-eabi/lib/armv7-m\libg.a(lib_a-locale.o)
                0x00086974                __locale_mb_cur_max
 .text.__smakebuf_r
                0x00086980       0xe0 d:/arduino/ide/portable/packages/arduino/tools/arm-none-eabi-gcc/4.8.3-2014q1/bin/../lib/gcc/arm-none-eabi/4.8.3/../../../../arm-none-eabi/lib/armv7-m\libg.a(lib_a-makebuf.o)
                0x00086980                __smakebuf_r
 .text.memchr   0x00086a60       0x94 d:/arduino/ide/portable/packages/arduino/tools/arm-none-eabi-gcc/4.8.3-2014q1/bin/../lib/gcc/arm-none-eabi/4.8.3/../../../../arm-none-eabi/lib/armv7-m\libg.a(lib_a-memchr-stub.o)
                0x00086a60                memchr
 .text._kill_r  0x00086af4       0x28 d:/arduino/ide/portable/packages/arduino/tools/arm-none-eabi-gcc/4.8.3-2014q1/bin/../lib/gcc/arm-none-eabi/4.8.3/../../../../arm-none-eabi/lib/armv7-m\libg.a(lib_a-signalr.o)
                0x00086af4                _kill_r
 .text.__sread  0x00086b1c       0x24 d:/arduino/ide/portable/packages/arduino/tools/arm-none-eabi-gcc/4.8.3-2014q1/bin/../lib/gcc/arm-none-eabi/4.8.3/../../../../arm-none-eabi/lib/armv7-m\libg.a(lib_a-stdio.o)
                0x00086b1c                __sread
 .text.__swrite
                0x00086b40       0x38 d:/arduino/ide/portable/packages/arduino/tools/arm-none-eabi-gcc/4.8.3-2014q1/bin/../lib/gcc/arm-none-eabi/4.8.3/../../../../arm-none-eabi/lib/armv7-m\libg.a(lib_a-stdio.o)
                0x00086b40                __swrite
 .text.__sseek  0x00086b78       0x20 d:/arduino/ide/portable/packages/arduino/tools/arm-none-eabi-gcc/4.8.3-2014q1/bin/../lib/gcc/arm-none-eabi/4.8.3/../../../../arm-none-eabi/lib/armv7-m\libg.a(lib_a-stdio.o)
                0x00086b78                __sseek
 .text.__sclose
                0x00086b98        0x8 d:/arduino/ide/portable/packages/arduino/tools/arm-none-eabi-gcc/4.8.3-2014q1/bin/../lib/gcc/arm-none-eabi/4.8.3/../../../../arm-none-eabi/lib/armv7-m\libg.a(lib_a-stdio.o)
                0x00086b98                __sclose
 .text.__swbuf_r
                0x00086ba0       0xa8 d:/arduino/ide/portable/packages/arduino/tools/arm-none-eabi-gcc/4.8.3-2014q1/bin/../lib/gcc/arm-none-eabi/4.8.3/../../../../arm-none-eabi/lib/armv7-m\libg.a(lib_a-wbuf.o)
                0x00086ba0                __swbuf_r
 .text._wcrtomb_r
                0x00086c48       0x50 d:/arduino/ide/portable/packages/arduino/tools/arm-none-eabi-gcc/4.8.3-2014q1/bin/../lib/gcc/arm-none-eabi/4.8.3/../../../../arm-none-eabi/lib/armv7-m\libg.a(lib_a-wcrtomb.o)
                0x00086c48                _wcrtomb_r
 .text.__ascii_wctomb
                0x00086c98       0x1c d:/arduino/ide/portable/packages/arduino/tools/arm-none-eabi-gcc/4.8.3-2014q1/bin/../lib/gcc/arm-none-eabi/4.8.3/../../../../arm-none-eabi/lib/armv7-m\libg.a(lib_a-wctomb_r.o)
                0x00086c98                __ascii_wctomb
 .text._write_r
                0x00086cb4       0x28 d:/arduino/ide/portable/packages/arduino/tools/arm-none-eabi-gcc/4.8.3-2014q1/bin/../lib/gcc/arm-none-eabi/4.8.3/../../../../arm-none-eabi/lib/armv7-m\libg.a(lib_a-writer.o)
                0x00086cb4                _write_r
 .text.__register_exitproc
                0x00086cdc       0xa8 d:/arduino/ide/portable/packages/arduino/tools/arm-none-eabi-gcc/4.8.3-2014q1/bin/../lib/gcc/arm-none-eabi/4.8.3/../../../../arm-none-eabi/lib/armv7-m\libg.a(lib_a-__atexit.o)
                0x00086cdc                __register_exitproc
 .text._close_r
                0x00086d84       0x24 d:/arduino/ide/portable/packages/arduino/tools/arm-none-eabi-gcc/4.8.3-2014q1/bin/../lib/gcc/arm-none-eabi/4.8.3/../../../../arm-none-eabi/lib/armv7-m\libg.a(lib_a-closer.o)
                0x00086d84                _close_r
 .text._fclose_r
                0x00086da8       0x80 d:/arduino/ide/portable/packages/arduino/tools/arm-none-eabi-gcc/4.8.3-2014q1/bin/../lib/gcc/arm-none-eabi/4.8.3/../../../../arm-none-eabi/lib/armv7-m\libg.a(lib_a-fclose.o)
                0x00086da8                _fclose_r
 .text.fclose   0x00086e28       0x10 d:/arduino/ide/portable/packages/arduino/tools/arm-none-eabi-gcc/4.8.3-2014q1/bin/../lib/gcc/arm-none-eabi/4.8.3/../../../../arm-none-eabi/lib/armv7-m\libg.a(lib_a-fclose.o)
                0x00086e28                fclose
 .text._fstat_r
                0x00086e38       0x28 d:/arduino/ide/portable/packages/arduino/tools/arm-none-eabi-gcc/4.8.3-2014q1/bin/../lib/gcc/arm-none-eabi/4.8.3/../../../../arm-none-eabi/lib/armv7-m\libg.a(lib_a-fstatr.o)
                0x00086e38                _fstat_r
 .text._isatty_r
                0x00086e60       0x24 d:/arduino/ide/portable/packages/arduino/tools/arm-none-eabi-gcc/4.8.3-2014q1/bin/../lib/gcc/arm-none-eabi/4.8.3/../../../../arm-none-eabi/lib/armv7-m\libg.a(lib_a-isattyr.o)
                0x00086e60                _isatty_r
 .text._lseek_r
                0x00086e84       0x28 d:/arduino/ide/portable/packages/arduino/tools/arm-none-eabi-gcc/4.8.3-2014q1/bin/../lib/gcc/arm-none-eabi/4.8.3/../../../../arm-none-eabi/lib/armv7-m\libg.a(lib_a-lseekr.o)
                0x00086e84                _lseek_r
 .text._read_r  0x00086eac       0x28 d:/arduino/ide/portable/packages/arduino/tools/arm-none-eabi-gcc/4.8.3-2014q1/bin/../lib/gcc/arm-none-eabi/4.8.3/../../../../arm-none-eabi/lib/armv7-m\libg.a(lib_a-readr.o)
                0x00086eac                _read_r
 .text          0x00086ed4       0x2c d:/arduino/ide/portable/packages/arduino/tools/arm-none-eabi-gcc/4.8.3-2014q1/bin/../lib/gcc/arm-none-eabi/4.8.3/armv7-m\libgcc.a(_aeabi_uldivmod.o)
                0x00086ed4                __aeabi_uldivmod
 .text          0x00086f00       0x60 d:/arduino/ide/portable/packages/arduino/tools/arm-none-eabi-gcc/4.8.3-2014q1/bin/../lib/gcc/arm-none-eabi/4.8.3/armv7-m\libgcc.a(bpabi.o)
                0x00086f00                __gnu_ldivmod_helper
                0x00086f30                __gnu_uldivmod_helper
 .text          0x00086f60        0x4 d:/arduino/ide/portable/packages/arduino/tools/arm-none-eabi-gcc/4.8.3-2014q1/bin/../lib/gcc/arm-none-eabi/4.8.3/armv7-m\libgcc.a(_dvmd_tls.o)
                0x00086f60                __aeabi_idiv0
                0x00086f60                __aeabi_ldiv0
 .text          0x00086f64      0x2a0 d:/arduino/ide/portable/packages/arduino/tools/arm-none-eabi-gcc/4.8.3-2014q1/bin/../lib/gcc/arm-none-eabi/4.8.3/armv7-m\libgcc.a(_divdi3.o)
                0x00086f64                __divdi3
 .text          0x00087204      0x290 d:/arduino/ide/portable/packages/arduino/tools/arm-none-eabi-gcc/4.8.3-2014q1/bin/../lib/gcc/arm-none-eabi/4.8.3/armv7-m\libgcc.a(_udivdi3.o)
                0x00087204                __udivdi3
 *(.glue_7t)
 .glue_7t       0x00000000        0x0 linker stubs
 *(.glue_7)
 .glue_7        0x00000000        0x0 linker stubs
 *(.rodata .rodata* .gnu.linkonce.r.*)
 .rodata.str1.1
                0x00087494       0x1c C:\Users\MX\AppData\Local\Temp\VMBuilds\NV10_dashboard\arduino_due_x_dbg\Release\NV10_dashboard.cpp.o
 .rodata._ZTV14DisplayElement
                0x000874b0       0x10 C:\Users\MX\AppData\Local\Temp\VMBuilds\NV10_dashboard\arduino_due_x_dbg\Release\DisplayElement.cpp.o
                0x000874b0                vtable for DisplayElement
 .rodata.str1.1
                0x000874c0       0x61 C:\Users\MX\AppData\Local\Temp\VMBuilds\NV10_dashboard\arduino_due_x_dbg\Release\DisplayText.cpp.o
                                 0x62 (size before relaxing)
 *fill*         0x00087521        0x7 
 .rodata._ZTV11DisplayText
                0x00087528       0x10 C:\Users\MX\AppData\Local\Temp\VMBuilds\NV10_dashboard\arduino_due_x_dbg\Release\DisplayText.cpp.o
                0x00087528                vtable for DisplayText
 .rodata.str1.1
                0x00087538        0x5 C:\Users\MX\AppData\Local\Temp\VMBuilds\NV10_dashboard\arduino_due_x_dbg\Release\FreeRTOS_ARM\utility\tasks.c.o
 .rodata.str1.1
                0x0008753d        0x8 C:\Users\MX\AppData\Local\Temp\VMBuilds\NV10_dashboard\arduino_due_x_dbg\Release\FreeRTOS_ARM\utility\timers.c.o
 *fill*         0x00087545        0x3 
 .rodata._ZTV7ILI9488
                0x00087548       0x50 C:\Users\MX\AppData\Local\Temp\VMBuilds\NV10_dashboard\arduino_due_x_dbg\Release\ILI9488\ILI9488.cpp.o
                0x00087548                vtable for ILI9488
 .rodata._ZTV12Adafruit_GFX
                0x00087598       0x50 C:\Users\MX\AppData\Local\Temp\VMBuilds\NV10_dashboard\arduino_due_x_dbg\Release\Adafruit_GFX_Library\Adafruit_GFX.cpp.o
                0x00087598                vtable for Adafruit_GFX
 .rodata._ZL4font
                0x000875e8      0x500 C:\Users\MX\AppData\Local\Temp\VMBuilds\NV10_dashboard\arduino_due_x_dbg\Release\Adafruit_GFX_Library\Adafruit_GFX.cpp.o
 .rodata.g_APinDescription
                0x00087ae8      0xa2c C:\Users\MX\AppData\Local\Temp\VMBCore\arduino16x\6c87fd5e81d2326508468050926cf54f\variant\variant.cpp.o
                0x00087ae8                g_APinDescription
 .rodata        0x00088514       0x40 D:\Arduino\ide\portable\packages\arduino\hardware\sam\1.6.11\variants\arduino_due_x/libsam_sam3x8e_gcc_rel.a(adc.o)
 .rodata.str1.1
                0x00088554       0x19 C:\Users\MX\AppData\Local\Temp\VMBuilds\NV10_dashboard\arduino_due_x_dbg\Release/core.a(syscalls_sam3.c.o)
 .rodata.str1.1
                0x0008856d        0xf C:\Users\MX\AppData\Local\Temp\VMBuilds\NV10_dashboard\arduino_due_x_dbg\Release/core.a(Print.cpp.o)
 *fill*         0x0008857c        0x4 
 .rodata._ZTV9UARTClass
                0x00088580       0x30 C:\Users\MX\AppData\Local\Temp\VMBuilds\NV10_dashboard\arduino_due_x_dbg\Release/core.a(UARTClass.cpp.o)
                0x00088580                vtable for UARTClass
 .rodata._ZTV10USARTClass
                0x000885b0       0x30 C:\Users\MX\AppData\Local\Temp\VMBuilds\NV10_dashboard\arduino_due_x_dbg\Release/core.a(USARTClass.cpp.o)
                0x000885b0                vtable for USARTClass
 .rodata.STRING_PRODUCT
                0x000885e0        0xc C:\Users\MX\AppData\Local\Temp\VMBuilds\NV10_dashboard\arduino_due_x_dbg\Release/core.a(USBCore.cpp.o)
                0x000885e0                STRING_PRODUCT
 .rodata.USB_DeviceDescriptor
                0x000885ec       0x12 C:\Users\MX\AppData\Local\Temp\VMBuilds\NV10_dashboard\arduino_due_x_dbg\Release/core.a(USBCore.cpp.o)
                0x000885ec                USB_DeviceDescriptor
 .rodata.STRING_LANGUAGE
                0x000885fe        0x4 C:\Users\MX\AppData\Local\Temp\VMBuilds\NV10_dashboard\arduino_due_x_dbg\Release/core.a(USBCore.cpp.o)
                0x000885fe                STRING_LANGUAGE
 .rodata._ZL18test_packet_buffer
                0x00088602       0x35 C:\Users\MX\AppData\Local\Temp\VMBuilds\NV10_dashboard\arduino_due_x_dbg\Release/core.a(USBCore.cpp.o)
 .rodata.STRING_MANUFACTURER
                0x00088637        0xc C:\Users\MX\AppData\Local\Temp\VMBuilds\NV10_dashboard\arduino_due_x_dbg\Release/core.a(USBCore.cpp.o)
                0x00088637                STRING_MANUFACTURER
 .rodata.USB_DeviceDescriptorA
                0x00088643       0x12 C:\Users\MX\AppData\Local\Temp\VMBuilds\NV10_dashboard\arduino_due_x_dbg\Release/core.a(USBCore.cpp.o)
                0x00088643                USB_DeviceDescriptorA
 .rodata._ZL19USB_DeviceQualifier
                0x00088655        0x9 C:\Users\MX\AppData\Local\Temp\VMBuilds\NV10_dashboard\arduino_due_x_dbg\Release/core.a(USBCore.cpp.o)
 *fill*         0x0008865e        0x2 
 .rodata._ZTV7Serial_
                0x00088660       0x28 C:\Users\MX\AppData\Local\Temp\VMBuilds\NV10_dashboard\arduino_due_x_dbg\Release/core.a(CDC.cpp.o)
                0x00088660                vtable for Serial_
 .rodata._ZL18_cdcOtherInterface