Archive member included because of file (symbol)

D:\Arduino\ide\portable\packages\arduino\hardware\sam\1.6.11\variants\arduino_due_x/libsam_sam3x8e_gcc_rel.a(pio.o)
                              C:\Users\MX\AppData\Local\Temp\VMBuilds\NV10_dashboard\arduino_due_x_dbg\Debug\SPI\SPI.cpp.o (PIO_Configure)
D:\Arduino\ide\portable\packages\arduino\hardware\sam\1.6.11\variants\arduino_due_x/libsam_sam3x8e_gcc_rel.a(pmc.o)
                              C:\Users\MX\AppData\Local\Temp\VMBCore\arduino16x\df3d3bf65fbd1ecfe11002d444b14971\variant\variant.cpp.o (pmc_enable_periph_clk)
D:\Arduino\ide\portable\packages\arduino\hardware\sam\1.6.11\variants\arduino_due_x/libsam_sam3x8e_gcc_rel.a(spi.o)
                              C:\Users\MX\AppData\Local\Temp\VMBuilds\NV10_dashboard\arduino_due_x_dbg\Debug\SPI\SPI.cpp.o (SPI_Enable)
D:\Arduino\ide\portable\packages\arduino\hardware\sam\1.6.11\variants\arduino_due_x/libsam_sam3x8e_gcc_rel.a(system_sam3xa.o)
                              C:\Users\MX\AppData\Local\Temp\VMBCore\arduino16x\df3d3bf65fbd1ecfe11002d444b14971\variant\variant.cpp.o (SystemInit)
D:\Arduino\ide\portable\packages\arduino\hardware\sam\1.6.11\variants\arduino_due_x/libsam_sam3x8e_gcc_rel.a(startup_sam3xa.o)
                              (Reset_Handler)
D:\Arduino\ide\portable\packages\arduino\hardware\sam\1.6.11\variants\arduino_due_x/libsam_sam3x8e_gcc_rel.a(adc.o)
                              C:\Users\MX\AppData\Local\Temp\VMBCore\arduino16x\df3d3bf65fbd1ecfe11002d444b14971\variant\variant.cpp.o (adc_init)
D:\Arduino\ide\portable\packages\arduino\hardware\sam\1.6.11\variants\arduino_due_x/libsam_sam3x8e_gcc_rel.a(uotghs.o)
                              D:\Arduino\ide\portable\packages\arduino\hardware\sam\1.6.11\variants\arduino_due_x/libsam_sam3x8e_gcc_rel.a(startup_sam3xa.o) (UOTGHS_Handler)
C:\Users\MX\AppData\Local\Temp\VMBuilds\NV10_dashboard\arduino_due_x_dbg\Debug/core.a(cortex_handlers.c.o)
                              D:\Arduino\ide\portable\packages\arduino\hardware\sam\1.6.11\variants\arduino_due_x/libsam_sam3x8e_gcc_rel.a(startup_sam3xa.o) (NMI_Handler)
C:\Users\MX\AppData\Local\Temp\VMBuilds\NV10_dashboard\arduino_due_x_dbg\Debug/core.a(itoa.c.o)
                              C:\Users\MX\AppData\Local\Temp\VMBuilds\NV10_dashboard\arduino_due_x_dbg\Debug\NV10_dashboard.cpp.o (itoa)
C:\Users\MX\AppData\Local\Temp\VMBuilds\NV10_dashboard\arduino_due_x_dbg\Debug/core.a(syscalls_sam3.c.o)
                              (_sbrk)
C:\Users\MX\AppData\Local\Temp\VMBuilds\NV10_dashboard\arduino_due_x_dbg\Debug/core.a(wiring.c.o)
                              C:\Users\MX\AppData\Local\Temp\VMBuilds\NV10_dashboard\arduino_due_x_dbg\Debug\NV10_dashboard.cpp.o (millis)
C:\Users\MX\AppData\Local\Temp\VMBuilds\NV10_dashboard\arduino_due_x_dbg\Debug/core.a(wiring_analog.c.o)
                              C:\Users\MX\AppData\Local\Temp\VMBCore\arduino16x\df3d3bf65fbd1ecfe11002d444b14971\variant\variant.cpp.o (analogOutputInit)
C:\Users\MX\AppData\Local\Temp\VMBuilds\NV10_dashboard\arduino_due_x_dbg\Debug/core.a(wiring_digital.c.o)
                              C:\Users\MX\AppData\Local\Temp\VMBuilds\NV10_dashboard\arduino_due_x_dbg\Debug\NV10_dashboard.cpp.o (pinMode)
C:\Users\MX\AppData\Local\Temp\VMBuilds\NV10_dashboard\arduino_due_x_dbg\Debug/core.a(abi.cpp.o)
                              C:\Users\MX\AppData\Local\Temp\VMBuilds\NV10_dashboard\arduino_due_x_dbg\Debug\DisplayElement.cpp.o (__cxa_pure_virtual)
C:\Users\MX\AppData\Local\Temp\VMBuilds\NV10_dashboard\arduino_due_x_dbg\Debug/core.a(main.cpp.o)
                              d:/arduino/ide/portable/packages/arduino/tools/arm-none-eabi-gcc/4.8.3-2014q1/bin/../lib/gcc/arm-none-eabi/4.8.3/../../../../arm-none-eabi/lib/armv7-m/crt0.o (main)
C:\Users\MX\AppData\Local\Temp\VMBuilds\NV10_dashboard\arduino_due_x_dbg\Debug/core.a(Print.cpp.o)
                              C:\Users\MX\AppData\Local\Temp\VMBuilds\NV10_dashboard\arduino_due_x_dbg\Debug\ILI9488\ILI9488.cpp.o (Print::write(unsigned char const*, unsigned int))
C:\Users\MX\AppData\Local\Temp\VMBuilds\NV10_dashboard\arduino_due_x_dbg\Debug/core.a(Reset.cpp.o)
                              C:\Users\MX\AppData\Local\Temp\VMBuilds\NV10_dashboard\arduino_due_x_dbg\Debug/core.a(cortex_handlers.c.o) (tickReset)
C:\Users\MX\AppData\Local\Temp\VMBuilds\NV10_dashboard\arduino_due_x_dbg\Debug/core.a(RingBuffer.cpp.o)
                              C:\Users\MX\AppData\Local\Temp\VMBCore\arduino16x\df3d3bf65fbd1ecfe11002d444b14971\variant\variant.cpp.o (RingBuffer::RingBuffer())
C:\Users\MX\AppData\Local\Temp\VMBuilds\NV10_dashboard\arduino_due_x_dbg\Debug/core.a(UARTClass.cpp.o)
                              C:\Users\MX\AppData\Local\Temp\VMBuilds\NV10_dashboard\arduino_due_x_dbg\Debug\FreeRTOS_ARM\basic_io_arm.cpp.o (UARTClass::available())
C:\Users\MX\AppData\Local\Temp\VMBuilds\NV10_dashboard\arduino_due_x_dbg\Debug/core.a(USARTClass.cpp.o)
[...]
Memory Configuration

Name             Origin             Length             Attributes
rom              0x00080000         0x00080000         xr
sram0            0x20000000         0x00010000         xrw
sram1            0x20080000         0x00008000         xrw
ram              0x20070000         0x00018000         xrw
*default*        0x00000000         0xffffffff

Linker script and memory map

LOAD d:/arduino/ide/portable/packages/arduino/tools/arm-none-eabi-gcc/4.8.3-2014q1/bin/../lib/gcc/arm-none-eabi/4.8.3/armv7-m/crti.o
LOAD d:/arduino/ide/portable/packages/arduino/tools/arm-none-eabi-gcc/4.8.3-2014q1/bin/../lib/gcc/arm-none-eabi/4.8.3/armv7-m/crtbegin.o
LOAD d:/arduino/ide/portable/packages/arduino/tools/arm-none-eabi-gcc/4.8.3-2014q1/bin/../lib/gcc/arm-none-eabi/4.8.3/../../../../arm-none-eabi/lib/armv7-m/crt0.o
START GROUP
LOAD C:\Users\MX\AppData\Local\Temp\VMBuilds\NV10_dashboard\arduino_due_x_dbg\Debug\NV10_dashboard.cpp.o
LOAD C:\Users\MX\AppData\Local\Temp\VMBuilds\NV10_dashboard\arduino_due_x_dbg\Debug\DisplayBar.cpp.o
LOAD C:\Users\MX\AppData\Local\Temp\VMBuilds\NV10_dashboard\arduino_due_x_dbg\Debug\DisplayContainer.cpp.o
LOAD C:\Users\MX\AppData\Local\Temp\VMBuilds\NV10_dashboard\arduino_due_x_dbg\Debug\DisplayElement.cpp.o
LOAD C:\Users\MX\AppData\Local\Temp\VMBuilds\NV10_dashboard\arduino_due_x_dbg\Debug\DisplayGauge.cpp.o
LOAD C:\Users\MX\AppData\Local\Temp\VMBuilds\NV10_dashboard\arduino_due_x_dbg\Debug\DisplayText.cpp.o
LOAD C:\Users\MX\AppData\Local\Temp\VMBuilds\NV10_dashboard\arduino_due_x_dbg\Debug\VM_DBG\VM_DBG.cpp.o
LOAD C:\Users\MX\AppData\Local\Temp\VMBuilds\NV10_dashboard\arduino_due_x_dbg\Debug\VM_DBG\VM_mem_check_sam.cpp.o
LOAD C:\Users\MX\AppData\Local\Temp\VMBuilds\NV10_dashboard\arduino_due_x_dbg\Debug\FreeRTOS_ARM\FreeRTOS_ARM.c.o
LOAD C:\Users\MX\AppData\Local\Temp\VMBuilds\NV10_dashboard\arduino_due_x_dbg\Debug\FreeRTOS_ARM\assertMsg.cpp.o
LOAD C:\Users\MX\AppData\Local\Temp\VMBuilds\NV10_dashboard\arduino_due_x_dbg\Debug\FreeRTOS_ARM\basic_io_arm.cpp.o
LOAD C:\Users\MX\AppData\Local\Temp\VMBuilds\NV10_dashboard\arduino_due_x_dbg\Debug\FreeRTOS_ARM\utility\croutine.c.o
LOAD C:\Users\MX\AppData\Local\Temp\VMBuilds\NV10_dashboard\arduino_due_x_dbg\Debug\FreeRTOS_ARM\utility\event_groups.c.o
LOAD C:\Users\MX\AppData\Local\Temp\VMBuilds\NV10_dashboard\arduino_due_x_dbg\Debug\FreeRTOS_ARM\utility\heap_3.c.o
LOAD C:\Users\MX\AppData\Local\Temp\VMBuilds\NV10_dashboard\arduino_due_x_dbg\Debug\FreeRTOS_ARM\utility\list.c.o
LOAD C:\Users\MX\AppData\Local\Temp\VMBuilds\NV10_dashboard\arduino_due_x_dbg\Debug\FreeRTOS_ARM\utility\port.c.o
LOAD C:\Users\MX\AppData\Local\Temp\VMBuilds\NV10_dashboard\arduino_due_x_dbg\Debug\FreeRTOS_ARM\utility\queue.c.o
LOAD C:\Users\MX\AppData\Local\Temp\VMBuilds\NV10_dashboard\arduino_due_x_dbg\Debug\FreeRTOS_ARM\utility\tasks.c.o
LOAD C:\Users\MX\AppData\Local\Temp\VMBuilds\NV10_dashboard\arduino_due_x_dbg\Debug\FreeRTOS_ARM\utility\timers.c.o
LOAD C:\Users\MX\AppData\Local\Temp\VMBuilds\NV10_dashboard\arduino_due_x_dbg\Debug\ILI9488\ILI9488.cpp.o
LOAD C:\Users\MX\AppData\Local\Temp\VMBuilds\NV10_dashboard\arduino_due_x_dbg\Debug\Adafruit_GFX_Library\glcdfont.c.o
LOAD C:\Users\MX\AppData\Local\Temp\VMBuilds\NV10_dashboard\arduino_due_x_dbg\Debug\Adafruit_GFX_Library\Adafruit_GFX.cpp.o
LOAD C:\Users\MX\AppData\Local\Temp\VMBuilds\NV10_dashboard\arduino_due_x_dbg\Debug\Adafruit_GFX_Library\Adafruit_SPITFT.cpp.o
LOAD C:\Users\MX\AppData\Local\Temp\VMBuilds\NV10_dashboard\arduino_due_x_dbg\Debug\SPI\SPI.cpp.o
LOAD C:\Users\MX\AppData\Local\Temp\VMBCore\arduino16x\df3d3bf65fbd1ecfe11002d444b14971\variant\variant.cpp.o
LOAD D:\Arduino\ide\portable\packages\arduino\hardware\sam\1.6.11\variants\arduino_due_x/libsam_sam3x8e_gcc_rel.a
LOAD C:\Users\MX\AppData\Local\Temp\VMBuilds\NV10_dashboard\arduino_due_x_dbg\Debug/core.a
END GROUP
LOAD d:/arduino/ide/portable/packages/arduino/tools/arm-none-eabi-gcc/4.8.3-2014q1/bin/../lib/gcc/arm-none-eabi/4.8.3/../../../../arm-none-eabi/lib/armv7-m\libm.a
START GROUP
LOAD d:/arduino/ide/portable/packages/arduino/tools/arm-none-eabi-gcc/4.8.3-2014q1/bin/../lib/gcc/arm-none-eabi/4.8.3/armv7-m\libgcc.a
LOAD d:/arduino/ide/portable/packages/arduino/tools/arm-none-eabi-gcc/4.8.3-2014q1/bin/../lib/gcc/arm-none-eabi/4.8.3/../../../../arm-none-eabi/lib/armv7-m\libg.a
LOAD d:/arduino/ide/portable/packages/arduino/tools/arm-none-eabi-gcc/4.8.3-2014q1/bin/../lib/gcc/arm-none-eabi/4.8.3/../../../../arm-none-eabi/lib/armv7-m\libc.a
END GROUP
LOAD d:/arduino/ide/portable/packages/arduino/tools/arm-none-eabi-gcc/4.8.3-2014q1/bin/../lib/gcc/arm-none-eabi/4.8.3/armv7-m/crtend.o
LOAD d:/arduino/ide/portable/packages/arduino/tools/arm-none-eabi-gcc/4.8.3-2014q1/bin/../lib/gcc/arm-none-eabi/4.8.3/armv7-m/crtn.o

.text           0x00080000     0xc61c
                0x00080000                . = ALIGN (0x4)
                0x00080000                _sfixed = .
 *(.vectors .vectors.*)
 .vectors       0x00080000       0xf4 D:\Arduino\ide\portable\packages\arduino\hardware\sam\1.6.11\variants\arduino_due_x/libsam_sam3x8e_gcc_rel.a(startup_sam3xa.o)
                0x00080000                exception_table
 *(.text .text.* .gnu.linkonce.t.*)
 .text          0x000800f4       0x54 d:/arduino/ide/portable/packages/arduino/tools/arm-none-eabi-gcc/4.8.3-2014q1/bin/../lib/gcc/arm-none-eabi/4.8.3/armv7-m/crtbegin.o
 .text.loop     0x00080148       0x98 C:\Users\MX\AppData\Local\Temp\VMBuilds\NV10_dashboard\arduino_due_x_dbg\Debug\NV10_dashboard.cpp.o
                0x00080148                loop
 .text.setup    0x000801e0       0x9c C:\Users\MX\AppData\Local\Temp\VMBuilds\NV10_dashboard\arduino_due_x_dbg\Debug\NV10_dashboard.cpp.o
                0x000801e0                setup
 .text._Z17TaskRefreshScreenPv
                0x0008027c      0x180 C:\Users\MX\AppData\Local\Temp\VMBuilds\NV10_dashboard\arduino_due_x_dbg\Debug\NV10_dashboard.cpp.o
                0x0008027c                TaskRefreshScreen(void*)
 .text._ZN10DisplayBar6updateEPc
                0x000803fc       0x1e C:\Users\MX\AppData\Local\Temp\VMBuilds\NV10_dashboard\arduino_due_x_dbg\Debug\DisplayBar.cpp.o
                0x000803fc                DisplayBar::update(char*)
 *fill*         0x0008041a        0x2 
 .text._ZN10DisplayBarC2EP7ILI9488tttt
                0x0008041c       0x30 C:\Users\MX\AppData\Local\Temp\VMBuilds\NV10_dashboard\arduino_due_x_dbg\Debug\DisplayBar.cpp.o
                0x0008041c                DisplayBar::DisplayBar(ILI9488*, unsigned short, unsigned short, unsigned short, unsigned short)
                0x0008041c                DisplayBar::DisplayBar(ILI9488*, unsigned short, unsigned short, unsigned short, unsigned short)
 .text._ZN10DisplayBar8setRangeEtt
                0x0008044c        0x6 C:\Users\MX\AppData\Local\Temp\VMBuilds\NV10_dashboard\arduino_due_x_dbg\Debug\DisplayBar.cpp.o
                0x0008044c                DisplayBar::setRange(unsigned short, unsigned short)
 .text._ZN10DisplayBar14setOrientationENS_11OrientationE
                0x00080452       0x14 C:\Users\MX\AppData\Local\Temp\VMBuilds\NV10_dashboard\arduino_due_x_dbg\Debug\DisplayBar.cpp.o
                0x00080452                DisplayBar::setOrientation(DisplayBar::Orientation)
 .text._ZN10DisplayBar12toWidthScaleEf
                0x00080466       0x3a C:\Users\MX\AppData\Local\Temp\VMBuilds\NV10_dashboard\arduino_due_x_dbg\Debug\DisplayBar.cpp.o
                0x00080466                DisplayBar::toWidthScale(float)
 .text._ZN10DisplayBar4drawEv
                0x000804a0      0x226 C:\Users\MX\AppData\Local\Temp\VMBuilds\NV10_dashboard\arduino_due_x_dbg\Debug\DisplayBar.cpp.o
                0x000804a0                DisplayBar::draw()
 .text._ZN10DisplayBar15refreshSettingsEv
                0x000806c6       0xd6 C:\Users\MX\AppData\Local\Temp\VMBuilds\NV10_dashboard\arduino_due_x_dbg\Debug\DisplayBar.cpp.o
                0x000806c6                DisplayBar::refreshSettings()
 .text._ZN14DisplayElement9setMarginEh
                0x0008079c        0xc C:\Users\MX\AppData\Local\Temp\VMBuilds\NV10_dashboard\arduino_due_x_dbg\Debug\DisplayElement.cpp.o
                0x0008079c                DisplayElement::setMargin(unsigned char)
 .text._ZN14DisplayElementC2EP7ILI9488tttt
                0x000807a8       0x34 C:\Users\MX\AppData\Local\Temp\VMBuilds\NV10_dashboard\arduino_due_x_dbg\Debug\DisplayElement.cpp.o
                0x000807a8                DisplayElement::DisplayElement(ILI9488*, unsigned short, unsigned short, unsigned short, unsigned short)
                0x000807a8                DisplayElement::DisplayElement(ILI9488*, unsigned short, unsigned short, unsigned short, unsigned short)
 .text._ZN14DisplayElement10drawBorderEht
                0x000807dc       0x9c C:\Users\MX\AppData\Local\Temp\VMBuilds\NV10_dashboard\arduino_due_x_dbg\Debug\DisplayElement.cpp.o
                0x000807dc                DisplayElement::drawBorder(unsigned char, unsigned short)
 .text._ZN14DisplayElement4wipeEv
                0x00080878       0x26 C:\Users\MX\AppData\Local\Temp\VMBuilds\NV10_dashboard\arduino_due_x_dbg\Debug\DisplayElement.cpp.o
                0x00080878                DisplayElement::wipe()
 .text._ZN14DisplayElement9setColorsEtt
                0x0008089e       0x2c C:\Users\MX\AppData\Local\Temp\VMBuilds\NV10_dashboard\arduino_due_x_dbg\Debug\DisplayElement.cpp.o
                0x0008089e                DisplayElement::setColors(unsigned short, unsigned short)
 .text._ZN11DisplayText4drawEv
                0x000808ca       0x32 C:\Users\MX\AppData\Local\Temp\VMBuilds\NV10_dashboard\arduino_due_x_dbg\Debug\DisplayText.cpp.o
                0x000808ca                DisplayText::draw()
 .text._ZN11DisplayText6updateEPc
                0x000808fc       0x2c C:\Users\MX\AppData\Local\Temp\VMBuilds\NV10_dashboard\arduino_due_x_dbg\Debug\DisplayText.cpp.o
                0x000808fc                DisplayText::update(char*)
 .text._ZN11DisplayText15refreshSettingsEv
                0x00080928       0xa0 C:\Users\MX\AppData\Local\Temp\VMBuilds\NV10_dashboard\arduino_due_x_dbg\Debug\DisplayText.cpp.o
                0x00080928                DisplayText::refreshSettings()
 .text._ZN11DisplayTextC2EP7ILI9488tttt
                0x000809c8       0x58 C:\Users\MX\AppData\Local\Temp\VMBuilds\NV10_dashboard\arduino_due_x_dbg\Debug\DisplayText.cpp.o
                0x000809c8                DisplayText::DisplayText(ILI9488*, unsigned short, unsigned short, unsigned short, unsigned short)
                0x000809c8                DisplayText::DisplayText(ILI9488*, unsigned short, unsigned short, unsigned short, unsigned short)
 .text._ZN16VisualMicroDebug16DBG_YieldAndWaitEmb
                0x00080a20       0x1a C:\Users\MX\AppData\Local\Temp\VMBuilds\NV10_dashboard\arduino_due_x_dbg\Debug\VM_DBG\VM_DBG.cpp.o
                0x00080a20                VisualMicroDebug::DBG_YieldAndWait(unsigned long, bool)
 .text._ZN16VisualMicroDebug16DBG_YieldAndWaitEm
                0x00080a3a        0x6 C:\Users\MX\AppData\Local\Temp\VMBuilds\NV10_dashboard\arduino_due_x_dbg\Debug\VM_DBG\VM_DBG.cpp.o
                0x00080a3a                VisualMicroDebug::DBG_YieldAndWait(unsigned long)
 .text._ZN16VisualMicroDebug10DBG_MillisEv
                0x00080a40        0x4 C:\Users\MX\AppData\Local\Temp\VMBuilds\NV10_dashboard\arduino_due_x_dbg\Debug\VM_DBG\VM_DBG.cpp.o
                0x00080a40                VisualMicroDebug::DBG_Millis()
 .text._ZN16VisualMicroDebug17OnBreakPointBeginEm
                0x00080a44       0x16 C:\Users\MX\AppData\Local\Temp\VMBuilds\NV10_dashboard\arduino_due_x_dbg\Debug\VM_DBG\VM_DBG.cpp.o
                0x00080a44                VisualMicroDebug::OnBreakPointBegin(unsigned long)
 *fill*         0x00080a5a        0x2 
 .text._ZN16VisualMicroDebug22OnBreakPointPrintBeginEh
                0x00080a5c       0x6c C:\Users\MX\AppData\Local\Temp\VMBuilds\NV10_dashboard\arduino_due_x_dbg\Debug\VM_DBG\VM_DBG.cpp.o
                0x00080a5c                VisualMicroDebug::OnBreakPointPrintBegin(unsigned char)
 .text._ZN16VisualMicroDebug20OnBreakPointPrintEndEv
                0x00080ac8        0xc C:\Users\MX\AppData\Local\Temp\VMBuilds\NV10_dashboard\arduino_due_x_dbg\Debug\VM_DBG\VM_DBG.cpp.o
                0x00080ac8                VisualMicroDebug::OnBreakPointPrintEnd()
 .text._ZN16VisualMicroDebug15OnBreakPointEndEv
                0x00080ad4        0xc C:\Users\MX\AppData\Local\Temp\VMBuilds\NV10_dashboard\arduino_due_x_dbg\Debug\VM_DBG\VM_DBG.cpp.o
                0x00080ad4                VisualMicroDebug::OnBreakPointEnd()
 .text._ZN16VisualMicroDebug14outPacketStartEb
                0x00080ae0       0x28 C:\Users\MX\AppData\Local\Temp\VMBuilds\NV10_dashboard\arduino_due_x_dbg\Debug\VM_DBG\VM_DBG.cpp.o
                0x00080ae0                VisualMicroDebug::outPacketStart(bool)
 .text._ZN16VisualMicroDebug12outPacketEndEv
                0x00080b08        0x2 C:\Users\MX\AppData\Local\Temp\VMBuilds\NV10_dashboard\arduino_due_x_dbg\Debug\VM_DBG\VM_DBG.cpp.o
                0x00080b08                VisualMicroDebug::outPacketEnd()
 .text._ZN16VisualMicroDebug4initEm
                0x00080b0a        0xe C:\Users\MX\AppData\Local\Temp\VMBuilds\NV10_dashboard\arduino_due_x_dbg\Debug\VM_DBG\VM_DBG.cpp.o
                0x00080b0a                VisualMicroDebug::init(unsigned long)
 .text._ZN16VisualMicroDebug5beginEP9UARTClassm
                0x00080b18       0x10 C:\Users\MX\AppData\Local\Temp\VMBuilds\NV10_dashboard\arduino_due_x_dbg\Debug\VM_DBG\VM_DBG.cpp.o
                0x00080b18                VisualMicroDebug::begin(UARTClass*, unsigned long)
 .text._ZN16VisualMicroDebug4readEv
                0x00080b28        0xe C:\Users\MX\AppData\Local\Temp\VMBuilds\NV10_dashboard\arduino_due_x_dbg\Debug\VM_DBG\VM_DBG.cpp.o
                0x00080b28                VisualMicroDebug::read()
 .text._ZN16VisualMicroDebug9availableEv
                0x00080b36        0xe C:\Users\MX\AppData\Local\Temp\VMBuilds\NV10_dashboard\arduino_due_x_dbg\Debug\VM_DBG\VM_DBG.cpp.o
                0x00080b36                VisualMicroDebug::available()
 .text._ZN16VisualMicroDebug16sendContinuedACKEh
                0x00080b44       0x3c C:\Users\MX\AppData\Local\Temp\VMBuilds\NV10_dashboard\arduino_due_x_dbg\Debug\VM_DBG\VM_DBG.cpp.o
                0x00080b44                VisualMicroDebug::sendContinuedACK(unsigned char)
 .text._ZN16VisualMicroDebug9breakWaitEh
                0x00080b80       0x54 C:\Users\MX\AppData\Local\Temp\VMBuilds\NV10_dashboard\arduino_due_x_dbg\Debug\VM_DBG\VM_DBG.cpp.o
                0x00080b80                VisualMicroDebug::breakWait(unsigned char)
 .text._ZN16VisualMicroDebug5startEbb
                0x00080bd4       0x26 C:\Users\MX\AppData\Local\Temp\VMBuilds\NV10_dashboard\arduino_due_x_dbg\Debug\VM_DBG\VM_DBG.cpp.o
                0x00080bd4                VisualMicroDebug::start(bool, bool)
 *fill*         0x00080bfa        0x2 
 .text.startup._GLOBAL__sub_I__ZN16VisualMicroDebug16DBG_YieldAndWaitEm
                0x00080bfc       0x14 C:\Users\MX\AppData\Local\Temp\VMBuilds\NV10_dashboard\arduino_due_x_dbg\Debug\VM_DBG\VM_DBG.cpp.o
 .text.errorBlink
                0x00080c10       0x48 C:\Users\MX\AppData\Local\Temp\VMBuilds\NV10_dashboard\arduino_due_x_dbg\Debug\FreeRTOS_ARM\FreeRTOS_ARM.c.o
 .text.assertBlink
                0x00080c58        0x8 C:\Users\MX\AppData\Local\Temp\VMBuilds\NV10_dashboard\arduino_due_x_dbg\Debug\FreeRTOS_ARM\FreeRTOS_ARM.c.o
                0x00080c58                assertBlink
 .text.vApplicationMallocFailedHook
                0x00080c60        0x8 C:\Users\MX\AppData\Local\Temp\VMBuilds\NV10_dashboard\arduino_due_x_dbg\Debug\FreeRTOS_ARM\FreeRTOS_ARM.c.o
                0x00080c60                vApplicationMallocFailedHook
 .text.vApplicationIdleHook
                0x00080c68        0x4 C:\Users\MX\AppData\Local\Temp\VMBuilds\NV10_dashboard\arduino_due_x_dbg\Debug\FreeRTOS_ARM\FreeRTOS_ARM.c.o
                0x00080c68                vApplicationIdleHook
 .text.vApplicationStackOverflowHook
                0x00080c6c        0x8 C:\Users\MX\AppData\Local\Temp\VMBuilds\NV10_dashboard\arduino_due_x_dbg\Debug\FreeRTOS_ARM\FreeRTOS_ARM.c.o
                0x00080c6c                vApplicationStackOverflowHook
 .text.HardFault_Handler
                0x00080c74        0x8 C:\Users\MX\AppData\Local\Temp\VMBuilds\NV10_dashboard\arduino_due_x_dbg\Debug\FreeRTOS_ARM\FreeRTOS_ARM.c.o
                0x00080c74                HardFault_Handler
 .text.BusFault_Handler
                0x00080c7c        0x8 C:\Users\MX\AppData\Local\Temp\VMBuilds\NV10_dashboard\arduino_due_x_dbg\Debug\FreeRTOS_ARM\FreeRTOS_ARM.c.o
                0x00080c7c                BusFault_Handler
 .text.UsageFault_Handler
                0x00080c84        0x8 C:\Users\MX\AppData\Local\Temp\VMBuilds\NV10_dashboard\arduino_due_x_dbg\Debug\FreeRTOS_ARM\FreeRTOS_ARM.c.o
                0x00080c84                UsageFault_Handler
 .text.vApplicationTickHook
                0x00080c8c        0x2 C:\Users\MX\AppData\Local\Temp\VMBuilds\NV10_dashboard\arduino_due_x_dbg\Debug\FreeRTOS_ARM\FreeRTOS_ARM.c.o
                0x00080c8c                vApplicationTickHook
 .text.pvPortMalloc
                0x00080c8e       0x1e C:\Users\MX\AppData\Local\Temp\VMBuilds\NV10_dashboard\arduino_due_x_dbg\Debug\FreeRTOS_ARM\utility\heap_3.c.o
                0x00080c8e                pvPortMalloc
 .text.vPortFree
                0x00080cac       0x1a C:\Users\MX\AppData\Local\Temp\VMBuilds\NV10_dashboard\arduino_due_x_dbg\Debug\FreeRTOS_ARM\utility\heap_3.c.o
                0x00080cac                vPortFree
 .text.vListInitialise
                0x00080cc6       0x16 C:\Users\MX\AppData\Local\Temp\VMBuilds\NV10_dashboard\arduino_due_x_dbg\Debug\FreeRTOS_ARM\utility\list.c.o
                0x00080cc6                vListInitialise
 .text.vListInitialiseItem
                0x00080cdc        0x6 C:\Users\MX\AppData\Local\Temp\VMBuilds\NV10_dashboard\arduino_due_x_dbg\Debug\FreeRTOS_ARM\utility\list.c.o
                0x00080cdc                vListInitialiseItem
 .text.vListInsertEnd
                0x00080ce2       0x18 C:\Users\MX\AppData\Local\Temp\VMBuilds\NV10_dashboard\arduino_due_x_dbg\Debug\FreeRTOS_ARM\utility\list.c.o
                0x00080ce2                vListInsertEnd
 .text.vListInsert
                0x00080cfa       0x30 C:\Users\MX\AppData\Local\Temp\VMBuilds\NV10_dashboard\arduino_due_x_dbg\Debug\FreeRTOS_ARM\utility\list.c.o
                0x00080cfa                vListInsert
 .text.uxListRemove
                0x00080d2a       0x20 C:\Users\MX\AppData\Local\Temp\VMBuilds\NV10_dashboard\arduino_due_x_dbg\Debug\FreeRTOS_ARM\utility\list.c.o
                0x00080d2a                uxListRemove
 *fill*         0x00080d4a        0x2 
 .text.prvPortStartFirstTask
                0x00080d4c       0x20 C:\Users\MX\AppData\Local\Temp\VMBuilds\NV10_dashboard\arduino_due_x_dbg\Debug\FreeRTOS_ARM\utility\port.c.o
 .text.pxPortInitialiseStack
                0x00080d6c       0x1c C:\Users\MX\AppData\Local\Temp\VMBuilds\NV10_dashboard\arduino_due_x_dbg\Debug\FreeRTOS_ARM\utility\port.c.o
                0x00080d6c                pxPortInitialiseStack
 .text.svcHook  0x00080d88       0x28 C:\Users\MX\AppData\Local\Temp\VMBuilds\NV10_dashboard\arduino_due_x_dbg\Debug\FreeRTOS_ARM\utility\port.c.o
                0x00080d88                svcHook
 .text.vPortYield
                0x00080db0       0x18 C:\Users\MX\AppData\Local\Temp\VMBuilds\NV10_dashboard\arduino_due_x_dbg\Debug\FreeRTOS_ARM\utility\port.c.o
                0x00080db0                vPortYield
 .text.ulPortSetInterruptMask
                0x00080dc8       0x10 C:\Users\MX\AppData\Local\Temp\VMBuilds\NV10_dashboard\arduino_due_x_dbg\Debug\FreeRTOS_ARM\utility\port.c.o
                0x00080dc8                ulPortSetInterruptMask
 .text.prvTaskExitError
                0x00080dd8       0x18 C:\Users\MX\AppData\Local\Temp\VMBuilds\NV10_dashboard\arduino_due_x_dbg\Debug\FreeRTOS_ARM\utility\port.c.o
 .text.vPortEnterCritical
                0x00080df0       0x38 C:\Users\MX\AppData\Local\Temp\VMBuilds\NV10_dashboard\arduino_due_x_dbg\Debug\FreeRTOS_ARM\utility\port.c.o
                0x00080df0                vPortEnterCritical
 .text.vPortClearInterruptMask
                0x00080e28        0x6 C:\Users\MX\AppData\Local\Temp\VMBuilds\NV10_dashboard\arduino_due_x_dbg\Debug\FreeRTOS_ARM\utility\port.c.o
                0x00080e28                vPortClearInterruptMask
 *fill*         0x00080e2e        0x2 
 .text.vPortExitCritical
                0x00080e30       0x24 C:\Users\MX\AppData\Local\Temp\VMBuilds\NV10_dashboard\arduino_due_x_dbg\Debug\FreeRTOS_ARM\utility\port.c.o
                0x00080e30                vPortExitCritical
 .text.pendSVHook
                0x00080e54       0x48 C:\Users\MX\AppData\Local\Temp\VMBuilds\NV10_dashboard\arduino_due_x_dbg\Debug\FreeRTOS_ARM\utility\port.c.o
                0x00080e54                pendSVHook
 .text.xPortSysTickHandler
                0x00080e9c       0x24 C:\Users\MX\AppData\Local\Temp\VMBuilds\NV10_dashboard\arduino_due_x_dbg\Debug\FreeRTOS_ARM\utility\port.c.o
                0x00080e9c                xPortSysTickHandler
 .text.sysTickHook
                0x00080ec0       0x14 C:\Users\MX\AppData\Local\Temp\VMBuilds\NV10_dashboard\arduino_due_x_dbg\Debug\FreeRTOS_ARM\utility\port.c.o
                0x00080ec0                sysTickHook
 .text.vPortSetupTimerInterrupt
                0x00080ed4        0xc C:\Users\MX\AppData\Local\Temp\VMBuilds\NV10_dashboard\arduino_due_x_dbg\Debug\FreeRTOS_ARM\utility\port.c.o
                0x00080ed4                vPortSetupTimerInterrupt
 .text.xPortStartScheduler
                0x00080ee0       0x8c C:\Users\MX\AppData\Local\Temp\VMBuilds\NV10_dashboard\arduino_due_x_dbg\Debug\FreeRTOS_ARM\utility\port.c.o
                0x00080ee0                xPortStartScheduler
 .text.vPortValidateInterruptPriority
                0x00080f6c        0x2 C:\Users\MX\AppData\Local\Temp\VMBuilds\NV10_dashboard\arduino_due_x_dbg\Debug\FreeRTOS_ARM\utility\port.c.o
                0x00080f6c                vPortValidateInterruptPriority
 .text.prvCopyDataToQueue
                0x00080f6e       0x6a C:\Users\MX\AppData\Local\Temp\VMBuilds\NV10_dashboard\arduino_due_x_dbg\Debug\FreeRTOS_ARM\utility\queue.c.o
 .text.prvNotifyQueueSetContainer
                0x00080fd8       0x58 C:\Users\MX\AppData\Local\Temp\VMBuilds\NV10_dashboard\arduino_due_x_dbg\Debug\FreeRTOS_ARM\utility\queue.c.o
 .text.prvCopyDataFromQueue
                0x00081030       0x26 C:\Users\MX\AppData\Local\Temp\VMBuilds\NV10_dashboard\arduino_due_x_dbg\Debug\FreeRTOS_ARM\utility\queue.c.o
 .text.prvUnlockQueue
                0x00081056       0x78 C:\Users\MX\AppData\Local\Temp\VMBuilds\NV10_dashboard\arduino_due_x_dbg\Debug\FreeRTOS_ARM\utility\queue.c.o
 .text.xQueueGenericReset
                0x000810ce       0x60 C:\Users\MX\AppData\Local\Temp\VMBuilds\NV10_dashboard\arduino_due_x_dbg\Debug\FreeRTOS_ARM\utility\queue.c.o
                0x000810ce                xQueueGenericReset
 .text.xQueueGenericCreate
                0x0008112e       0x48 C:\Users\MX\AppData\Local\Temp\VMBuilds\NV10_dashboard\arduino_due_x_dbg\Debug\FreeRTOS_ARM\utility\queue.c.o
                0x0008112e                xQueueGenericCreate
 .text.xQueueGenericSend
                0x00081176      0x126 C:\Users\MX\AppData\Local\Temp\VMBuilds\NV10_dashboard\arduino_due_x_dbg\Debug\FreeRTOS_ARM\utility\queue.c.o
                0x00081176                xQueueGenericSend
 .text.xQueueGenericSendFromISR
                0x0008129c       0x9c C:\Users\MX\AppData\Local\Temp\VMBuilds\NV10_dashboard\arduino_due_x_dbg\Debug\FreeRTOS_ARM\utility\queue.c.o
                0x0008129c                xQueueGenericSendFromISR
 .text.xQueueGenericReceive
                0x00081338      0x12a C:\Users\MX\AppData\Local\Temp\VMBuilds\NV10_dashboard\arduino_due_x_dbg\Debug\FreeRTOS_ARM\utility\queue.c.o
                0x00081338                xQueueGenericReceive
 .text.vQueueWaitForMessageRestricted
                0x00081462       0x3e C:\Users\MX\AppData\Local\Temp\VMBuilds\NV10_dashboard\arduino_due_x_dbg\Debug\FreeRTOS_ARM\utility\queue.c.o
                0x00081462                vQueueWaitForMessageRestricted
 .text.prvResetNextTaskUnblockTime
                0x000814a0       0x24 C:\Users\MX\AppData\Local\Temp\VMBuilds\NV10_dashboard\arduino_due_x_dbg\Debug\FreeRTOS_ARM\utility\tasks.c.o
 .text.prvAddCurrentTaskToDelayedList
                0x000814c4       0x50 C:\Users\MX\AppData\Local\Temp\VMBuilds\NV10_dashboard\arduino_due_x_dbg\Debug\FreeRTOS_ARM\utility\tasks.c.o
 .text.xTaskGenericCreate
                0x00081514      0x1b0 C:\Users\MX\AppData\Local\Temp\VMBuilds\NV10_dashboard\arduino_due_x_dbg\Debug\FreeRTOS_ARM\utility\tasks.c.o
                0x00081514                xTaskGenericCreate
 .text.vTaskStartScheduler
                0x000816c4       0x74 C:\Users\MX\AppData\Local\Temp\VMBuilds\NV10_dashboard\arduino_due_x_dbg\Debug\FreeRTOS_ARM\utility\tasks.c.o
                0x000816c4                vTaskStartScheduler
 .text.vTaskSuspendAll
                0x00081738       0x10 C:\Users\MX\AppData\Local\Temp\VMBuilds\NV10_dashboard\arduino_due_x_dbg\Debug\FreeRTOS_ARM\utility\tasks.c.o
                0x00081738                vTaskSuspendAll
 .text.xTaskGetTickCount
                0x00081748        0xc C:\Users\MX\AppData\Local\Temp\VMBuilds\NV10_dashboard\arduino_due_x_dbg\Debug\FreeRTOS_ARM\utility\tasks.c.o
                0x00081748                xTaskGetTickCount
 .text.xTaskIncrementTick
                0x00081754      0x114 C:\Users\MX\AppData\Local\Temp\VMBuilds\NV10_dashboard\arduino_due_x_dbg\Debug\FreeRTOS_ARM\utility\tasks.c.o
                0x00081754                xTaskIncrementTick
 .text.xTaskResumeAll
                0x00081868       0xc8 C:\Users\MX\AppData\Local\Temp\VMBuilds\NV10_dashboard\arduino_due_x_dbg\Debug\FreeRTOS_ARM\utility\tasks.c.o
                0x00081868                xTaskResumeAll
 .text.vTaskDelay
                0x00081930       0x64 C:\Users\MX\AppData\Local\Temp\VMBuilds\NV10_dashboard\arduino_due_x_dbg\Debug\FreeRTOS_ARM\utility\tasks.c.o
                0x00081930                vTaskDelay
 .text.prvIdleTask
                0x00081994       0x68 C:\Users\MX\AppData\Local\Temp\VMBuilds\NV10_dashboard\arduino_due_x_dbg\Debug\FreeRTOS_ARM\utility\tasks.c.o
 .text.vTaskSwitchContext
                0x000819fc       0x98 C:\Users\MX\AppData\Local\Temp\VMBuilds\NV10_dashboard\arduino_due_x_dbg\Debug\FreeRTOS_ARM\utility\tasks.c.o
                0x000819fc                vTaskSwitchContext
 .text.vTaskPlaceOnEventList
                0x00081a94       0x68 C:\Users\MX\AppData\Local\Temp\VMBuilds\NV10_dashboard\arduino_due_x_dbg\Debug\FreeRTOS_ARM\utility\tasks.c.o
                0x00081a94                vTaskPlaceOnEventList
 .text.vTaskPlaceOnEventListRestricted
                0x00081afc       0x68 C:\Users\MX\AppData\Local\Temp\VMBuilds\NV10_dashboard\arduino_due_x_dbg\Debug\FreeRTOS_ARM\utility\tasks.c.o
                0x00081afc                vTaskPlaceOnEventListRestricted
 .text.xTaskRemoveFromEventList
                0x00081b64       0x74 C:\Users\MX\AppData\Local\Temp\VMBuilds\NV10_dashboard\arduino_due_x_dbg\Debug\FreeRTOS_ARM\utility\tasks.c.o
                0x00081b64                xTaskRemoveFromEventList
 .text.vTaskSetTimeOutState
                0x00081bd8       0x20 C:\Users\MX\AppData\Local\Temp\VMBuilds\NV10_dashboard\arduino_due_x_dbg\Debug\FreeRTOS_ARM\utility\tasks.c.o
                0x00081bd8                vTaskSetTimeOutState
 .text.xTaskCheckForTimeOut
                0x00081bf8       0x58 C:\Users\MX\AppData\Local\Temp\VMBuilds\NV10_dashboard\arduino_due_x_dbg\Debug\FreeRTOS_ARM\utility\tasks.c.o
                0x00081bf8                xTaskCheckForTimeOut
 .text.vTaskMissedYield
                0x00081c50        0xc C:\Users\MX\AppData\Local\Temp\VMBuilds\NV10_dashboard\arduino_due_x_dbg\Debug\FreeRTOS_ARM\utility\tasks.c.o
                0x00081c50                vTaskMissedYield
 .text.xTaskGetSchedulerState
                0x00081c5c       0x20 C:\Users\MX\AppData\Local\Temp\VMBuilds\NV10_dashboard\arduino_due_x_dbg\Debug\FreeRTOS_ARM\utility\tasks.c.o
                0x00081c5c                xTaskGetSchedulerState
 .text.vTaskPriorityInherit
                0x00081c7c       0x94 C:\Users\MX\AppData\Local\Temp\VMBuilds\NV10_dashboard\arduino_due_x_dbg\Debug\FreeRTOS_ARM\utility\tasks.c.o
                0x00081c7c                vTaskPriorityInherit
 .text.xTaskPriorityDisinherit
                0x00081d10       0x88 C:\Users\MX\AppData\Local\Temp\VMBuilds\NV10_dashboard\arduino_due_x_dbg\Debug\FreeRTOS_ARM\utility\tasks.c.o
                0x00081d10                xTaskPriorityDisinherit
 .text.pvTaskIncrementMutexHeldCount
                0x00081d98       0x18 C:\Users\MX\AppData\Local\Temp\VMBuilds\NV10_dashboard\arduino_due_x_dbg\Debug\FreeRTOS_ARM\utility\tasks.c.o
                0x00081d98                pvTaskIncrementMutexHeldCount
 .text.prvCheckForValidListAndQueue
                0x00081db0       0x54 C:\Users\MX\AppData\Local\Temp\VMBuilds\NV10_dashboard\arduino_due_x_dbg\Debug\FreeRTOS_ARM\utility\timers.c.o
 .text.prvInsertTimerInActiveList
                0x00081e04       0x3c C:\Users\MX\AppData\Local\Temp\VMBuilds\NV10_dashboard\arduino_due_x_dbg\Debug\FreeRTOS_ARM\utility\timers.c.o
 .text.xTimerCreateTimerTask
                0x00081e40       0x40 C:\Users\MX\AppData\Local\Temp\VMBuilds\NV10_dashboard\arduino_due_x_dbg\Debug\FreeRTOS_ARM\utility\timers.c.o
                0x00081e40                xTimerCreateTimerTask
 .text.xTimerGenericCommand
                0x00081e80       0x54 C:\Users\MX\AppData\Local\Temp\VMBuilds\NV10_dashboard\arduino_due_x_dbg\Debug\FreeRTOS_ARM\utility\timers.c.o
                0x00081e80                xTimerGenericCommand
 .text.prvSwitchTimerLists
                0x00081ed4       0x68 C:\Users\MX\AppData\Local\Temp\VMBuilds\NV10_dashboard\arduino_due_x_dbg\Debug\FreeRTOS_ARM\utility\timers.c.o
 .text.prvTimerTask
                0x00081f3c      0x194 C:\Users\MX\AppData\Local\Temp\VMBuilds\NV10_dashboard\arduino_due_x_dbg\Debug\FreeRTOS_ARM\utility\timers.c.o
 .text._ZN7ILI948810fillScreenEt
                0x000820d0       0x1c C:\Users\MX\AppData\Local\Temp\VMBuilds\NV10_dashboard\arduino_due_x_dbg\Debug\ILI9488\ILI9488.cpp.o
                0x000820d0                ILI9488::fillScreen(unsigned short)
 .text._ZN8SPIClass16beginTransactionE11SPISettings
                0x000820ec       0x12 C:\Users\MX\AppData\Local\Temp\VMBuilds\NV10_dashboard\arduino_due_x_dbg\Debug\ILI9488\ILI9488.cpp.o
                0x000820ec                SPIClass::beginTransaction(SPISettings)
 *fill*         0x000820fe        0x2 
 .text._ZN7ILI9488C2Eaaa
                0x00082100       0x34 C:\Users\MX\AppData\Local\Temp\VMBuilds\NV10_dashboard\arduino_due_x_dbg\Debug\ILI9488\ILI9488.cpp.o
                0x00082100                ILI9488::ILI9488(signed char, signed char, signed char)
                0x00082100                ILI9488::ILI9488(signed char, signed char, signed char)
 .text._ZN7ILI94888spiwriteEh
                0x00082134       0x54 C:\Users\MX\AppData\Local\Temp\VMBuilds\NV10_dashboard\arduino_due_x_dbg\Debug\ILI9488\ILI9488.cpp.o
                0x00082134                ILI9488::spiwrite(unsigned char)
 .text._ZN7ILI948812writecommandEh
                0x00082188       0x2c C:\Users\MX\AppData\Local\Temp\VMBuilds\NV10_dashboard\arduino_due_x_dbg\Debug\ILI9488\ILI9488.cpp.o
                0x00082188                ILI9488::writecommand(unsigned char)
 .text._ZN7ILI948813invertDisplayEb
                0x000821b4       0x50 C:\Users\MX\AppData\Local\Temp\VMBuilds\NV10_dashboard\arduino_due_x_dbg\Debug\ILI9488\ILI9488.cpp.o
                0x000821b4                ILI9488::invertDisplay(bool)
 .text._ZN7ILI94889writedataEh
                0x00082204       0x2a C:\Users\MX\AppData\Local\Temp\VMBuilds\NV10_dashboard\arduino_due_x_dbg\Debug\ILI9488\ILI9488.cpp.o
                0x00082204                ILI9488::writedata(unsigned char)
 *fill*         0x0008222e        0x2 
 .text._ZN7ILI948811setRotationEh
                0x00082230       0x8c C:\Users\MX\AppData\Local\Temp\VMBuilds\NV10_dashboard\arduino_due_x_dbg\Debug\ILI9488\ILI9488.cpp.o
                0x00082230                ILI9488::setRotation(unsigned char)
 .text._ZN7ILI94885beginEv
                0x000822bc      0x340 C:\Users\MX\AppData\Local\Temp\VMBuilds\NV10_dashboard\arduino_due_x_dbg\Debug\ILI9488\ILI9488.cpp.o
                0x000822bc                ILI9488::begin()
 .text._ZN7ILI948813setAddrWindowEtttt
                0x000825fc       0x6e C:\Users\MX\AppData\Local\Temp\VMBuilds\NV10_dashboard\arduino_due_x_dbg\Debug\ILI9488\ILI9488.cpp.o
                0x000825fc                ILI9488::setAddrWindow(unsigned short, unsigned short, unsigned short, unsigned short)
 .text._ZN7ILI948815write16BitColorEt
                0x0008266a       0x46 C:\Users\MX\AppData\Local\Temp\VMBuilds\NV10_dashboard\arduino_due_x_dbg\Debug\ILI9488\ILI9488.cpp.o
                0x0008266a                ILI9488::write16BitColor(unsigned short)
 .text._ZN7ILI94889drawPixelEsst
                0x000826b0       0xa0 C:\Users\MX\AppData\Local\Temp\VMBuilds\NV10_dashboard\arduino_due_x_dbg\Debug\ILI9488\ILI9488.cpp.o
                0x000826b0                ILI9488::drawPixel(short, short, unsigned short)
 .text._ZN7ILI948813drawFastVLineEssst
                0x00082750       0xb0 C:\Users\MX\AppData\Local\Temp\VMBuilds\NV10_dashboard\arduino_due_x_dbg\Debug\ILI9488\ILI9488.cpp.o
                0x00082750                ILI9488::drawFastVLine(short, short, short, unsigned short)
 .text._ZN7ILI948813drawFastHLineEssst
                0x00082800       0xb4 C:\Users\MX\AppData\Local\Temp\VMBuilds\NV10_dashboard\arduino_due_x_dbg\Debug\ILI9488\ILI9488.cpp.o
                0x00082800                ILI9488::drawFastHLine(short, short, short, unsigned short)
 .text._ZN7ILI94888fillRectEsssst
                0x000828b4       0xdc C:\Users\MX\AppData\Local\Temp\VMBuilds\NV10_dashboard\arduino_due_x_dbg\Debug\ILI9488\ILI9488.cpp.o
                0x000828b4                ILI9488::fillRect(short, short, short, short, unsigned short)
 .text._ZN12Adafruit_GFX9writeLineEsssst
                0x00082990       0xc8 C:\Users\MX\AppData\Local\Temp\VMBuilds\NV10_dashboard\arduino_due_x_dbg\Debug\Adafruit_GFX_Library\Adafruit_GFX.cpp.o
                0x00082990                Adafruit_GFX::writeLine(short, short, short, short, unsigned short)
 .text._ZN12Adafruit_GFX10startWriteEv
                0x00082a58        0x2 C:\Users\MX\AppData\Local\Temp\VMBuilds\NV10_dashboard\arduino_due_x_dbg\Debug\Adafruit_GFX_Library\Adafruit_GFX.cpp.o
                0x00082a58                Adafruit_GFX::startWrite()
 .text._ZN12Adafruit_GFX10writePixelEsst
                0x00082a5a        0xa C:\Users\MX\AppData\Local\Temp\VMBuilds\NV10_dashboard\arduino_due_x_dbg\Debug\Adafruit_GFX_Library\Adafruit_GFX.cpp.o
                0x00082a5a                Adafruit_GFX::writePixel(short, short, unsigned short)
 .text._ZN12Adafruit_GFX14writeFastVLineEssst
                0x00082a64       0x12 C:\Users\MX\AppData\Local\Temp\VMBuilds\NV10_dashboard\arduino_due_x_dbg\Debug\Adafruit_GFX_Library\Adafruit_GFX.cpp.o
                0x00082a64                Adafruit_GFX::writeFastVLine(short, short, short, unsigned short)
 .text._ZN12Adafruit_GFX14writeFastHLineEssst
                0x00082a76       0x12 C:\Users\MX\AppData\Local\Temp\VMBuilds\NV10_dashboard\arduino_due_x_dbg\Debug\Adafruit_GFX_Library\Adafruit_GFX.cpp.o
                0x00082a76                Adafruit_GFX::writeFastHLine(short, short, short, unsigned short)
 .text._ZN12Adafruit_GFX13writeFillRectEsssst
                0x00082a88       0x18 C:\Users\MX\AppData\Local\Temp\VMBuilds\NV10_dashboard\arduino_due_x_dbg\Debug\Adafruit_GFX_Library\Adafruit_GFX.cpp.o
                0x00082a88                Adafruit_GFX::writeFillRect(short, short, short, short, unsigned short)
 .text._ZN12Adafruit_GFX8endWriteEv
                0x00082aa0        0x2 C:\Users\MX\AppData\Local\Temp\VMBuilds\NV10_dashboard\arduino_due_x_dbg\Debug\Adafruit_GFX_Library\Adafruit_GFX.cpp.o
                0x00082aa0                Adafruit_GFX::endWrite()
 .text._ZN12Adafruit_GFX13drawFastVLineEssst
                0x00082aa2       0x38 C:\Users\MX\AppData\Local\Temp\VMBuilds\NV10_dashboard\arduino_due_x_dbg\Debug\Adafruit_GFX_Library\Adafruit_GFX.cpp.o
                0x00082aa2                Adafruit_GFX::drawFastVLine(short, short, short, unsigned short)
 .text._ZN12Adafruit_GFX13drawFastHLineEssst
                0x00082ada       0x36 C:\Users\MX\AppData\Local\Temp\VMBuilds\NV10_dashboard\arduino_due_x_dbg\Debug\Adafruit_GFX_Library\Adafruit_GFX.cpp.o
                0x00082ada                Adafruit_GFX::drawFastHLine(short, short, short, unsigned short)
 .text._ZN12Adafruit_GFX8fillRectEsssst
                0x00082b10       0x48 C:\Users\MX\AppData\Local\Temp\VMBuilds\NV10_dashboard\arduino_due_x_dbg\Debug\Adafruit_GFX_Library\Adafruit_GFX.cpp.o
                0x00082b10                Adafruit_GFX::fillRect(short, short, short, short, unsigned short)
 .text._ZN12Adafruit_GFX10fillScreenEt
                0x00082b58       0x1c C:\Users\MX\AppData\Local\Temp\VMBuilds\NV10_dashboard\arduino_due_x_dbg\Debug\Adafruit_GFX_Library\Adafruit_GFX.cpp.o
                0x00082b58                Adafruit_GFX::fillScreen(unsigned short)
 .text._ZN12Adafruit_GFX8drawLineEsssst
                0x00082b74       0x7c C:\Users\MX\AppData\Local\Temp\VMBuilds\NV10_dashboard\arduino_due_x_dbg\Debug\Adafruit_GFX_Library\Adafruit_GFX.cpp.o
                0x00082b74                Adafruit_GFX::drawLine(short, short, short, short, unsigned short)
 .text._ZN12Adafruit_GFX8drawRectEsssst
                0x00082bf0       0x7c C:\Users\MX\AppData\Local\Temp\VMBuilds\NV10_dashboard\arduino_due_x_dbg\Debug\Adafruit_GFX_Library\Adafruit_GFX.cpp.o
                0x00082bf0                Adafruit_GFX::drawRect(short, short, short, short, unsigned short)
 .text._ZN12Adafruit_GFX13invertDisplayEb
                0x00082c6c        0x2 C:\Users\MX\AppData\Local\Temp\VMBuilds\NV10_dashboard\arduino_due_x_dbg\Debug\Adafruit_GFX_Library\Adafruit_GFX.cpp.o
                0x00082c6c                Adafruit_GFX::invertDisplay(bool)
 .text._ZN12Adafruit_GFX11setRotationEh
                0x00082c6e       0x1e C:\Users\MX\AppData\Local\Temp\VMBuilds\NV10_dashboard\arduino_due_x_dbg\Debug\Adafruit_GFX_Library\Adafruit_GFX.cpp.o
                0x00082c6e                Adafruit_GFX::setRotation(unsigned char)
 .text._ZN12Adafruit_GFXC2Ess
                0x00082c8c       0x30 C:\Users\MX\AppData\Local\Temp\VMBuilds\NV10_dashboard\arduino_due_x_dbg\Debug\Adafruit_GFX_Library\Adafruit_GFX.cpp.o
                0x00082c8c                Adafruit_GFX::Adafruit_GFX(short, short)
                0x00082c8c                Adafruit_GFX::Adafruit_GFX(short, short)
 .text._ZN12Adafruit_GFX8drawCharEsshtth
                0x00082cbc      0x2b4 C:\Users\MX\AppData\Local\Temp\VMBuilds\NV10_dashboard\arduino_due_x_dbg\Debug\Adafruit_GFX_Library\Adafruit_GFX.cpp.o
                0x00082cbc                Adafruit_GFX::drawChar(short, short, unsigned char, unsigned short, unsigned short, unsigned char)
 .text._ZN12Adafruit_GFX5writeEh
                0x00082f70       0xf2 C:\Users\MX\AppData\Local\Temp\VMBuilds\NV10_dashboard\arduino_due_x_dbg\Debug\Adafruit_GFX_Library\Adafruit_GFX.cpp.o
                0x00082f70                Adafruit_GFX::write(unsigned char)
 .text._ZN12Adafruit_GFX9setCursorEss
                0x00083062        0x6 C:\Users\MX\AppData\Local\Temp\VMBuilds\NV10_dashboard\arduino_due_x_dbg\Debug\Adafruit_GFX_Library\Adafruit_GFX.cpp.o
                0x00083062                Adafruit_GFX::setCursor(short, short)
 .text._ZN12Adafruit_GFX11setTextSizeEh
                0x00083068        0xa C:\Users\MX\AppData\Local\Temp\VMBuilds\NV10_dashboard\arduino_due_x_dbg\Debug\Adafruit_GFX_Library\Adafruit_GFX.cpp.o
                0x00083068                Adafruit_GFX::setTextSize(unsigned char)
 .text._ZN12Adafruit_GFX12setTextColorEtt
                0x00083072        0x6 C:\Users\MX\AppData\Local\Temp\VMBuilds\NV10_dashboard\arduino_due_x_dbg\Debug\Adafruit_GFX_Library\Adafruit_GFX.cpp.o
                0x00083072                Adafruit_GFX::setTextColor(unsigned short, unsigned short)
 .text._ZL10SPI_0_Initv
                0x00083078       0x48 C:\Users\MX\AppData\Local\Temp\VMBuilds\NV10_dashboard\arduino_due_x_dbg\Debug\SPI\SPI.cpp.o
 .text._ZN8SPIClass4initEv
                0x000830c0       0x36 C:\Users\MX\AppData\Local\Temp\VMBuilds\NV10_dashboard\arduino_due_x_dbg\Debug\SPI\SPI.cpp.o
                0x000830c0                SPIClass::init()
 *fill*         0x000830f6        0x2 
 .text._ZN8SPIClass16beginTransactionEh11SPISettings
                0x000830f8       0x98 C:\Users\MX\AppData\Local\Temp\VMBuilds\NV10_dashboard\arduino_due_x_dbg\Debug\SPI\SPI.cpp.o
                0x000830f8                SPIClass::beginTransaction(unsigned char, SPISettings)
 .text._ZN8SPIClass14endTransactionEv
                0x00083190       0x50 C:\Users\MX\AppData\Local\Temp\VMBuilds\NV10_dashboard\arduino_due_x_dbg\Debug\SPI\SPI.cpp.o
                0x00083190                SPIClass::endTransaction()
 .text._ZN8SPIClass11setDataModeEhh
                0x000831e0       0x34 C:\Users\MX\AppData\Local\Temp\VMBuilds\NV10_dashboard\arduino_due_x_dbg\Debug\SPI\SPI.cpp.o
                0x000831e0                SPIClass::setDataMode(unsigned char, unsigned char)
 .text._ZN8SPIClass15setClockDividerEhh
                0x00083214       0x2e C:\Users\MX\AppData\Local\Temp\VMBuilds\NV10_dashboard\arduino_due_x_dbg\Debug\SPI\SPI.cpp.o
                0x00083214                SPIClass::setClockDivider(unsigned char, unsigned char)
 .text._ZN8SPIClass5beginEv
                0x00083242       0x22 C:\Users\MX\AppData\Local\Temp\VMBuilds\NV10_dashboard\arduino_due_x_dbg\Debug\SPI\SPI.cpp.o
                0x00083242                SPIClass::begin()
 .text._ZN8SPIClass8transferEhh15SPITransferMode
                0x00083264       0x5e C:\Users\MX\AppData\Local\Temp\VMBuilds\NV10_dashboard\arduino_due_x_dbg\Debug\SPI\SPI.cpp.o
                0x00083264                SPIClass::transfer(unsigned char, unsigned char, SPITransferMode)
 *fill*         0x000832c2        0x2 
 .text.startup._GLOBAL__sub_I__ZN8SPIClassC2EP3SpimPFvvE
                0x000832c4       0x24 C:\Users\MX\AppData\Local\Temp\VMBuilds\NV10_dashboard\arduino_due_x_dbg\Debug\SPI\SPI.cpp.o
 .text._Z11serialEventv
                0x000832e8        0x2 C:\Users\MX\AppData\Local\Temp\VMBCore\arduino16x\df3d3bf65fbd1ecfe11002d444b14971\variant\variant.cpp.o
                0x000832e8                serialEvent()
 *fill*         0x000832ea        0x2 
 .text.UART_Handler
                0x000832ec        0xc C:\Users\MX\AppData\Local\Temp\VMBCore\arduino16x\df3d3bf65fbd1ecfe11002d444b14971\variant\variant.cpp.o
                0x000832ec                UART_Handler
 .text._Z12serialEvent1v
                0x000832f8        0x2 C:\Users\MX\AppData\Local\Temp\VMBCore\arduino16x\df3d3bf65fbd1ecfe11002d444b14971\variant\variant.cpp.o
                0x000832f8                serialEvent1()
 .text._Z12serialEvent2v
                0x000832fa        0x2 C:\Users\MX\AppData\Local\Temp\VMBCore\arduino16x\df3d3bf65fbd1ecfe11002d444b14971\variant\variant.cpp.o
                0x000832fa                serialEvent2()
 .text._Z12serialEvent3v
                0x000832fc        0x2 C:\Users\MX\AppData\Local\Temp\VMBCore\arduino16x\df3d3bf65fbd1ecfe11002d444b14971\variant\variant.cpp.o
                0x000832fc                serialEvent3()
 *fill*         0x000832fe        0x2 
 .text.USART0_Handler
                0x00083300        0xc C:\Users\MX\AppData\Local\Temp\VMBCore\arduino16x\df3d3bf65fbd1ecfe11002d444b14971\variant\variant.cpp.o
                0x00083300                USART0_Handler
 .text.USART1_Handler
                0x0008330c        0xc C:\Users\MX\AppData\Local\Temp\VMBCore\arduino16x\df3d3bf65fbd1ecfe11002d444b14971\variant\variant.cpp.o
                0x0008330c                USART1_Handler
 .text.USART3_Handler
                0x00083318        0xc C:\Users\MX\AppData\Local\Temp\VMBCore\arduino16x\df3d3bf65fbd1ecfe11002d444b14971\variant\variant.cpp.o
                0x00083318                USART3_Handler
 .text.init     0x00083324      0x128 C:\Users\MX\AppData\Local\Temp\VMBCore\arduino16x\df3d3bf65fbd1ecfe11002d444b14971\variant\variant.cpp.o
                0x00083324                init
 .text.startup._GLOBAL__sub_I_g_APinDescription
                0x0008344c       0xd4 C:\Users\MX\AppData\Local\Temp\VMBCore\arduino16x\df3d3bf65fbd1ecfe11002d444b14971\variant\variant.cpp.o
 .text._Z14serialEventRunv
                0x00083520       0x44 C:\Users\MX\AppData\Local\Temp\VMBCore\arduino16x\df3d3bf65fbd1ecfe11002d444b14971\variant\variant.cpp.o
                0x00083520                serialEventRun()
 .text.PIO_PullUp
                0x00083564        0xa D:\Arduino\ide\portable\packages\arduino\hardware\sam\1.6.11\variants\arduino_due_x/libsam_sam3x8e_gcc_rel.a(pio.o)
                0x00083564                PIO_PullUp
 .text.PIO_SetPeripheral
                0x0008356e       0x26 D:\Arduino\ide\portable\packages\arduino\hardware\sam\1.6.11\variants\arduino_due_x/libsam_sam3x8e_gcc_rel.a(pio.o)
                0x0008356e                PIO_SetPeripheral
 .text.PIO_SetInput
                0x00083594       0x26 D:\Arduino\ide\portable\packages\arduino\hardware\sam\1.6.11\variants\arduino_due_x/libsam_sam3x8e_gcc_rel.a(pio.o)
                0x00083594                PIO_SetInput
 .text.PIO_SetOutput
                0x000835ba       0x24 D:\Arduino\ide\portable\packages\arduino\hardware\sam\1.6.11\variants\arduino_due_x/libsam_sam3x8e_gcc_rel.a(pio.o)
                0x000835ba                PIO_SetOutput
 *fill*         0x000835de        0x2 
 .text.PIO_Configure
                0x000835e0       0x64 D:\Arduino\ide\portable\packages\arduino\hardware\sam\1.6.11\variants\arduino_due_x/libsam_sam3x8e_gcc_rel.a(pio.o)
                0x000835e0                PIO_Configure
 .text.PIO_GetOutputDataStatus
                0x00083644       0x14 D:\Arduino\ide\portable\packages\arduino\hardware\sam\1.6.11\variants\arduino_due_x/libsam_sam3x8e_gcc_rel.a(pio.o)
                0x00083644                PIO_GetOutputDataStatus
 .text.pmc_enable_upll_clock
                0x00083658       0x14 D:\Arduino\ide\portable\packages\arduino\hardware\sam\1.6.11\variants\arduino_due_x/libsam_sam3x8e_gcc_rel.a(pmc.o)
                0x00083658                pmc_enable_upll_clock
 .text.pmc_enable_periph_clk
                0x0008366c       0x44 D:\Arduino\ide\portable\packages\arduino\hardware\sam\1.6.11\variants\arduino_due_x/libsam_sam3x8e_gcc_rel.a(pmc.o)
                0x0008366c                pmc_enable_periph_clk
 .text.pmc_disable_periph_clk
                0x000836b0       0x40 D:\Arduino\ide\portable\packages\arduino\hardware\sam\1.6.11\variants\arduino_due_x/libsam_sam3x8e_gcc_rel.a(pmc.o)
                0x000836b0                pmc_disable_periph_clk
 .text.pmc_switch_udpck_to_upllck
                0x000836f0       0x14 D:\Arduino\ide\portable\packages\arduino\hardware\sam\1.6.11\variants\arduino_due_x/libsam_sam3x8e_gcc_rel.a(pmc.o)
                0x000836f0                pmc_switch_udpck_to_upllck
 .text.pmc_enable_udpck
                0x00083704        0xc D:\Arduino\ide\portable\packages\arduino\hardware\sam\1.6.11\variants\arduino_due_x/libsam_sam3x8e_gcc_rel.a(pmc.o)
                0x00083704                pmc_enable_udpck
 .text.SPI_Enable
                0x00083710        0x6 D:\Arduino\ide\portable\packages\arduino\hardware\sam\1.6.11\variants\arduino_due_x/libsam_sam3x8e_gcc_rel.a(spi.o)
                0x00083710                SPI_Enable
 *fill*         0x00083716        0x2 
 .text.SPI_Configure
                0x00083718       0x20 D:\Arduino\ide\portable\packages\arduino\hardware\sam\1.6.11\variants\arduino_due_x/libsam_sam3x8e_gcc_rel.a(spi.o)
                0x00083718                SPI_Configure
 .text.SPI_ConfigureNPCS
                0x00083738        0x8 D:\Arduino\ide\portable\packages\arduino\hardware\sam\1.6.11\variants\arduino_due_x/libsam_sam3x8e_gcc_rel.a(spi.o)
                0x00083738                SPI_ConfigureNPCS
 .text.SystemInit
                0x00083740       0x88 D:\Arduino\ide\portable\packages\arduino\hardware\sam\1.6.11\variants\arduino_due_x/libsam_sam3x8e_gcc_rel.a(system_sam3xa.o)
                0x00083740                SystemInit
 .text.Reset_Handler
                0x000837c8       0x78 D:\Arduino\ide\portable\packages\arduino\hardware\sam\1.6.11\variants\arduino_due_x/libsam_sam3x8e_gcc_rel.a(startup_sam3xa.o)
                0x000837c8                Reset_Handler
 .text.adc_init
                0x00083840       0x98 D:\Arduino\ide\portable\packages\arduino\hardware\sam\1.6.11\variants\arduino_due_x/libsam_sam3x8e_gcc_rel.a(adc.o)
                0x00083840                adc_init
 .text.adc_configure_trigger
                0x000838d8        0xe D:\Arduino\ide\portable\packages\arduino\hardware\sam\1.6.11\variants\arduino_due_x/libsam_sam3x8e_gcc_rel.a(adc.o)
                0x000838d8                adc_configure_trigger
 .text.adc_configure_timing
                0x000838e6       0x1a D:\Arduino\ide\portable\packages\arduino\hardware\sam\1.6.11\variants\arduino_due_x/libsam_sam3x8e_gcc_rel.a(adc.o)
                0x000838e6                adc_configure_timing
 .text.adc_disable_channel
                0x00083900        0xa D:\Arduino\ide\portable\packages\arduino\hardware\sam\1.6.11\variants\arduino_due_x/libsam_sam3x8e_gcc_rel.a(adc.o)
                0x00083900                adc_disable_channel
 .text.adc_disable_all_channel
                0x0008390a        0x8 D:\Arduino\ide\portable\packages\arduino\hardware\sam\1.6.11\variants\arduino_due_x/libsam_sam3x8e_gcc_rel.a(adc.o)
                0x0008390a                adc_disable_all_channel
 .text.adc_disable_interrupt
                0x00083912        0x4 D:\Arduino\ide\portable\packages\arduino\hardware\sam\1.6.11\variants\arduino_due_x/libsam_sam3x8e_gcc_rel.a(adc.o)
                0x00083912                adc_disable_interrupt
 *fill*         0x00083916        0x2 
 .text.UOTGHS_Handler
                0x00083918       0x10 D:\Arduino\ide\portable\packages\arduino\hardware\sam\1.6.11\variants\arduino_due_x/libsam_sam3x8e_gcc_rel.a(uotghs.o)
                0x00083918                UOTGHS_Handler
 .text.__halt   0x00083928        0x2 C:\Users\MX\AppData\Local\Temp\VMBuilds\NV10_dashboard\arduino_due_x_dbg\Debug/core.a(cortex_handlers.c.o)
                0x00083928                DACC_Handler
                0x00083928                DebugMon_Handler
                0x00083928                DMAC_Handler
                0x00083928                TRNG_Handler
                0x00083928                TC2_Handler
                0x00083928                TWI1_Handler
                0x00083928                NMI_Handler
                0x00083928                TC7_Handler
                0x00083928                ADC_Handler
                0x00083928                SMC_Handler
                0x00083928                RTT_Handler
                0x00083928                EFC1_Handler
                0x00083928                PIOB_Handler
                0x00083928                RTC_Handler
                0x00083928                TC6_Handler
                0x00083928                WDT_Handler
                0x00083928                CAN0_Handler
                0x00083928                TC4_Handler
                0x00083928                TC1_Handler
                0x00083928                HSMCI_Handler
                0x00083928                TC3_Handler
                0x00083928                TWI0_Handler
                0x00083928                PIOA_Handler
                0x00083928                SSC_Handler
                0x00083928                EFC0_Handler
                0x00083928                PMC_Handler
                0x00083928                PWM_Handler
                0x00083928                CAN1_Handler
                0x00083928                MemManage_Handler
                0x00083928                SUPC_Handler
                0x00083928                TC8_Handler
                0x00083928                USART2_Handler
                0x00083928                PIOD_Handler
                0x00083928                EMAC_Handler
                0x00083928                PIOC_Handler
                0x00083928                RSTC_Handler
                0x00083928                TC0_Handler
                0x00083928                TC5_Handler
                0x00083928                SPI0_Handler
 .text.SVC_Handler
                0x0008392a        0x4 C:\Users\MX\AppData\Local\Temp\VMBuilds\NV10_dashboard\arduino_due_x_dbg\Debug/core.a(cortex_handlers.c.o)
                0x0008392a                SVC_Handler
 .text.PendSV_Handler
                0x0008392e        0x4 C:\Users\MX\AppData\Local\Temp\VMBuilds\NV10_dashboard\arduino_due_x_dbg\Debug/core.a(cortex_handlers.c.o)
                0x0008392e                PendSV_Handler
 .text.SysTick_Handler
                0x00083932       0x16 C:\Users\MX\AppData\Local\Temp\VMBuilds\NV10_dashboard\arduino_due_x_dbg\Debug/core.a(cortex_handlers.c.o)
                0x00083932                SysTick_Handler
 .text.ltoa     0x00083948       0x6e C:\Users\MX\AppData\Local\Temp\VMBuilds\NV10_dashboard\arduino_due_x_dbg\Debug/core.a(itoa.c.o)
                0x00083948                ltoa
 .text.itoa     0x000839b6        0x4 C:\Users\MX\AppData\Local\Temp\VMBuilds\NV10_dashboard\arduino_due_x_dbg\Debug/core.a(itoa.c.o)
                0x000839b6                itoa
 *fill*         0x000839ba        0x2 
 .text._sbrk    0x000839bc       0x1c C:\Users\MX\AppData\Local\Temp\VMBuilds\NV10_dashboard\arduino_due_x_dbg\Debug/core.a(syscalls_sam3.c.o)
                0x000839bc                _sbrk
 .text.link     0x000839d8        0x6 C:\Users\MX\AppData\Local\Temp\VMBuilds\NV10_dashboard\arduino_due_x_dbg\Debug/core.a(syscalls_sam3.c.o)
                0x000839d8                link
 .text._close   0x000839de        0x6 C:\Users\MX\AppData\Local\Temp\VMBuilds\NV10_dashboard\arduino_due_x_dbg\Debug/core.a(syscalls_sam3.c.o)
                0x000839de                _close
 .text._fstat   0x000839e4        0xa C:\Users\MX\AppData\Local\Temp\VMBuilds\NV10_dashboard\arduino_due_x_dbg\Debug/core.a(syscalls_sam3.c.o)
                0x000839e4                _fstat
 .text._isatty  0x000839ee        0x4 C:\Users\MX\AppData\Local\Temp\VMBuilds\NV10_dashboard\arduino_due_x_dbg\Debug/core.a(syscalls_sam3.c.o)
                0x000839ee                _isatty
 .text._lseek   0x000839f2        0x4 C:\Users\MX\AppData\Local\Temp\VMBuilds\NV10_dashboard\arduino_due_x_dbg\Debug/core.a(syscalls_sam3.c.o)
                0x000839f2                _lseek
 .text._read    0x000839f6        0x4 C:\Users\MX\AppData\Local\Temp\VMBuilds\NV10_dashboard\arduino_due_x_dbg\Debug/core.a(syscalls_sam3.c.o)
                0x000839f6                _read
 *fill*         0x000839fa        0x2 
 .text._write   0x000839fc       0x24 C:\Users\MX\AppData\Local\Temp\VMBuilds\NV10_dashboard\arduino_due_x_dbg\Debug/core.a(syscalls_sam3.c.o)
                0x000839fc                _write
 .text._exit    0x00083a20       0x10 C:\Users\MX\AppData\Local\Temp\VMBuilds\NV10_dashboard\arduino_due_x_dbg\Debug/core.a(syscalls_sam3.c.o)
                0x00083a20                _exit
 .text._kill    0x00083a30        0x2 C:\Users\MX\AppData\Local\Temp\VMBuilds\NV10_dashboard\arduino_due_x_dbg\Debug/core.a(syscalls_sam3.c.o)
                0x00083a30                _kill
 .text._getpid  0x00083a32        0x6 C:\Users\MX\AppData\Local\Temp\VMBuilds\NV10_dashboard\arduino_due_x_dbg\Debug/core.a(syscalls_sam3.c.o)
                0x00083a32                _getpid
 .text.millis   0x00083a38        0x4 C:\Users\MX\AppData\Local\Temp\VMBuilds\NV10_dashboard\arduino_due_x_dbg\Debug/core.a(wiring.c.o)
                0x00083a38                millis
 .text.delay    0x00083a3c       0x1c C:\Users\MX\AppData\Local\Temp\VMBuilds\NV10_dashboard\arduino_due_x_dbg\Debug/core.a(wiring.c.o)
                0x00083a3c                delay
 .text.analogOutputInit
                0x00083a58        0x2 C:\Users\MX\AppData\Local\Temp\VMBuilds\NV10_dashboard\arduino_due_x_dbg\Debug/core.a(wiring_analog.c.o)
                0x00083a58                analogOutputInit
 *fill*         0x00083a5a        0x2 
 .text.pinMode  0x00083a5c      0x108 C:\Users\MX\AppData\Local\Temp\VMBuilds\NV10_dashboard\arduino_due_x_dbg\Debug/core.a(wiring_digital.c.o)
                0x00083a5c                pinMode
 .text.digitalWrite
                0x00083b64       0x70 C:\Users\MX\AppData\Local\Temp\VMBuilds\NV10_dashboard\arduino_due_x_dbg\Debug/core.a(wiring_digital.c.o)
                0x00083b64                digitalWrite
 .text.__cxa_pure_virtual
                0x00083bd4        0x2 C:\Users\MX\AppData\Local\Temp\VMBuilds\NV10_dashboard\arduino_due_x_dbg\Debug/core.a(abi.cpp.o)
                0x00083bd4                __cxa_pure_virtual
 .text.initVariant
                0x00083bd6        0x2 C:\Users\MX\AppData\Local\Temp\VMBuilds\NV10_dashboard\arduino_due_x_dbg\Debug/core.a(main.cpp.o)
                0x00083bd6                initVariant
 .text.startup.main
                0x00083bd8       0x38 C:\Users\MX\AppData\Local\Temp\VMBuilds\NV10_dashboard\arduino_due_x_dbg\Debug/core.a(main.cpp.o)
                0x00083bd8                main
 .text._ZN5Print5writeEPKhj
                0x00083c10       0x22 C:\Users\MX\AppData\Local\Temp\VMBuilds\NV10_dashboard\arduino_due_x_dbg\Debug/core.a(Print.cpp.o)
                0x00083c10                Print::write(unsigned char const*, unsigned int)
 .text._ZN5Print5printEmi.part.3
                0x00083c32        0xc C:\Users\MX\AppData\Local\Temp\VMBuilds\NV10_dashboard\arduino_due_x_dbg\Debug/core.a(Print.cpp.o)
 .text._ZN5Print5writeEPKc
                0x00083c3e       0x1e C:\Users\MX\AppData\Local\Temp\VMBuilds\NV10_dashboard\arduino_due_x_dbg\Debug/core.a(Print.cpp.o)
                0x00083c3e                Print::write(char const*)
 .text._ZN5Print5printERK6String
                0x00083c5c       0x10 C:\Users\MX\AppData\Local\Temp\VMBuilds\NV10_dashboard\arduino_due_x_dbg\Debug/core.a(Print.cpp.o)
                0x00083c5c                Print::print(String const&)
 .text._ZN5Print5printEPKc
                0x00083c6c        0x8 C:\Users\MX\AppData\Local\Temp\VMBuilds\NV10_dashboard\arduino_due_x_dbg\Debug/core.a(Print.cpp.o)
                0x00083c6c                Print::print(char const*)
 .text._ZN5Print7printlnEv
                0x00083c74       0x10 C:\Users\MX\AppData\Local\Temp\VMBuilds\NV10_dashboard\arduino_due_x_dbg\Debug/core.a(Print.cpp.o)
                0x00083c74                Print::println()
 .text._ZN5Print7printlnEPKc
                0x00083c84       0x14 C:\Users\MX\AppData\Local\Temp\VMBuilds\NV10_dashboard\arduino_due_x_dbg\Debug/core.a(Print.cpp.o)
                0x00083c84                Print::println(char const*)
 .text._ZN5Print11printNumberEmh
                0x00083c98       0x3e C:\Users\MX\AppData\Local\Temp\VMBuilds\NV10_dashboard\arduino_due_x_dbg\Debug/core.a(Print.cpp.o)
                0x00083c98                Print::printNumber(unsigned long, unsigned char)
 .text._ZN5Print5printEmi
                0x00083cd6        0xc C:\Users\MX\AppData\Local\Temp\VMBuilds\NV10_dashboard\arduino_due_x_dbg\Debug/core.a(Print.cpp.o)
                0x00083cd6                Print::print(unsigned long, int)
 .text._ZN5Print5printEhi
                0x00083ce2        0x4 C:\Users\MX\AppData\Local\Temp\VMBuilds\NV10_dashboard\arduino_due_x_dbg\Debug/core.a(Print.cpp.o)
                0x00083ce2                Print::print(unsigned char, int)
 *fill*         0x00083ce6        0x2 
 .text.initiateReset
                0x00083ce8        0xc C:\Users\MX\AppData\Local\Temp\VMBuilds\NV10_dashboard\arduino_due_x_dbg\Debug/core.a(Reset.cpp.o)
                0x00083ce8                initiateReset
 .text.cancelReset
                0x00083cf4       0x10 C:\Users\MX\AppData\Local\Temp\VMBuilds\NV10_dashboard\arduino_due_x_dbg\Debug/core.a(Reset.cpp.o)
                0x00083cf4                cancelReset
 .text.tickReset
                0x00083d04       0x20 C:\Users\MX\AppData\Local\Temp\VMBuilds\NV10_dashboard\arduino_due_x_dbg\Debug/core.a(Reset.cpp.o)
                0x00083d04                tickReset
 .text._ZN10RingBufferC2Ev
                0x00083d24       0x1a C:\Users\MX\AppData\Local\Temp\VMBuilds\NV10_dashboard\arduino_due_x_dbg\Debug/core.a(RingBuffer.cpp.o)
                0x00083d24                RingBuffer::RingBuffer()
                0x00083d24                RingBuffer::RingBuffer()
 .text._ZN10RingBuffer10store_charEh
                0x00083d3e       0x1e C:\Users\MX\AppData\Local\Temp\VMBuilds\NV10_dashboard\arduino_due_x_dbg\Debug/core.a(RingBuffer.cpp.o)
                0x00083d3e                RingBuffer::store_char(unsigned char)
 .text._ZN9UARTClasscvbEv
                0x00083d5c        0x4 C:\Users\MX\AppData\Local\Temp\VMBuilds\NV10_dashboard\arduino_due_x_dbg\Debug/core.a(UARTClass.cpp.o)
                0x00083d5c                UARTClass::operator bool()
 .text._ZN9UARTClass9availableEv
                0x00083d60       0x12 C:\Users\MX\AppData\Local\Temp\VMBuilds\NV10_dashboard\arduino_due_x_dbg\Debug/core.a(UARTClass.cpp.o)
                0x00083d60                UARTClass::available()
 .text._ZN9UARTClass4peekEv
                0x00083d72       0x1c C:\Users\MX\AppData\Local\Temp\VMBuilds\NV10_dashboard\arduino_due_x_dbg\Debug/core.a(UARTClass.cpp.o)
                0x00083d72                UARTClass::peek()
 .text._ZN9UARTClass4readEv
                0x00083d8e       0x2a C:\Users\MX\AppData\Local\Temp\VMBuilds\NV10_dashboard\arduino_due_x_dbg\Debug/core.a(UARTClass.cpp.o)
                0x00083d8e                UARTClass::read()
 .text._ZN9UARTClass5flushEv
                0x00083db8       0x18 C:\Users\MX\AppData\Local\Temp\VMBuilds\NV10_dashboard\arduino_due_x_dbg\Debug/core.a(UARTClass.cpp.o)
                0x00083db8                UARTClass::flush()
 .text._ZN9UARTClass5writeEh
                0x00083dd0       0x54 C:\Users\MX\AppData\Local\Temp\VMBuilds\NV10_dashboard\arduino_due_x_dbg\Debug/core.a(UARTClass.cpp.o)
                0x00083dd0                UARTClass::write(unsigned char)
 .text._ZN9UARTClass3endEv
                0x00083e24       0x3c C:\Users\MX\AppData\Local\Temp\VMBuilds\NV10_dashboard\arduino_due_x_dbg\Debug/core.a(UARTClass.cpp.o)
                0x00083e24                UARTClass::end()
 .text._ZN9UARTClassC2EP4Uart4IRQnmP10RingBufferS4_
                0x00083e60       0x24 C:\Users\MX\AppData\Local\Temp\VMBuilds\NV10_dashboard\arduino_due_x_dbg\Debug/core.a(UARTClass.cpp.o)
                0x00083e60                UARTClass::UARTClass(Uart*, IRQn, unsigned long, RingBuffer*, RingBuffer*)
                0x00083e60                UARTClass::UARTClass(Uart*, IRQn, unsigned long, RingBuffer*, RingBuffer*)
 .text._ZN9UARTClass4initEmm
                0x00083e84       0x70 C:\Users\MX\AppData\Local\Temp\VMBuilds\NV10_dashboard\arduino_due_x_dbg\Debug/core.a(UARTClass.cpp.o)
                0x00083e84                UARTClass::init(unsigned long, unsigned long)
 .text._ZN9UARTClass5beginEm
                0x00083ef4        0x8 C:\Users\MX\AppData\Local\Temp\VMBuilds\NV10_dashboard\arduino_due_x_dbg\Debug/core.a(UARTClass.cpp.o)
                0x00083ef4                UARTClass::begin(unsigned long)
 .text._ZN9UARTClass10IrqHandlerEv
                0x00083efc       0x5a C:\Users\MX\AppData\Local\Temp\VMBuilds\NV10_dashboard\arduino_due_x_dbg\Debug/core.a(UARTClass.cpp.o)
                0x00083efc                UARTClass::IrqHandler()
 .text._ZN10USARTClass5beginEm
                0x00083f56        0x8 C:\Users\MX\AppData\Local\Temp\VMBuilds\NV10_dashboard\arduino_due_x_dbg\Debug/core.a(USARTClass.cpp.o)
                0x00083f56                USARTClass::begin(unsigned long)
 *fill*         0x00083f5e        0x2 
 .text._ZN10USARTClassC2EP5Usart4IRQnmP10RingBufferS4_
                0x00083f60       0x24 C:\Users\MX\AppData\Local\Temp\VMBuilds\NV10_dashboard\arduino_due_x_dbg\Debug/core.a(USARTClass.cpp.o)
                0x00083f60                USARTClass::USARTClass(Usart*, IRQn, unsigned long, RingBuffer*, RingBuffer*)
                0x00083f60                USARTClass::USARTClass(Usart*, IRQn, unsigned long, RingBuffer*, RingBuffer*)
 .text._watchdogDefaultSetup
                0x00083f84        0xc C:\Users\MX\AppData\Local\Temp\VMBuilds\NV10_dashboard\arduino_due_x_dbg\Debug/core.a(watchdog.cpp.o)
                0x00083f84                _watchdogDefaultSetup
                0x00083f84                watchdogSetup()
 .text._Z6randoml
                0x00083f90       0x16 C:\Users\MX\AppData\Local\Temp\VMBuilds\NV10_dashboard\arduino_due_x_dbg\Debug/core.a(WMath.cpp.o)
                0x00083f90                random(long)
 .text._Z6randomll
                0x00083fa6       0x14 C:\Users\MX\AppData\Local\Temp\VMBuilds\NV10_dashboard\arduino_due_x_dbg\Debug/core.a(WMath.cpp.o)
                0x00083fa6                random(long, long)
 .text._ZN6String10invalidateEv
                0x00083fba       0x16 C:\Users\MX\AppData\Local\Temp\VMBuilds\NV10_dashboard\arduino_due_x_dbg\Debug/core.a(WString.cpp.o)
                0x00083fba                String::invalidate()
 .text._ZN6String12changeBufferEj
                0x00083fd0       0x18 C:\Users\MX\AppData\Local\Temp\VMBuilds\NV10_dashboard\arduino_due_x_dbg\Debug/core.a(WString.cpp.o)
                0x00083fd0                String::changeBuffer(unsigned int)
 .text._ZN6String7reserveEj
                0x00083fe8       0x22 C:\Users\MX\AppData\Local\Temp\VMBuilds\NV10_dashboard\arduino_due_x_dbg\Debug/core.a(WString.cpp.o)
                0x00083fe8                String::reserve(unsigned int)
 .text._ZN6String4copyEPKcj
                0x0008400a       0x26 C:\Users\MX\AppData\Local\Temp\VMBuilds\NV10_dashboard\arduino_due_x_dbg\Debug/core.a(WString.cpp.o)
                0x0008400a                String::copy(char const*, unsigned int)
 .text._ZN6StringC2EPKc
                0x00084030       0x24 C:\Users\MX\AppData\Local\Temp\VMBuilds\NV10_dashboard\arduino_due_x_dbg\Debug/core.a(WString.cpp.o)
                0x00084030                String::String(char const*)
                0x00084030                String::String(char const*)
 .text._ZN6StringaSEPKc
                0x00084054       0x22 C:\Users\MX\AppData\Local\Temp\VMBuilds\NV10_dashboard\arduino_due_x_dbg\Debug/core.a(WString.cpp.o)
                0x00084054                String::operator=(char const*)
 *fill*         0x00084076        0x2 
 .text.unlikely._ZL11USB_SendZlpv
                0x00084078       0x20 C:\Users\MX\AppData\Local\Temp\VMBuilds\NV10_dashboard\arduino_due_x_dbg\Debug/core.a(USBCore.cpp.o)
 .text._Z14USBD_Availablem
                0x00084098       0x2c C:\Users\MX\AppData\Local\Temp\VMBuilds\NV10_dashboard\arduino_due_x_dbg\Debug/core.a(USBCore.cpp.o)
                0x00084098                USBD_Available(unsigned long)
 .text._Z9USBD_RecvmPvm
                0x000840c4       0x7c C:\Users\MX\AppData\Local\Temp\VMBuilds\NV10_dashboard\arduino_due_x_dbg\Debug/core.a(USBCore.cpp.o)
                0x000840c4                USBD_Recv(unsigned long, void*, unsigned long)
 .text._Z9USBD_Recvm
                0x00084140       0x22 C:\Users\MX\AppData\Local\Temp\VMBuilds\NV10_dashboard\arduino_due_x_dbg\Debug/core.a(USBCore.cpp.o)
                0x00084140                USBD_Recv(unsigned long)
 *fill*         0x00084162        0x2 
 .text._Z9USBD_SendmPKvm
                0x00084164       0x4c C:\Users\MX\AppData\Local\Temp\VMBuilds\NV10_dashboard\arduino_due_x_dbg\Debug/core.a(USBCore.cpp.o)
                0x00084164                USBD_Send(unsigned long, void const*, unsigned long)
 .text._Z16USBD_SendControlhPKvm
                0x000841b0       0x40 C:\Users\MX\AppData\Local\Temp\VMBuilds\NV10_dashboard\arduino_due_x_dbg\Debug/core.a(USBCore.cpp.o)
                0x000841b0                USBD_SendControl(unsigned char, void const*, unsigned long)
 .text.unlikely._ZL24USB_SendStringDescriptorPKhi
                0x000841f0       0x64 C:\Users\MX\AppData\Local\Temp\VMBuilds\NV10_dashboard\arduino_due_x_dbg\Debug/core.a(USBCore.cpp.o)
 .text._Z16USBD_RecvControlPvm
                0x00084254       0x1c C:\Users\MX\AppData\Local\Temp\VMBuilds\NV10_dashboard\arduino_due_x_dbg\Debug/core.a(USBCore.cpp.o)
                0x00084254                USBD_RecvControl(void*, unsigned long)
 .text._Z26USBD_ClassInterfaceRequestR8USBSetup
                0x00084270       0x1e C:\Users\MX\AppData\Local\Temp\VMBuilds\NV10_dashboard\arduino_due_x_dbg\Debug/core.a(USBCore.cpp.o)
                0x00084270                USBD_ClassInterfaceRequest(USBSetup&)
 .text._Z19USBD_SendInterfacesv
                0x0008428e       0x22 C:\Users\MX\AppData\Local\Temp\VMBuilds\NV10_dashboard\arduino_due_x_dbg\Debug/core.a(USBCore.cpp.o)
                0x0008428e                USBD_SendInterfaces()
 .text._Z24USBD_SendOtherInterfacesv
                0x000842b0       0x22 C:\Users\MX\AppData\Local\Temp\VMBuilds\NV10_dashboard\arduino_due_x_dbg\Debug/core.a(USBCore.cpp.o)
                0x000842b0                USBD_SendOtherInterfaces()
 .text._Z10USBD_Flushm
                0x000842d2       0x16 C:\Users\MX\AppData\Local\Temp\VMBuilds\NV10_dashboard\arduino_due_x_dbg\Debug/core.a(USBCore.cpp.o)
                0x000842d2                USBD_Flush(unsigned long)
 .text._ZN10USBDevice_C2Ev
                0x000842e8       0x24 C:\Users\MX\AppData\Local\Temp\VMBuilds\NV10_dashboard\arduino_due_x_dbg\Debug/core.a(USBCore.cpp.o)
                0x000842e8                USBDevice_::USBDevice_()
                0x000842e8                USBDevice_::USBDevice_()
 .text._ZN10USBDevice_6attachEv
                0x0008430c       0x20 C:\Users\MX\AppData\Local\Temp\VMBuilds\NV10_dashboard\arduino_due_x_dbg\Debug/core.a(USBCore.cpp.o)
                0x0008430c                USBDevice_::attach()
 .text.startup._GLOBAL__sub_I_EndPoints
                0x0008432c        0xc C:\Users\MX\AppData\Local\Temp\VMBuilds\NV10_dashboard\arduino_due_x_dbg\Debug/core.a(USBCore.cpp.o)
 .text._ZL7USB_ISRv
                0x00084338      0x454 C:\Users\MX\AppData\Local\Temp\VMBuilds\NV10_dashboard\arduino_due_x_dbg\Debug/core.a(USBCore.cpp.o)
 .text.__empty  0x0008478c        0x2 C:\Users\MX\AppData\Local\Temp\VMBuilds\NV10_dashboard\arduino_due_x_dbg\Debug/core.a(hooks.c.o)
                0x0008478c                yield
 *fill*         0x0008478e        0x2 
 .text._ZN7Serial_9availableEv
                0x00084790       0x18 C:\Users\MX\AppData\Local\Temp\VMBuilds\NV10_dashboard\arduino_due_x_dbg\Debug/core.a(CDC.cpp.o)
                0x00084790                Serial_::available()
 .text._ZN7Serial_17availableForWriteEv
                0x000847a8        0x6 C:\Users\MX\AppData\Local\Temp\VMBuilds\NV10_dashboard\arduino_due_x_dbg\Debug/core.a(CDC.cpp.o)
                0x000847a8                Serial_::availableForWrite()
 *fill*         0x000847ae        0x2 
 .text._ZN7Serial_4peekEv
                0x000847b0       0x20 C:\Users\MX\AppData\Local\Temp\VMBuilds\NV10_dashboard\arduino_due_x_dbg\Debug/core.a(CDC.cpp.o)
                0x000847b0                Serial_::peek()
 .text._ZN7Serial_5writeEh
                0x000847d0       0x16 C:\Users\MX\AppData\Local\Temp\VMBuilds\NV10_dashboard\arduino_due_x_dbg\Debug/core.a(CDC.cpp.o)
                0x000847d0                Serial_::write(unsigned char)
 *fill*         0x000847e6        0x2 
 .text._ZN7Serial_4readEv
                0x000847e8       0x44 C:\Users\MX\AppData\Local\Temp\VMBuilds\NV10_dashboard\arduino_due_x_dbg\Debug/core.a(CDC.cpp.o)
                0x000847e8                Serial_::read()
 .text._ZN7Serial_5flushEv
                0x0008482c        0x6 C:\Users\MX\AppData\Local\Temp\VMBuilds\NV10_dashboard\arduino_due_x_dbg\Debug/core.a(CDC.cpp.o)
                0x0008482c                Serial_::flush()
 *fill*         0x00084832        0x2 
 .text._ZN7Serial_6acceptEv
                0x00084834       0x70 C:\Users\MX\AppData\Local\Temp\VMBuilds\NV10_dashboard\arduino_due_x_dbg\Debug/core.a(CDC.cpp.o)
                0x00084834                Serial_::accept()
 .text._ZN7Serial_5writeEPKhj
                0x000848a4       0x2c C:\Users\MX\AppData\Local\Temp\VMBuilds\NV10_dashboard\arduino_due_x_dbg\Debug/core.a(CDC.cpp.o)
                0x000848a4                Serial_::write(unsigned char const*, unsigned int)
 .text._Z16CDC_GetInterfacePh
                0x000848d0       0x14 C:\Users\MX\AppData\Local\Temp\VMBuilds\NV10_dashboard\arduino_due_x_dbg\Debug/core.a(CDC.cpp.o)
                0x000848d0                CDC_GetInterface(unsigned char*)
 .text._Z21CDC_GetOtherInterfacePh
                0x000848e4       0x14 C:\Users\MX\AppData\Local\Temp\VMBuilds\NV10_dashboard\arduino_due_x_dbg\Debug/core.a(CDC.cpp.o)
                0x000848e4                CDC_GetOtherInterface(unsigned char*)
 .text._Z9CDC_SetupR8USBSetup
                0x000848f8       0x78 C:\Users\MX\AppData\Local\Temp\VMBuilds\NV10_dashboard\arduino_due_x_dbg\Debug/core.a(CDC.cpp.o)
                0x000848f8                CDC_Setup(USBSetup&)
 .text.startup._GLOBAL__sub_I_cdc_rx_buffer
                0x00084970       0x1c C:\Users\MX\AppData\Local\Temp\VMBuilds\NV10_dashboard\arduino_due_x_dbg\Debug/core.a(CDC.cpp.o)
 .text._ZN13PluggableUSB_12getInterfaceEPh
                0x0008498c       0x28 C:\Users\MX\AppData\Local\Temp\VMBuilds\NV10_dashboard\arduino_due_x_dbg\Debug/core.a(PluggableUSB.cpp.o)
                0x0008498c                PluggableUSB_::getInterface(unsigned char*)
 .text._ZN13PluggableUSB_13getDescriptorER8USBSetup
                0x000849b4       0x1c C:\Users\MX\AppData\Local\Temp\VMBuilds\NV10_dashboard\arduino_due_x_dbg\Debug/core.a(PluggableUSB.cpp.o)
                0x000849b4                PluggableUSB_::getDescriptor(USBSetup&)
 .text._ZN13PluggableUSB_12getShortNameEPc
                0x000849d0       0x1c C:\Users\MX\AppData\Local\Temp\VMBuilds\NV10_dashboard\arduino_due_x_dbg\Debug/core.a(PluggableUSB.cpp.o)
                0x000849d0                PluggableUSB_::getShortName(char*)
 .text._ZN13PluggableUSB_5setupER8USBSetup
                0x000849ec       0x20 C:\Users\MX\AppData\Local\Temp\VMBuilds\NV10_dashboard\arduino_due_x_dbg\Debug/core.a(PluggableUSB.cpp.o)
                0x000849ec                PluggableUSB_::setup(USBSetup&)
 .text._Z12PluggableUSBv
                0x00084a0c       0x28 C:\Users\MX\AppData\Local\Temp\VMBuilds\NV10_dashboard\arduino_due_x_dbg\Debug/core.a(PluggableUSB.cpp.o)
                0x00084a0c                PluggableUSB()
 .text.TimeTick_Increment
                0x00084a34       0x10 D:\Arduino\ide\portable\packages\arduino\hardware\sam\1.6.11\variants\arduino_due_x/libsam_sam3x8e_gcc_rel.a(timetick.o)
                0x00084a34                TimeTick_Increment
 .text.GetTickCount
                0x00084a44        0xc D:\Arduino\ide\portable\packages\arduino\hardware\sam\1.6.11\variants\arduino_due_x/libsam_sam3x8e_gcc_rel.a(timetick.o)
                0x00084a44                GetTickCount
 .text.WDT_Disable
                0x00084a50        0x8 D:\Arduino\ide\portable\packages\arduino\hardware\sam\1.6.11\variants\arduino_due_x/libsam_sam3x8e_gcc_rel.a(wdt.o)
                0x00084a50                WDT_Disable
 .text.UDD_SetStack
                0x00084a58        0xc D:\Arduino\ide\portable\packages\arduino\hardware\sam\1.6.11\variants\arduino_due_x/libsam_sam3x8e_gcc_rel.a(uotghs_device.o)
                0x00084a58                UDD_SetStack
 .text.UDD_Init
                0x00084a64       0xd0 D:\Arduino\ide\portable\packages\arduino\hardware\sam\1.6.11\variants\arduino_due_x/libsam_sam3x8e_gcc_rel.a(uotghs_device.o)
                0x00084a64                UDD_Init
 .text.UDD_Attach
                0x00084b34       0x50 D:\Arduino\ide\portable\packages\arduino\hardware\sam\1.6.11\variants\arduino_due_x/libsam_sam3x8e_gcc_rel.a(uotghs_device.o)
                0x00084b34                UDD_Attach
 .text.UDD_InitEP
                0x00084b84       0x2c D:\Arduino\ide\portable\packages\arduino\hardware\sam\1.6.11\variants\arduino_due_x/libsam_sam3x8e_gcc_rel.a(uotghs_device.o)
                0x00084b84                UDD_InitEP
 .text.UDD_InitEndpoints
                0x00084bb0       0x3c D:\Arduino\ide\portable\packages\arduino\hardware\sam\1.6.11\variants\arduino_due_x/libsam_sam3x8e_gcc_rel.a(uotghs_device.o)
                0x00084bb0                UDD_InitEndpoints
 .text.UDD_WaitIN
                0x00084bec       0x10 D:\Arduino\ide\portable\packages\arduino\hardware\sam\1.6.11\variants\arduino_due_x/libsam_sam3x8e_gcc_rel.a(uotghs_device.o)
                0x00084bec                UDD_WaitIN
 .text.UDD_WaitOUT
                0x00084bfc       0x10 D:\Arduino\ide\portable\packages\arduino\hardware\sam\1.6.11\variants\arduino_due_x/libsam_sam3x8e_gcc_rel.a(uotghs_device.o)
                0x00084bfc                UDD_WaitOUT
 .text.UDD_ClearIN
                0x00084c0c       0x18 D:\Arduino\ide\portable\packages\arduino\hardware\sam\1.6.11\variants\arduino_due_x/libsam_sam3x8e_gcc_rel.a(uotghs_device.o)
                0x00084c0c                UDD_ClearIN
 .text.UDD_ClearOUT
                0x00084c24       0x18 D:\Arduino\ide\portable\packages\arduino\hardware\sam\1.6.11\variants\arduino_due_x/libsam_sam3x8e_gcc_rel.a(uotghs_device.o)
                0x00084c24                UDD_ClearOUT
 .text.UDD_ReceivedSetupInt
                0x00084c3c       0x10 D:\Arduino\ide\portable\packages\arduino\hardware\sam\1.6.11\variants\arduino_due_x/libsam_sam3x8e_gcc_rel.a(uotghs_device.o)
                0x00084c3c                UDD_ReceivedSetupInt
 .text.UDD_ClearSetupInt
                0x00084c4c       0x10 D:\Arduino\ide\portable\packages\arduino\hardware\sam\1.6.11\variants\arduino_due_x/libsam_sam3x8e_gcc_rel.a(uotghs_device.o)
                0x00084c4c                UDD_ClearSetupInt
 .text.UDD_Send
                0x00084c5c       0x88 D:\Arduino\ide\portable\packages\arduino\hardware\sam\1.6.11\variants\arduino_due_x/libsam_sam3x8e_gcc_rel.a(uotghs_device.o)
                0x00084c5c                UDD_Send
 .text.UDD_Send8
                0x00084ce4       0x24 D:\Arduino\ide\portable\packages\arduino\hardware\sam\1.6.11\variants\arduino_due_x/libsam_sam3x8e_gcc_rel.a(uotghs_device.o)
                0x00084ce4                UDD_Send8
 .text.UDD_Recv8
                0x00084d08       0x28 D:\Arduino\ide\portable\packages\arduino\hardware\sam\1.6.11\variants\arduino_due_x/libsam_sam3x8e_gcc_rel.a(uotghs_device.o)
                0x00084d08                UDD_Recv8
 .text.UDD_Recv
                0x00084d30       0x34 D:\Arduino\ide\portable\packages\arduino\hardware\sam\1.6.11\variants\arduino_due_x/libsam_sam3x8e_gcc_rel.a(uotghs_device.o)
                0x00084d30                UDD_Recv
 .text.UDD_Stall
                0x00084d64       0x14 D:\Arduino\ide\portable\packages\arduino\hardware\sam\1.6.11\variants\arduino_due_x/libsam_sam3x8e_gcc_rel.a(uotghs_device.o)
                0x00084d64                UDD_Stall
 .text.UDD_FifoByteCount
                0x00084d78       0x14 D:\Arduino\ide\portable\packages\arduino\hardware\sam\1.6.11\variants\arduino_due_x/libsam_sam3x8e_gcc_rel.a(uotghs_device.o)
                0x00084d78                UDD_FifoByteCount
 .text.UDD_ReleaseRX
                0x00084d8c       0x28 D:\Arduino\ide\portable\packages\arduino\hardware\sam\1.6.11\variants\arduino_due_x/libsam_sam3x8e_gcc_rel.a(uotghs_device.o)
                0x00084d8c                UDD_ReleaseRX
 .text.UDD_ReleaseTX
                0x00084db4       0x28 D:\Arduino\ide\portable\packages\arduino\hardware\sam\1.6.11\variants\arduino_due_x/libsam_sam3x8e_gcc_rel.a(uotghs_device.o)
                0x00084db4                UDD_ReleaseTX
 .text.UDD_SetAddress
                0x00084ddc       0x20 D:\Arduino\ide\portable\packages\arduino\hardware\sam\1.6.11\variants\arduino_due_x/libsam_sam3x8e_gcc_rel.a(uotghs_device.o)
                0x00084ddc                UDD_SetAddress
 *fill*         0x00084dfc        0x4 
 .text.ceil     0x00084e00      0x120 d:/arduino/ide/portable/packages/arduino/tools/arm-none-eabi-gcc/4.8.3-2014q1/bin/../lib/gcc/arm-none-eabi/4.8.3/../../../../arm-none-eabi/lib/armv7-m\libm.a(lib_a-s_ceil.o)
                0x00084e00                ceil
 .text.floor    0x00084f20      0x120 d:/arduino/ide/portable/packages/arduino/tools/arm-none-eabi-gcc/4.8.3-2014q1/bin/../lib/gcc/arm-none-eabi/4.8.3/../../../../arm-none-eabi/lib/armv7-m\libm.a(lib_a-s_floor.o)
                0x00084f20                floor
 .text          0x00085040      0x370 d:/arduino/ide/portable/packages/arduino/tools/arm-none-eabi-gcc/4.8.3-2014q1/bin/../lib/gcc/arm-none-eabi/4.8.3/armv7-m\libgcc.a(_arm_addsubdf3.o)
                0x00085040                __aeabi_drsub
                0x00085048                __aeabi_dsub
                0x00085048                __subdf3
                0x0008504c                __aeabi_dadd
                0x0008504c                __adddf3
                0x000852c4                __floatunsidf
                0x000852c4                __aeabi_ui2d
                0x000852e4                __floatsidf
                0x000852e4                __aeabi_i2d
                0x00085308                __aeabi_f2d
                0x00085308                __extendsfdf2
                0x00085344                __floatundidf
                0x00085344                __aeabi_ul2d
                0x00085354                __floatdidf
                0x00085354                __aeabi_l2d
 .text          0x000853b0      0x424 d:/arduino/ide/portable/packages/arduino/tools/arm-none-eabi-gcc/4.8.3-2014q1/bin/../lib/gcc/arm-none-eabi/4.8.3/armv7-m\libgcc.a(_arm_muldivdf3.o)
                0x000853b0                __aeabi_dmul
                0x000853b0                __muldf3
                0x00085604                __divdf3
                0x00085604                __aeabi_ddiv
 .text          0x000857d4      0x110 d:/arduino/ide/portable/packages/arduino/tools/arm-none-eabi-gcc/4.8.3-2014q1/bin/../lib/gcc/arm-none-eabi/4.8.3/armv7-m\libgcc.a(_arm_cmpdf2.o)
                0x000857d4                __gtdf2
                0x000857d4                __gedf2
                0x000857dc                __ltdf2
                0x000857dc                __ledf2
                0x000857e4                __nedf2
                0x000857e4                __eqdf2
                0x000857e4                __cmpdf2
                0x00085860                __aeabi_cdrcmple
                0x00085870                __aeabi_cdcmpeq
                0x00085870                __aeabi_cdcmple
                0x00085880                __aeabi_dcmpeq
                0x00085894                __aeabi_dcmplt
                0x000858a8                __aeabi_dcmple
                0x000858bc                __aeabi_dcmpge
                0x000858d0                __aeabi_dcmpgt
 .text          0x000858e4       0x50 d:/arduino/ide/portable/packages/arduino/tools/arm-none-eabi-gcc/4.8.3-2014q1/bin/../lib/gcc/arm-none-eabi/4.8.3/armv7-m\libgcc.a(_arm_fixdfsi.o)
                0x000858e4                __aeabi_d2iz
                0x000858e4                __fixdfsi
 .text          0x00085934       0x40 d:/arduino/ide/portable/packages/arduino/tools/arm-none-eabi-gcc/4.8.3-2014q1/bin/../lib/gcc/arm-none-eabi/4.8.3/armv7-m\libgcc.a(_arm_fixunsdfsi.o)
                0x00085934                __aeabi_d2uiz
                0x00085934                __fixunsdfsi
 .text          0x00085974       0xa0 d:/arduino/ide/portable/packages/arduino/tools/arm-none-eabi-gcc/4.8.3-2014q1/bin/../lib/gcc/arm-none-eabi/4.8.3/armv7-m\libgcc.a(_arm_truncdfsf2.o)
                0x00085974                __truncdfsf2
                0x00085974                __aeabi_d2f
 .text          0x00085a14      0x21c d:/arduino/ide/portable/packages/arduino/tools/arm-none-eabi-gcc/4.8.3-2014q1/bin/../lib/gcc/arm-none-eabi/4.8.3/armv7-m\libgcc.a(_arm_addsubsf3.o)
                0x00085a14                __aeabi_frsub
                0x00085a1c                __subsf3
                0x00085a1c                __aeabi_fsub
                0x00085a20                __aeabi_fadd
                0x00085a20                __addsf3
                0x00085b80                __aeabi_ui2f
                0x00085b80                __floatunsisf
                0x00085b88                __aeabi_i2f
                0x00085b88                __floatsisf
                0x00085ba4                __aeabi_ul2f
                0x00085ba4                __floatundisf
                0x00085bb4                __aeabi_l2f
                0x00085bb4                __floatdisf
 .text          0x00085c30      0x2a0 d:/arduino/ide/portable/packages/arduino/tools/arm-none-eabi-gcc/4.8.3-2014q1/bin/../lib/gcc/arm-none-eabi/4.8.3/armv7-m\libgcc.a(_arm_muldivsf3.o)
                0x00085c30                __mulsf3
                0x00085c30                __aeabi_fmul
                0x00085d98                __aeabi_fdiv
                0x00085d98                __divsf3
 .text          0x00085ed0       0xec d:/arduino/ide/portable/packages/arduino/tools/arm-none-eabi-gcc/4.8.3-2014q1/bin/../lib/gcc/arm-none-eabi/4.8.3/armv7-m\libgcc.a(_arm_cmpsf2.o)
                0x00085ed0                __gesf2
                0x00085ed0                __gtsf2
                0x00085ed8                __lesf2
                0x00085ed8                __ltsf2
                0x00085ee0                __nesf2
                0x00085ee0                __eqsf2
                0x00085ee0                __cmpsf2
                0x00085f40                __aeabi_cfrcmple
                0x00085f48                __aeabi_cfcmpeq
                0x00085f48                __aeabi_cfcmple
                0x00085f58                __aeabi_fcmpeq
                0x00085f6c                __aeabi_fcmplt
                0x00085f80                __aeabi_fcmple
                0x00085f94                __aeabi_fcmpge
                0x00085fa8                __aeabi_fcmpgt
 .text.atof     0x00085fbc        0x8 d:/arduino/ide/portable/packages/arduino/tools/arm-none-eabi-gcc/4.8.3-2014q1/bin/../lib/gcc/arm-none-eabi/4.8.3/../../../../arm-none-eabi/lib/armv7-m\libg.a(lib_a-atof.o)
                0x00085fbc                atof
 .text.__libc_init_array
                0x00085fc4       0x50 d:/arduino/ide/portable/packages/arduino/tools/arm-none-eabi-gcc/4.8.3-2014q1/bin/../lib/gcc/arm-none-eabi/4.8.3/../../../../arm-none-eabi/lib/armv7-m\libg.a(lib_a-init.o)
                0x00085fc4                __libc_init_array
 .text.iprintf  0x00086014       0x28 d:/arduino/ide/portable/packages/arduino/tools/arm-none-eabi-gcc/4.8.3-2014q1/bin/../lib/gcc/arm-none-eabi/4.8.3/../../../../arm-none-eabi/lib/armv7-m\libg.a(lib_a-iprintf.o)
                0x00086014                iprintf
 .text.malloc   0x0008603c       0x10 d:/arduino/ide/portable/packages/arduino/tools/arm-none-eabi-gcc/4.8.3-2014q1/bin/../lib/gcc/arm-none-eabi/4.8.3/../../../../arm-none-eabi/lib/armv7-m\libg.a(lib_a-malloc.o)
                0x0008603c                malloc
 .text.free     0x0008604c       0x10 d:/arduino/ide/portable/packages/arduino/tools/arm-none-eabi-gcc/4.8.3-2014q1/bin/../lib/gcc/arm-none-eabi/4.8.3/../../../../arm-none-eabi/lib/armv7-m\libg.a(lib_a-malloc.o)
                0x0008604c                free
 .text._malloc_r
                0x0008605c      0x538 d:/arduino/ide/portable/packages/arduino/tools/arm-none-eabi-gcc/4.8.3-2014q1/bin/../lib/gcc/arm-none-eabi/4.8.3/../../../../arm-none-eabi/lib/armv7-m\libg.a(lib_a-mallocr.o)
                0x0008605c                _malloc_r
 .text          0x00086594       0xec d:/arduino/ide/portable/packages/arduino/tools/arm-none-eabi-gcc/4.8.3-2014q1/bin/../lib/gcc/arm-none-eabi/4.8.3/../../../../arm-none-eabi/lib/armv7-m\libg.a(lib_a-memcpy.o)
                0x00086594                memcpy
 .text.memmove  0x00086680       0xcc d:/arduino/ide/portable/packages/arduino/tools/arm-none-eabi-gcc/4.8.3-2014q1/bin/../lib/gcc/arm-none-eabi/4.8.3/../../../../arm-none-eabi/lib/armv7-m\libg.a(lib_a-memmove.o)
                0x00086680                memmove
 .text.memset   0x0008674c       0x94 d:/arduino/ide/portable/packages/arduino/tools/arm-none-eabi-gcc/4.8.3-2014q1/bin/../lib/gcc/arm-none-eabi/4.8.3/../../../../arm-none-eabi/lib/armv7-m\libg.a(lib_a-memset.o)
                0x0008674c                memset
 .text.__malloc_lock
                0x000867e0        0x4 d:/arduino/ide/portable/packages/arduino/tools/arm-none-eabi-gcc/4.8.3-2014q1/bin/../lib/gcc/arm-none-eabi/4.8.3/../../../../arm-none-eabi/lib/armv7-m\libg.a(lib_a-mlock.o)
                0x000867e0                __malloc_lock
 .text.__malloc_unlock
                0x000867e4        0x4 d:/arduino/ide/portable/packages/arduino/tools/arm-none-eabi-gcc/4.8.3-2014q1/bin/../lib/gcc/arm-none-eabi/4.8.3/../../../../arm-none-eabi/lib/armv7-m\libg.a(lib_a-mlock.o)
                0x000867e4                __malloc_unlock
 .text.rand     0x000867e8       0x40 d:/arduino/ide/portable/packages/arduino/tools/arm-none-eabi-gcc/4.8.3-2014q1/bin/../lib/gcc/arm-none-eabi/4.8.3/../../../../arm-none-eabi/lib/armv7-m\libg.a(lib_a-rand.o)
                0x000867e8                rand
 .text.realloc  0x00086828       0x10 d:/arduino/ide/portable/packages/arduino/tools/arm-none-eabi-gcc/4.8.3-2014q1/bin/../lib/gcc/arm-none-eabi/4.8.3/../../../../arm-none-eabi/lib/armv7-m\libg.a(lib_a-realloc.o)
                0x00086828                realloc
 .text._realloc_r
                0x00086838      0x3c0 d:/arduino/ide/portable/packages/arduino/tools/arm-none-eabi-gcc/4.8.3-2014q1/bin/../lib/gcc/arm-none-eabi/4.8.3/../../../../arm-none-eabi/lib/armv7-m\libg.a(lib_a-reallocr.o)
                0x00086838                _realloc_r
 .text._sbrk_r  0x00086bf8       0x24 d:/arduino/ide/portable/packages/arduino/tools/arm-none-eabi-gcc/4.8.3-2014q1/bin/../lib/gcc/arm-none-eabi/4.8.3/../../../../arm-none-eabi/lib/armv7-m\libg.a(lib_a-sbrkr.o)
                0x00086bf8                _sbrk_r
 .text.strcpy   0x00086c1c       0xbc d:/arduino/ide/portable/packages/arduino/tools/arm-none-eabi-gcc/4.8.3-2014q1/bin/../lib/gcc/arm-none-eabi/4.8.3/../../../../arm-none-eabi/lib/armv7-m\libg.a(lib_a-strcpy.o)
                0x00086c1c                strcpy
 .text.strlen   0x00086cd8       0x60 d:/arduino/ide/portable/packages/arduino/tools/arm-none-eabi-gcc/4.8.3-2014q1/bin/../lib/gcc/arm-none-eabi/4.8.3/../../../../arm-none-eabi/lib/armv7-m\libg.a(lib_a-strlen.o)
                0x00086cd8                strlen
 .text.strncmp  0x00086d38       0xb4 d:/arduino/ide/portable/packages/arduino/tools/arm-none-eabi-gcc/4.8.3-2014q1/bin/../lib/gcc/arm-none-eabi/4.8.3/../../../../arm-none-eabi/lib/armv7-m\libg.a(lib_a-strncmp.o)
                0x00086d38                strncmp
 .text.sulp     0x00086dec       0x40 d:/arduino/ide/portable/packages/arduino/tools/arm-none-eabi-gcc/4.8.3-2014q1/bin/../lib/gcc/arm-none-eabi/4.8.3/../../../../arm-none-eabi/lib/armv7-m\libg.a(lib_a-strtod.o)
 *fill*         0x00086e2c        0x4 
 .text._strtod_r
                0x00086e30      0xf38 d:/arduino/ide/portable/packages/arduino/tools/arm-none-eabi-gcc/4.8.3-2014q1/bin/../lib/gcc/arm-none-eabi/4.8.3/../../../../arm-none-eabi/lib/armv7-m\libg.a(lib_a-strtod.o)
                0x00086e30                _strtod_r
 .text.strtod   0x00087d68       0x10 d:/arduino/ide/portable/packages/arduino/tools/arm-none-eabi-gcc/4.8.3-2014q1/bin/../lib/gcc/arm-none-eabi/4.8.3/../../../../arm-none-eabi/lib/armv7-m\libg.a(lib_a-strtod.o)
                0x00087d68                strtod
 .text.kill     0x00087d78       0x10 d:/arduino/ide/portable/packages/arduino/tools/arm-none-eabi-gcc/4.8.3-2014q1/bin/../lib/gcc/arm-none-eabi/4.8.3/../../../../arm-none-eabi/lib/armv7-m\libg.a(lib_a-syskill.o)
                0x00087d78                kill
 .text.__sprint_r.part.0
                0x00087d88       0x78 d:/arduino/ide/portable/packages/arduino/tools/arm-none-eabi-gcc/4.8.3-2014q1/bin/../lib/gcc/arm-none-eabi/4.8.3/../../../../arm-none-eabi/lib/armv7-m\libg.a(lib_a-vfiprintf.o)
 .text._vfiprintf_r
                0x00087e00      0xc54 d:/arduino/ide/portable/packages/arduino/tools/arm-none-eabi-gcc/4.8.3-2014q1/bin/../lib/gcc/arm-none-eabi/4.8.3/../../../../arm-none-eabi/lib/armv7-m\libg.a(lib_a-vfiprintf.o)
                0x00087e00                _vfiprintf_r
 .text.__sbprintf
                0x00088a54       0x7c d:/arduino/ide/portable/packages/arduino/tools/arm-none-eabi-gcc/4.8.3-2014q1/bin/../lib/gcc/arm-none-eabi/4.8.3/../../../../arm-none-eabi/lib/armv7-m\libg.a(lib_a-vfiprintf.o)
 .text.__swsetup_r
                0x00088ad0       0xc4 d:/arduino/ide/portable/packages/arduino/tools/arm-none-eabi-gcc/4.8.3-2014q1/bin/../lib/gcc/arm-none-eabi/4.8.3/../../../../arm-none-eabi/lib/armv7-m\libg.a(lib_a-wsetup.o)
                0x00088ad0                __swsetup_r
 .text.startup.register_fini
                0x00088b94       0x14 d:/arduino/ide/portable/packages/arduino/tools/arm-none-eabi-gcc/4.8.3-2014q1/bin/../lib/gcc/arm-none-eabi/4.8.3/../../../../arm-none-eabi/lib/armv7-m\libg.a(lib_a-__call_atexit.o)
 .text.atexit   0x00088ba8        0xc d:/arduino/ide/portable/packages/arduino/tools/arm-none-eabi-gcc/4.8.3-2014q1/bin/../lib/gcc/arm-none-eabi/4.8.3/../../../../arm-none-eabi/lib/armv7-m\libg.a(lib_a-atexit.o)
                0x00088ba8                atexit
 .text.__sflush_r